Component: ARM Compiler 5.06 update 6 (build 750) Tool: armlink [4d35ed]

==============================================================================

Section Cross References

    startup_stm32h743xx.o(STACK) refers (Special) to heapauxi.o(.text) for __use_two_region_memory
    startup_stm32h743xx.o(HEAP) refers (Special) to heapauxi.o(.text) for __use_two_region_memory
    startup_stm32h743xx.o(RESET) refers (Special) to heapauxi.o(.text) for __use_two_region_memory
    startup_stm32h743xx.o(RESET) refers to startup_stm32h743xx.o(STACK) for __initial_sp
    startup_stm32h743xx.o(RESET) refers to startup_stm32h743xx.o(.text) for Reset_Handler
    startup_stm32h743xx.o(RESET) refers to stm32h7xx_it.o(i.NMI_Handler) for NMI_Handler
    startup_stm32h743xx.o(RESET) refers to stm32h7xx_it.o(i.HardFault_Handler) for HardFault_Handler
    startup_stm32h743xx.o(RESET) refers to stm32h7xx_it.o(i.MemManage_Handler) for MemManage_Handler
    startup_stm32h743xx.o(RESET) refers to stm32h7xx_it.o(i.BusFault_Handler) for BusFault_Handler
    startup_stm32h743xx.o(RESET) refers to stm32h7xx_it.o(i.UsageFault_Handler) for UsageFault_Handler
    startup_stm32h743xx.o(RESET) refers to stm32h7xx_it.o(i.SVC_Handler) for SVC_Handler
    startup_stm32h743xx.o(RESET) refers to stm32h7xx_it.o(i.DebugMon_Handler) for DebugMon_Handler
    startup_stm32h743xx.o(RESET) refers to stm32h7xx_it.o(i.PendSV_Handler) for PendSV_Handler
    startup_stm32h743xx.o(RESET) refers to stm32h7xx_it.o(i.SysTick_Handler) for SysTick_Handler
    startup_stm32h743xx.o(RESET) refers to stm32h7xx_it.o(i.DMA1_Stream0_IRQHandler) for DMA1_Stream0_IRQHandler
    startup_stm32h743xx.o(RESET) refers to stm32h7xx_it.o(i.DMA1_Stream1_IRQHandler) for DMA1_Stream1_IRQHandler
    startup_stm32h743xx.o(RESET) refers to stm32h7xx_it.o(i.DMA1_Stream2_IRQHandler) for DMA1_Stream2_IRQHandler
    startup_stm32h743xx.o(RESET) refers to stm32h7xx_it.o(i.DMA1_Stream3_IRQHandler) for DMA1_Stream3_IRQHandler
    startup_stm32h743xx.o(RESET) refers to stm32h7xx_it.o(i.DMA1_Stream4_IRQHandler) for DMA1_Stream4_IRQHandler
    startup_stm32h743xx.o(RESET) refers to stm32h7xx_it.o(i.DMA1_Stream5_IRQHandler) for DMA1_Stream5_IRQHandler
    startup_stm32h743xx.o(RESET) refers to stm32h7xx_it.o(i.ADC_IRQHandler) for ADC_IRQHandler
    startup_stm32h743xx.o(RESET) refers to stm32h7xx_it.o(i.SPI1_IRQHandler) for SPI1_IRQHandler
    startup_stm32h743xx.o(RESET) refers to stm32h7xx_it.o(i.SPI2_IRQHandler) for SPI2_IRQHandler
    startup_stm32h743xx.o(RESET) refers to stm32h7xx_it.o(i.USART3_IRQHandler) for USART3_IRQHandler
    startup_stm32h743xx.o(RESET) refers to stm32h7xx_it.o(i.TIM5_IRQHandler) for TIM5_IRQHandler
    startup_stm32h743xx.o(RESET) refers to stm32h7xx_it.o(i.DMA2_Stream0_IRQHandler) for DMA2_Stream0_IRQHandler
    startup_stm32h743xx.o(RESET) refers to stm32h7xx_it.o(i.DMA2_Stream1_IRQHandler) for DMA2_Stream1_IRQHandler
    startup_stm32h743xx.o(.text) refers (Special) to heapauxi.o(.text) for __use_two_region_memory
    startup_stm32h743xx.o(.text) refers to system_stm32h7xx.o(i.SystemInit) for SystemInit
    startup_stm32h743xx.o(.text) refers to __main.o(!!!main) for __main
    startup_stm32h743xx.o(.text) refers to startup_stm32h743xx.o(HEAP) for Heap_Mem
    startup_stm32h743xx.o(.text) refers to startup_stm32h743xx.o(STACK) for Stack_Mem
    nrf24l01.o(i.NRF24L01_RX_Check) refers to nrf24l01.o(i.NRF24L01_RX_Write_Buf) for NRF24L01_RX_Write_Buf
    nrf24l01.o(i.NRF24L01_RX_Check) refers to nrf24l01.o(i.NRF24L01_RX_Read_Buf) for NRF24L01_RX_Read_Buf
    nrf24l01.o(i.NRF24L01_RX_Init) refers to stm32h7xx_hal_gpio.o(i.HAL_GPIO_WritePin) for HAL_GPIO_WritePin
    nrf24l01.o(i.NRF24L01_RX_Init) refers to spi.o(i.MX_SPI1_Init) for MX_SPI1_Init
    nrf24l01.o(i.NRF24L01_RX_Read_Buf) refers to stm32h7xx_hal_gpio.o(i.HAL_GPIO_WritePin) for HAL_GPIO_WritePin
    nrf24l01.o(i.NRF24L01_RX_Read_Buf) refers to stm32h7xx_hal_spi.o(i.HAL_SPI_Transmit) for HAL_SPI_Transmit
    nrf24l01.o(i.NRF24L01_RX_Read_Buf) refers to stm32h7xx_hal_spi.o(i.HAL_SPI_Receive) for HAL_SPI_Receive
    nrf24l01.o(i.NRF24L01_RX_Read_Buf) refers to spi.o(.bss) for hspi1
    nrf24l01.o(i.NRF24L01_RX_Read_Reg) refers to stm32h7xx_hal_gpio.o(i.HAL_GPIO_WritePin) for HAL_GPIO_WritePin
    nrf24l01.o(i.NRF24L01_RX_Read_Reg) refers to stm32h7xx_hal_spi.o(i.HAL_SPI_TransmitReceive) for HAL_SPI_TransmitReceive
    nrf24l01.o(i.NRF24L01_RX_Read_Reg) refers to stm32h7xx_hal_spi.o(i.HAL_SPI_Receive) for HAL_SPI_Receive
    nrf24l01.o(i.NRF24L01_RX_Read_Reg) refers to spi.o(.bss) for hspi1
    nrf24l01.o(i.NRF24L01_RX_Write_Buf) refers to stm32h7xx_hal_gpio.o(i.HAL_GPIO_WritePin) for HAL_GPIO_WritePin
    nrf24l01.o(i.NRF24L01_RX_Write_Buf) refers to stm32h7xx_hal_spi.o(i.HAL_SPI_TransmitReceive) for HAL_SPI_TransmitReceive
    nrf24l01.o(i.NRF24L01_RX_Write_Buf) refers to stm32h7xx_hal_spi.o(i.HAL_SPI_Transmit) for HAL_SPI_Transmit
    nrf24l01.o(i.NRF24L01_RX_Write_Buf) refers to spi.o(.bss) for hspi1
[...]
    __rt_lib_init_fp_trap_1                  0x08000353   Thumb Code     0  libinit2.o(.ARM.Collect$$libinit$$0000001F)
    __rt_lib_init_getenv_1                   0x08000353   Thumb Code     0  libinit2.o(.ARM.Collect$$libinit$$00000023)
    __rt_lib_init_heap_1                     0x08000353   Thumb Code     0  libinit2.o(.ARM.Collect$$libinit$$0000000A)
    __rt_lib_init_lc_collate_1               0x08000353   Thumb Code     0  libinit2.o(.ARM.Collect$$libinit$$00000011)
    __rt_lib_init_lc_ctype_1                 0x08000353   Thumb Code     0  libinit2.o(.ARM.Collect$$libinit$$00000013)
    __rt_lib_init_lc_monetary_1              0x08000353   Thumb Code     0  libinit2.o(.ARM.Collect$$libinit$$00000015)
    __rt_lib_init_lc_numeric_1               0x08000353   Thumb Code     0  libinit2.o(.ARM.Collect$$libinit$$00000017)
    __rt_lib_init_lc_time_1                  0x08000353   Thumb Code     0  libinit2.o(.ARM.Collect$$libinit$$00000019)
    __rt_lib_init_preinit_1                  0x08000353   Thumb Code     0  libinit2.o(.ARM.Collect$$libinit$$00000004)
    __rt_lib_init_rand_1                     0x08000353   Thumb Code     0  libinit2.o(.ARM.Collect$$libinit$$0000000E)
    __rt_lib_init_return                     0x08000353   Thumb Code     0  libinit2.o(.ARM.Collect$$libinit$$00000033)
    __rt_lib_init_signal_1                   0x08000353   Thumb Code     0  libinit2.o(.ARM.Collect$$libinit$$0000001D)
    __rt_lib_init_stdio_1                    0x08000353   Thumb Code     0  libinit2.o(.ARM.Collect$$libinit$$00000025)
    __rt_lib_init_user_alloc_1               0x08000353   Thumb Code     0  libinit2.o(.ARM.Collect$$libinit$$0000000C)
    __rt_lib_shutdown                        0x08000355   Thumb Code     0  libshutdown.o(.ARM.Collect$$libshutdown$$00000000)
    __rt_lib_shutdown_cpp_1                  0x08000357   Thumb Code     0  libshutdown2.o(.ARM.Collect$$libshutdown$$00000002)
    __rt_lib_shutdown_fp_trap_1              0x08000357   Thumb Code     0  libshutdown2.o(.ARM.Collect$$libshutdown$$00000007)
    __rt_lib_shutdown_heap_1                 0x08000357   Thumb Code     0  libshutdown2.o(.ARM.Collect$$libshutdown$$0000000F)
    __rt_lib_shutdown_return                 0x08000357   Thumb Code     0  libshutdown2.o(.ARM.Collect$$libshutdown$$00000010)
    __rt_lib_shutdown_signal_1               0x08000357   Thumb Code     0  libshutdown2.o(.ARM.Collect$$libshutdown$$0000000A)
    __rt_lib_shutdown_stdio_1                0x08000357   Thumb Code     0  libshutdown2.o(.ARM.Collect$$libshutdown$$00000004)
    __rt_lib_shutdown_user_alloc_1           0x08000357   Thumb Code     0  libshutdown2.o(.ARM.Collect$$libshutdown$$0000000C)
    __rt_entry                               0x08000359   Thumb Code     0  __rtentry.o(.ARM.Collect$$rtentry$$00000000)
    __rt_entry_presh_1                       0x08000359   Thumb Code     0  __rtentry2.o(.ARM.Collect$$rtentry$$00000002)
    __rt_entry_sh                            0x08000359   Thumb Code     0  __rtentry4.o(.ARM.Collect$$rtentry$$00000004)
    __rt_entry_li                            0x0800035f   Thumb Code     0  __rtentry2.o(.ARM.Collect$$rtentry$$0000000A)
    __rt_entry_postsh_1                      0x0800035f   Thumb Code     0  __rtentry2.o(.ARM.Collect$$rtentry$$00000009)
    __rt_entry_main                          0x08000363   Thumb Code     0  __rtentry2.o(.ARM.Collect$$rtentry$$0000000D)
    __rt_entry_postli_1                      0x08000363   Thumb Code     0  __rtentry2.o(.ARM.Collect$$rtentry$$0000000C)
    __rt_exit                                0x0800036b   Thumb Code     0  rtexit.o(.ARM.Collect$$rtexit$$00000000)
    __rt_exit_ls                             0x0800036d   Thumb Code     0  rtexit2.o(.ARM.Collect$$rtexit$$00000003)
    __rt_exit_prels_1                        0x0800036d   Thumb Code     0  rtexit2.o(.ARM.Collect$$rtexit$$00000002)
    __rt_exit_exit                           0x08000371   Thumb Code     0  rtexit2.o(.ARM.Collect$$rtexit$$00000004)
    Reset_Handler                            0x08000379   Thumb Code     8  startup_stm32h743xx.o(.text)
    ADC3_IRQHandler                          0x08000393   Thumb Code     0  startup_stm32h743xx.o(.text)
    BDMA_Channel0_IRQHandler                 0x08000393   Thumb Code     0  startup_stm32h743xx.o(.text)
    BDMA_Channel1_IRQHandler                 0x08000393   Thumb Code     0  startup_stm32h743xx.o(.text)
    BDMA_Channel2_IRQHandler                 0x08000393   Thumb Code     0  startup_stm32h743xx.o(.text)
    BDMA_Channel3_IRQHandler                 0x08000393   Thumb Code     0  startup_stm32h743xx.o(.text)
    BDMA_Channel4_IRQHandler                 0x08000393   Thumb Code     0  startup_stm32h743xx.o(.text)
    BDMA_Channel5_IRQHandler                 0x08000393   Thumb Code     0  startup_stm32h743xx.o(.text)
    BDMA_Channel6_IRQHandler                 0x08000393   Thumb Code     0  startup_stm32h743xx.o(.text)
    BDMA_Channel7_IRQHandler                 0x08000393   Thumb Code     0  startup_stm32h743xx.o(.text)
    CEC_IRQHandler                           0x08000393   Thumb Code     0  startup_stm32h743xx.o(.text)
    COMP1_IRQHandler                         0x08000393   Thumb Code     0  startup_stm32h743xx.o(.text)
    CRS_IRQHandler                           0x08000393   Thumb Code     0  startup_stm32h743xx.o(.text)
    DCMI_IRQHandler                          0x08000393   Thumb Code     0  startup_stm32h743xx.o(.text)
    DFSDM1_FLT0_IRQHandler                   0x08000393   Thumb Code     0  startup_stm32h743xx.o(.text)
    DFSDM1_FLT1_IRQHandler                   0x08000393   Thumb Code     0  startup_stm32h743xx.o(.text)
    DFSDM1_FLT2_IRQHandler                   0x08000393   Thumb Code     0  startup_stm32h743xx.o(.text)
    DFSDM1_FLT3_IRQHandler                   0x08000393   Thumb Code     0  startup_stm32h743xx.o(.text)
    DMA1_Stream6_IRQHandler                  0x08000393   Thumb Code     0  startup_stm32h743xx.o(.text)
    DMA1_Stream7_IRQHandler                  0x08000393   Thumb Code     0  startup_stm32h743xx.o(.text)
    DMA2D_IRQHandler                         0x08000393   Thumb Code     0  startup_stm32h743xx.o(.text)
    DMA2_Stream2_IRQHandler                  0x08000393   Thumb Code     0  startup_stm32h743xx.o(.text)
    DMA2_Stream3_IRQHandler                  0x08000393   Thumb Code     0  startup_stm32h743xx.o(.text)
    DMA2_Stream4_IRQHandler                  0x08000393   Thumb Code     0  startup_stm32h743xx.o(.text)
    DMA2_Stream5_IRQHandler                  0x08000393   Thumb Code     0  startup_stm32h743xx.o(.text)
    DMA2_Stream6_IRQHandler                  0x08000393   Thumb Code     0  startup_stm32h743xx.o(.text)
    DMA2_Stream7_IRQHandler                  0x08000393   Thumb Code     0  startup_stm32h743xx.o(.text)
    DMAMUX1_OVR_IRQHandler                   0x08000393   Thumb Code     0  startup_stm32h743xx.o(.text)
    DMAMUX2_OVR_IRQHandler                   0x08000393   Thumb Code     0  startup_stm32h743xx.o(.text)
    ETH_IRQHandler                           0x08000393   Thumb Code     0  startup_stm32h743xx.o(.text)
    ETH_WKUP_IRQHandler                      0x08000393   Thumb Code     0  startup_stm32h743xx.o(.text)
    EXTI0_IRQHandler                         0x08000393   Thumb Code     0  startup_stm32h743xx.o(.text)
    EXTI15_10_IRQHandler                     0x08000393   Thumb Code     0  startup_stm32h743xx.o(.text)
    EXTI1_IRQHandler                         0x08000393   Thumb Code     0  startup_stm32h743xx.o(.text)
    EXTI2_IRQHandler                         0x08000393   Thumb Code     0  startup_stm32h743xx.o(.text)
    EXTI3_IRQHandler                         0x08000393   Thumb Code     0  startup_stm32h743xx.o(.text)
    EXTI4_IRQHandler                         0x08000393   Thumb Code     0  startup_stm32h743xx.o(.text)
    EXTI9_5_IRQHandler                       0x08000393   Thumb Code     0  startup_stm32h743xx.o(.text)
    FDCAN1_IT0_IRQHandler                    0x08000393   Thumb Code     0  startup_stm32h743xx.o(.text)
    FDCAN1_IT1_IRQHandler                    0x08000393   Thumb Code     0  startup_stm32h743xx.o(.text)
    FDCAN2_IT0_IRQHandler                    0x08000393   Thumb Code     0  startup_stm32h743xx.o(.text)
    FDCAN2_IT1_IRQHandler                    0x08000393   Thumb Code     0  startup_stm32h743xx.o(.text)
    FDCAN_CAL_IRQHandler                     0x08000393   Thumb Code     0  startup_stm32h743xx.o(.text)
    FLASH_IRQHandler                         0x08000393   Thumb Code     0  startup_stm32h743xx.o(.text)
    FMC_IRQHandler                           0x08000393   Thumb Code     0  startup_stm32h743xx.o(.text)
    FPU_IRQHandler                           0x08000393   Thumb Code     0  startup_stm32h743xx.o(.text)
    HRTIM1_FLT_IRQHandler                    0x08000393   Thumb Code     0  startup_stm32h743xx.o(.text)
    HRTIM1_Master_IRQHandler                 0x08000393   Thumb Code     0  startup_stm32h743xx.o(.text)
    HRTIM1_TIMA_IRQHandler                   0x08000393   Thumb Code     0  startup_stm32h743xx.o(.text)
    HRTIM1_TIMB_IRQHandler                   0x08000393   Thumb Code     0  startup_stm32h743xx.o(.text)
    HRTIM1_TIMC_IRQHandler                   0x08000393   Thumb Code     0  startup_stm32h743xx.o(.text)
    HRTIM1_TIMD_IRQHandler                   0x08000393   Thumb Code     0  startup_stm32h743xx.o(.text)
    HRTIM1_TIME_IRQHandler                   0x08000393   Thumb Code     0  startup_stm32h743xx.o(.text)
    HSEM1_IRQHandler                         0x08000393   Thumb Code     0  startup_stm32h743xx.o(.text)
    I2C1_ER_IRQHandler                       0x08000393   Thumb Code     0  startup_stm32h743xx.o(.text)
    I2C1_EV_IRQHandler                       0x08000393   Thumb Code     0  startup_stm32h743xx.o(.text)
    I2C2_ER_IRQHandler                       0x08000393   Thumb Code     0  startup_stm32h743xx.o(.text)
    I2C2_EV_IRQHandler                       0x08000393   Thumb Code     0  startup_stm32h743xx.o(.text)
    I2C3_ER_IRQHandler                       0x08000393   Thumb Code     0  startup_stm32h743xx.o(.text)
    I2C3_EV_IRQHandler                       0x08000393   Thumb Code     0  startup_stm32h743xx.o(.text)
    I2C4_ER_IRQHandler                       0x08000393   Thumb Code     0  startup_stm32h743xx.o(.text)
    I2C4_EV_IRQHandler                       0x08000393   Thumb Code     0  startup_stm32h743xx.o(.text)
    JPEG_IRQHandler                          0x08000393   Thumb Code     0  startup_stm32h743xx.o(.text)
    LPTIM1_IRQHandler                        0x08000393   Thumb Code     0  startup_stm32h743xx.o(.text)
    LPTIM2_IRQHandler                        0x08000393   Thumb Code     0  startup_stm32h743xx.o(.text)
    LPTIM3_IRQHandler                        0x08000393   Thumb Code     0  startup_stm32h743xx.o(.text)
    LPTIM4_IRQHandler                        0x08000393   Thumb Code     0  startup_stm32h743xx.o(.text)
    LPTIM5_IRQHandler                        0x08000393   Thumb Code     0  startup_stm32h743xx.o(.text)
    LPUART1_IRQHandler                       0x08000393   Thumb Code     0  startup_stm32h743xx.o(.text)
    LTDC_ER_IRQHandler                       0x08000393   Thumb Code     0  startup_stm32h743xx.o(.text)
    LTDC_IRQHandler                          0x08000393   Thumb Code     0  startup_stm32h743xx.o(.text)
    MDIOS_IRQHandler                         0x08000393   Thumb Code     0  startup_stm32h743xx.o(.text)
    MDIOS_WKUP_IRQHandler                    0x08000393   Thumb Code     0  startup_stm32h743xx.o(.text)
    MDMA_IRQHandler                          0x08000393   Thumb Code     0  startup_stm32h743xx.o(.text)
    OTG_FS_EP1_IN_IRQHandler                 0x08000393   Thumb Code     0  startup_stm32h743xx.o(.text)
    OTG_FS_EP1_OUT_IRQHandler                0x08000393   Thumb Code     0  startup_stm32h743xx.o(.text)
    OTG_FS_IRQHandler                        0x08000393   Thumb Code     0  startup_stm32h743xx.o(.text)
    OTG_FS_WKUP_IRQHandler                   0x08000393   Thumb Code     0  startup_stm32h743xx.o(.text)
    OTG_HS_EP1_IN_IRQHandler                 0x08000393   Thumb Code     0  startup_stm32h743xx.o(.text)
    OTG_HS_EP1_OUT_IRQHandler                0x08000393   Thumb Code     0  startup_stm32h743xx.o(.text)
    OTG_HS_IRQHandler                        0x08000393   Thumb Code     0  startup_stm32h743xx.o(.text)
    OTG_HS_WKUP_IRQHandler                   0x08000393   Thumb Code     0  startup_stm32h743xx.o(.text)
    PVD_AVD_IRQHandler                       0x08000393   Thumb Code     0  startup_stm32h743xx.o(.text)
    QUADSPI_IRQHandler                       0x08000393   Thumb Code     0  startup_stm32h743xx.o(.text)
    RCC_IRQHandler                           0x08000393   Thumb Code     0  startup_stm32h743xx.o(.text)
    RNG_IRQHandler                           0x08000393   Thumb Code     0  startup_stm32h743xx.o(.text)
    RTC_Alarm_IRQHandler                     0x08000393   Thumb Code     0  startup_stm32h743xx.o(.text)
    RTC_WKUP_IRQHandler                      0x08000393   Thumb Code     0  startup_stm32h743xx.o(.text)
    SAI1_IRQHandler                          0x08000393   Thumb Code     0  startup_stm32h743xx.o(.text)
    SAI2_IRQHandler                          0x08000393   Thumb Code     0  startup_stm32h743xx.o(.text)
    SAI3_IRQHandler                          0x08000393   Thumb Code     0  startup_stm32h743xx.o(.text)
    SAI4_IRQHandler                          0x08000393   Thumb Code     0  startup_stm32h743xx.o(.text)
    SDMMC1_IRQHandler                        0x08000393   Thumb Code     0  startup_stm32h743xx.o(.text)
    SDMMC2_IRQHandler                        0x08000393   Thumb Code     0  startup_stm32h743xx.o(.text)
    SPDIF_RX_IRQHandler                      0x08000393   Thumb Code     0  startup_stm32h743xx.o(.text)
    SPI3_IRQHandler                          0x08000393   Thumb Code     0  startup_stm32h743xx.o(.text)
    SPI4_IRQHandler                          0x08000393   Thumb Code     0  startup_stm32h743xx.o(.text)
    SPI5_IRQHandler                          0x08000393   Thumb Code     0  startup_stm32h743xx.o(.text)
    SPI6_IRQHandler                          0x08000393   Thumb Code     0  startup_stm32h743xx.o(.text)
    SWPMI1_IRQHandler                        0x08000393   Thumb Code     0  startup_stm32h743xx.o(.text)
    TAMP_STAMP_IRQHandler                    0x08000393   Thumb Code     0  startup_stm32h743xx.o(.text)
    TIM15_IRQHandler                         0x08000393   Thumb Code     0  startup_stm32h743xx.o(.text)
    TIM16_IRQHandler                         0x08000393   Thumb Code     0  startup_stm32h743xx.o(.text)
    TIM17_IRQHandler                         0x08000393   Thumb Code     0  startup_stm32h743xx.o(.text)
    TIM1_BRK_IRQHandler                      0x08000393   Thumb Code     0  startup_stm32h743xx.o(.text)
    TIM1_CC_IRQHandler                       0x08000393   Thumb Code     0  startup_stm32h743xx.o(.text)
    TIM1_TRG_COM_IRQHandler                  0x08000393   Thumb Code     0  startup_stm32h743xx.o(.text)
    TIM1_UP_IRQHandler                       0x08000393   Thumb Code     0  startup_stm32h743xx.o(.text)
    TIM2_IRQHandler                          0x08000393   Thumb Code     0  startup_stm32h743xx.o(.text)
    TIM3_IRQHandler                          0x08000393   Thumb Code     0  startup_stm32h743xx.o(.text)
    TIM4_IRQHandler                          0x08000393   Thumb Code     0  startup_stm32h743xx.o(.text)
    TIM6_DAC_IRQHandler                      0x08000393   Thumb Code     0  startup_stm32h743xx.o(.text)
    TIM7_IRQHandler                          0x08000393   Thumb Code     0  startup_stm32h743xx.o(.text)
    TIM8_BRK_TIM12_IRQHandler                0x08000393   Thumb Code     0  startup_stm32h743xx.o(.text)
    TIM8_CC_IRQHandler                       0x08000393   Thumb Code     0  startup_stm32h743xx.o(.text)
    TIM8_TRG_COM_TIM14_IRQHandler            0x08000393   Thumb Code     0  startup_stm32h743xx.o(.text)
    TIM8_UP_TIM13_IRQHandler                 0x08000393   Thumb Code     0  startup_stm32h743xx.o(.text)
    UART4_IRQHandler                         0x08000393   Thumb Code     0  startup_stm32h743xx.o(.text)
    UART5_IRQHandler                         0x08000393   Thumb Code     0  startup_stm32h743xx.o(.text)
    UART7_IRQHandler                         0x08000393   Thumb Code     0  startup_stm32h743xx.o(.text)
    UART8_IRQHandler                         0x08000393   Thumb Code     0  startup_stm32h743xx.o(.text)
    USART1_IRQHandler                        0x08000393   Thumb Code     0  startup_stm32h743xx.o(.text)
    USART2_IRQHandler                        0x08000393   Thumb Code     0  startup_stm32h743xx.o(.text)
    USART6_IRQHandler                        0x08000393   Thumb Code     0  startup_stm32h743xx.o(.text)
    WAKEUP_PIN_IRQHandler                    0x08000393   Thumb Code     0  startup_stm32h743xx.o(.text)
    WWDG_IRQHandler                          0x08000393   Thumb Code     0  startup_stm32h743xx.o(.text)
    __user_initial_stackheap                 0x08000395   Thumb Code     0  startup_stm32h743xx.o(.text)
    __aeabi_uldivmod                         0x080003b9   Thumb Code     0  lludivv7m.o(.text)
    _ll_udiv                                 0x080003b9   Thumb Code   238  lludivv7m.o(.text)
    __aeabi_memclr                           0x080004a7   Thumb Code     0  rt_memclr.o(.text)
    __rt_memclr                              0x080004a7   Thumb Code    68  rt_memclr.o(.text)
    _memset                                  0x080004ab   Thumb Code     0  rt_memclr.o(.text)
    __aeabi_memclr4                          0x080004eb   Thumb Code     0  rt_memclr_w.o(.text)
    __aeabi_memclr8                          0x080004eb   Thumb Code     0  rt_memclr_w.o(.text)
    __rt_memclr_w                            0x080004eb   Thumb Code    78  rt_memclr_w.o(.text)
    _memset_w                                0x080004ef   Thumb Code     0  rt_memclr_w.o(.text)
    __use_two_region_memory                  0x08000539   Thumb Code     2  heapauxi.o(.text)
    __rt_heap_escrow$2region                 0x0800053b   Thumb Code     2  heapauxi.o(.text)
    __rt_heap_expand$2region                 0x0800053d   Thumb Code     2  heapauxi.o(.text)
    __read_errno                             0x0800053f   Thumb Code    10  _rserrno.o(.text)
    __set_errno                              0x08000549   Thumb Code    12  _rserrno.o(.text)
    __aeabi_errno_addr                       0x08000555   Thumb Code     8  rt_errno_addr_intlibspace.o(.text)
    __errno$intlibspace                      0x08000555   Thumb Code     0  rt_errno_addr_intlibspace.o(.text)
    __rt_errno_addr$intlibspace              0x08000555   Thumb Code     0  rt_errno_addr_intlibspace.o(.text)
    __user_libspace                          0x0800055d   Thumb Code     8  libspace.o(.text)
    __user_perproc_libspace                  0x0800055d   Thumb Code     0  libspace.o(.text)
    __user_perthread_libspace                0x0800055d   Thumb Code     0  libspace.o(.text)
    __user_setup_stackheap                   0x08000565   Thumb Code    74  sys_stackheap_outer.o(.text)
    exit                                     0x080005af   Thumb Code    18  exit.o(.text)
    _sys_exit                                0x080005c1   Thumb Code     8  sys_exit.o(.text)
    __I$use$semihosting                      0x080005cd   Thumb Code     0  use_no_semi.o(.text)
    __use_no_semihosting_swi                 0x080005cd   Thumb Code     2  use_no_semi.o(.text)
    __semihosting_library_function           0x080005cf   Thumb Code     0  indicate_semi.o(.text)
    ADC_ConfigureBoostMode                   0x080005d1   Thumb Code   244  stm32h7xx_hal_adc.o(i.ADC_ConfigureBoostMode)
    ADC_DMAConvCplt                          0x080006e1   Thumb Code   104  stm32h7xx_hal_adc.o(i.ADC_DMAConvCplt)
    ADC_DMAError                             0x08000749   Thumb Code    26  stm32h7xx_hal_adc.o(i.ADC_DMAError)
    ADC_DMAHalfConvCplt                      0x08000763   Thumb Code    10  stm32h7xx_hal_adc.o(i.ADC_DMAHalfConvCplt)
    ADC_Enable                               0x0800076d   Thumb Code   146  stm32h7xx_hal_adc.o(i.ADC_Enable)
    ADC_IRQHandler                           0x08000815   Thumb Code     6  stm32h7xx_it.o(i.ADC_IRQHandler)
    BusFault_Handler                         0x08000821   Thumb Code     2  stm32h7xx_it.o(i.BusFault_Handler)
    DMA1_Stream0_IRQHandler                  0x08000825   Thumb Code     6  stm32h7xx_it.o(i.DMA1_Stream0_IRQHandler)
    DMA1_Stream1_IRQHandler                  0x08000831   Thumb Code     6  stm32h7xx_it.o(i.DMA1_Stream1_IRQHandler)
    DMA1_Stream2_IRQHandler                  0x0800083d   Thumb Code     6  stm32h7xx_it.o(i.DMA1_Stream2_IRQHandler)
    DMA1_Stream3_IRQHandler                  0x08000849   Thumb Code     6  stm32h7xx_it.o(i.DMA1_Stream3_IRQHandler)
    DMA1_Stream4_IRQHandler                  0x08000855   Thumb Code     6  stm32h7xx_it.o(i.DMA1_Stream4_IRQHandler)
    DMA1_Stream5_IRQHandler                  0x08000861   Thumb Code     6  stm32h7xx_it.o(i.DMA1_Stream5_IRQHandler)
    DMA2_Stream0_IRQHandler                  0x0800086d   Thumb Code     6  stm32h7xx_it.o(i.DMA2_Stream0_IRQHandler)
    DMA2_Stream1_IRQHandler                  0x08000879   Thumb Code     6  stm32h7xx_it.o(i.DMA2_Stream1_IRQHandler)
    DebugMon_Handler                         0x08000bd1   Thumb Code     2  stm32h7xx_it.o(i.DebugMon_Handler)
    Error_Handler                            0x08000bd3   Thumb Code     2  main.o(i.Error_Handler)
    HAL_ADCEx_EndOfSamplingCallback          0x08000bd5   Thumb Code     2  stm32h7xx_hal_adc_ex.o(i.HAL_ADCEx_EndOfSamplingCallback)
    HAL_ADCEx_InjectedConvCpltCallback       0x08000bd7   Thumb Code     2  stm32h7xx_hal_adc_ex.o(i.HAL_ADCEx_InjectedConvCpltCallback)
    HAL_ADCEx_InjectedQueueOverflowCallback  0x08000bd9   Thumb Code     2  stm32h7xx_hal_adc_ex.o(i.HAL_ADCEx_InjectedQueueOverflowCallback)
    HAL_ADCEx_LevelOutOfWindow2Callback      0x08000bdb   Thumb Code     2  stm32h7xx_hal_adc_ex.o(i.HAL_ADCEx_LevelOutOfWindow2Callback)
    HAL_ADCEx_LevelOutOfWindow3Callback      0x08000bdd   Thumb Code     2  stm32h7xx_hal_adc_ex.o(i.HAL_ADCEx_LevelOutOfWindow3Callback)
    HAL_ADCEx_MultiModeConfigChannel         0x08000be1   Thumb Code   258  stm32h7xx_hal_adc_ex.o(i.HAL_ADCEx_MultiModeConfigChannel)
    HAL_ADC_ConfigChannel                    0x08000cf9   Thumb Code   896  stm32h7xx_hal_adc.o(i.HAL_ADC_ConfigChannel)
    HAL_ADC_ConvCpltCallback                 0x080010b1   Thumb Code     2  stm32h7xx_hal_adc.o(i.HAL_ADC_ConvCpltCallback)
    HAL_ADC_ConvHalfCpltCallback             0x080010b3   Thumb Code     2  stm32h7xx_hal_adc.o(i.HAL_ADC_ConvHalfCpltCallback)
    HAL_ADC_ErrorCallback                    0x080010b5   Thumb Code     2  stm32h7xx_hal_adc.o(i.HAL_ADC_ErrorCallback)
    HAL_ADC_IRQHandler                       0x080010b9   Thumb Code   640  stm32h7xx_hal_adc.o(i.HAL_ADC_IRQHandler)
    HAL_ADC_Init                             0x08001349   Thumb Code   490  stm32h7xx_hal_adc.o(i.HAL_ADC_Init)
    HAL_ADC_LevelOutOfWindowCallback         0x08001565   Thumb Code     2  stm32h7xx_hal_adc.o(i.HAL_ADC_LevelOutOfWindowCallback)
    HAL_ADC_MspInit                          0x08001569   Thumb Code   182  adc.o(i.HAL_ADC_MspInit)
    HAL_ADC_Start_DMA                        0x08001639   Thumb Code   214  stm32h7xx_hal_adc.o(i.HAL_ADC_Start_DMA)
    HAL_DMAEx_ConfigMuxSync                  0x08001731   Thumb Code   208  stm32h7xx_hal_dma_ex.o(i.HAL_DMAEx_ConfigMuxSync)
    HAL_DMA_Abort_IT                         0x0800180d   Thumb Code   444  stm32h7xx_hal_dma.o(i.HAL_DMA_Abort_IT)
    HAL_DMA_IRQHandler                       0x080019d1   Thumb Code  1774  stm32h7xx_hal_dma.o(i.HAL_DMA_IRQHandler)
    HAL_DMA_Init                             0x080020cd   Thumb Code   684  stm32h7xx_hal_dma.o(i.HAL_DMA_Init)
    HAL_DMA_Start_IT                         0x0800238d   Thumb Code   522  stm32h7xx_hal_dma.o(i.HAL_DMA_Start_IT)
    HAL_Delay                                0x080025a1   Thumb Code    32  stm32h7xx_hal.o(i.HAL_Delay)
    HAL_GPIO_Init                            0x080025c5   Thumb Code   440  stm32h7xx_hal_gpio.o(i.HAL_GPIO_Init)
    HAL_GPIO_ReadPin                         0x080027ad   Thumb Code    10  stm32h7xx_hal_gpio.o(i.HAL_GPIO_ReadPin)
    HAL_GPIO_TogglePin                       0x080027b7   Thumb Code    14  stm32h7xx_hal_gpio.o(i.HAL_GPIO_TogglePin)
    HAL_GPIO_WritePin                        0x080027c5   Thumb Code    10  stm32h7xx_hal_gpio.o(i.HAL_GPIO_WritePin)
    HAL_GetREVID                             0x080027d1   Thumb Code     8  stm32h7xx_hal.o(i.HAL_GetREVID)
    HAL_GetTick                              0x080027dd   Thumb Code     6  stm32h7xx_hal.o(i.HAL_GetTick)
    HAL_HRTIM_Init                           0x080027e9   Thumb Code   178  stm32h7xx_hal_hrtim.o(i.HAL_HRTIM_Init)
    HAL_HRTIM_MspInit                        0x080028a5   Thumb Code    30  hrtim.o(i.HAL_HRTIM_MspInit)
    HAL_HRTIM_MspPostInit                    0x080028cd   Thumb Code   108  hrtim.o(i.HAL_HRTIM_MspPostInit)
    HAL_HRTIM_TimeBaseConfig                 0x08002949   Thumb Code   122  stm32h7xx_hal_hrtim.o(i.HAL_HRTIM_TimeBaseConfig)
    HAL_HRTIM_WaveformCompareConfig          0x080029c3   Thumb Code   292  stm32h7xx_hal_hrtim.o(i.HAL_HRTIM_WaveformCompareConfig)
    HAL_HRTIM_WaveformCountStart             0x08002ae7   Thumb Code    46  stm32h7xx_hal_hrtim.o(i.HAL_HRTIM_WaveformCountStart)
    HAL_HRTIM_WaveformOutputConfig           0x08002b15   Thumb Code    54  stm32h7xx_hal_hrtim.o(i.HAL_HRTIM_WaveformOutputConfig)
    HAL_HRTIM_WaveformOutputStart            0x08002b4b   Thumb Code    50  stm32h7xx_hal_hrtim.o(i.HAL_HRTIM_WaveformOutputStart)
    HAL_HRTIM_WaveformTimerConfig            0x08002b7d   Thumb Code   186  stm32h7xx_hal_hrtim.o(i.HAL_HRTIM_WaveformTimerConfig)
    HAL_I2CEx_ConfigAnalogFilter             0x08002c37   Thumb Code    86  stm32h7xx_hal_i2c_ex.o(i.HAL_I2CEx_ConfigAnalogFilter)
    HAL_I2CEx_ConfigDigitalFilter            0x08002c8d   Thumb Code    82  stm32h7xx_hal_i2c_ex.o(i.HAL_I2CEx_ConfigDigitalFilter)
    HAL_I2C_Init                             0x08002ce1   Thumb Code   178  stm32h7xx_hal_i2c.o(i.HAL_I2C_Init)
    HAL_I2C_Mem_Read                         0x08002d99   Thumb Code   346  stm32h7xx_hal_i2c.o(i.HAL_I2C_Mem_Read)
    HAL_I2C_MspInit                          0x08002efd   Thumb Code   384  i2c.o(i.HAL_I2C_MspInit)
    HAL_IncTick                              0x080030a1   Thumb Code    12  stm32h7xx_hal.o(i.HAL_IncTick)
    HAL_Init                                 0x080030b1   Thumb Code    72  stm32h7xx_hal.o(i.HAL_Init)
    HAL_InitTick                             0x08003109   Thumb Code    56  stm32h7xx_hal.o(i.HAL_InitTick)
    HAL_MspInit                              0x08003149   Thumb Code    22  stm32h7xx_hal_msp.o(i.HAL_MspInit)
    HAL_NVIC_EnableIRQ                       0x08003165   Thumb Code    26  stm32h7xx_hal_cortex.o(i.HAL_NVIC_EnableIRQ)
    HAL_NVIC_SetPriority                     0x08003181   Thumb Code    60  stm32h7xx_hal_cortex.o(i.HAL_NVIC_SetPriority)
    HAL_NVIC_SetPriorityGrouping             0x080031c1   Thumb Code    26  stm32h7xx_hal_cortex.o(i.HAL_NVIC_SetPriorityGrouping)
    HAL_PWREx_ConfigSupply                   0x080031e5   Thumb Code    74  stm32h7xx_hal_pwr_ex.o(i.HAL_PWREx_ConfigSupply)
    HAL_RCCEx_GetD1SysClockFreq              0x08003235   Thumb Code    30  stm32h7xx_hal_rcc_ex.o(i.HAL_RCCEx_GetD1SysClockFreq)
    HAL_RCCEx_GetD3PCLK1Freq                 0x08003261   Thumb Code    26  stm32h7xx_hal_rcc_ex.o(i.HAL_RCCEx_GetD3PCLK1Freq)
    HAL_RCCEx_GetPLL1ClockFreq               0x08003285   Thumb Code   290  stm32h7xx_hal_rcc_ex.o(i.HAL_RCCEx_GetPLL1ClockFreq)
    HAL_RCCEx_GetPLL2ClockFreq               0x080033c1   Thumb Code   290  stm32h7xx_hal_rcc_ex.o(i.HAL_RCCEx_GetPLL2ClockFreq)
    HAL_RCCEx_GetPLL3ClockFreq               0x080034fd   Thumb Code   290  stm32h7xx_hal_rcc_ex.o(i.HAL_RCCEx_GetPLL3ClockFreq)
    HAL_RCCEx_GetPeriphCLKFreq               0x08003639   Thumb Code   362  stm32h7xx_hal_rcc_ex.o(i.HAL_RCCEx_GetPeriphCLKFreq)
    HAL_RCCEx_PeriphCLKConfig                0x080037b1   Thumb Code  2230  stm32h7xx_hal_rcc_ex.o(i.HAL_RCCEx_PeriphCLKConfig)
    HAL_RCC_ClockConfig                      0x0800406d   Thumb Code   568  stm32h7xx_hal_rcc.o(i.HAL_RCC_ClockConfig)
    HAL_RCC_GetHCLKFreq                      0x080042bd   Thumb Code    30  stm32h7xx_hal_rcc.o(i.HAL_RCC_GetHCLKFreq)
    HAL_RCC_GetPCLK1Freq                     0x080042e9   Thumb Code    26  stm32h7xx_hal_rcc.o(i.HAL_RCC_GetPCLK1Freq)
    HAL_RCC_GetPCLK2Freq                     0x0800430d   Thumb Code    26  stm32h7xx_hal_rcc.o(i.HAL_RCC_GetPCLK2Freq)
    HAL_RCC_GetSysClockFreq                  0x08004331   Thumb Code   270  stm32h7xx_hal_rcc.o(i.HAL_RCC_GetSysClockFreq)
    HAL_RCC_OscConfig                        0x08004461   Thumb Code  1176  stm32h7xx_hal_rcc.o(i.HAL_RCC_OscConfig)
    HAL_SPI_ErrorCallback                    0x080048f9   Thumb Code     2  stm32h7xx_hal_spi.o(i.HAL_SPI_ErrorCallback)
    HAL_SPI_IRQHandler                       0x080048fd   Thumb Code   564  stm32h7xx_hal_spi.o(i.HAL_SPI_IRQHandler)
    HAL_SPI_Init                             0x08004b35   Thumb Code   298  stm32h7xx_hal_spi.o(i.HAL_SPI_Init)
    HAL_SPI_MspInit                          0x08004c6d   Thumb Code   582  spi.o(i.HAL_SPI_MspInit)
    HAL_SPI_Receive                          0x08004ee1   Thumb Code   550  stm32h7xx_hal_spi.o(i.HAL_SPI_Receive)
    HAL_SPI_RxCpltCallback                   0x08005107   Thumb Code     2  stm32h7xx_hal_spi.o(i.HAL_SPI_RxCpltCallback)
    HAL_SPI_Transmit                         0x08005109   Thumb Code   554  stm32h7xx_hal_spi.o(i.HAL_SPI_Transmit)
    HAL_SPI_TransmitReceive                  0x08005333   Thumb Code   776  stm32h7xx_hal_spi.o(i.HAL_SPI_TransmitReceive)
    HAL_SPI_TxCpltCallback                   0x0800563b   Thumb Code     2  stm32h7xx_hal_spi.o(i.HAL_SPI_TxCpltCallback)
    HAL_SPI_TxRxCpltCallback                 0x0800563d   Thumb Code     2  stm32h7xx_hal_spi.o(i.HAL_SPI_TxRxCpltCallback)
    HAL_SYSTICK_Config                       0x0800563f   Thumb Code    40  stm32h7xx_hal_cortex.o(i.HAL_SYSTICK_Config)
    HAL_TIMEx_Break2Callback                 0x08005667   Thumb Code     2  stm32h7xx_hal_tim_ex.o(i.HAL_TIMEx_Break2Callback)
    HAL_TIMEx_BreakCallback                  0x08005669   Thumb Code     2  stm32h7xx_hal_tim_ex.o(i.HAL_TIMEx_BreakCallback)
    HAL_TIMEx_CommutCallback                 0x0800566b   Thumb Code     2  stm32h7xx_hal_tim_ex.o(i.HAL_TIMEx_CommutCallback)
    HAL_TIMEx_ConfigBreakDeadTime            0x0800566d   Thumb Code   132  stm32h7xx_hal_tim_ex.o(i.HAL_TIMEx_ConfigBreakDeadTime)
    HAL_TIMEx_MasterConfigSynchronization    0x080056f9   Thumb Code    88  stm32h7xx_hal_tim_ex.o(i.HAL_TIMEx_MasterConfigSynchronization)
    HAL_TIM_Base_Init                        0x08005759   Thumb Code    54  stm32h7xx_hal_tim.o(i.HAL_TIM_Base_Init)
    HAL_TIM_Base_MspInit                     0x08005791   Thumb Code    56  tim.o(i.HAL_TIM_Base_MspInit)
    HAL_TIM_Base_Start_IT                    0x080057d5   Thumb Code    40  stm32h7xx_hal_tim.o(i.HAL_TIM_Base_Start_IT)
    HAL_TIM_Encoder_Init                     0x08005801   Thumb Code   150  stm32h7xx_hal_tim.o(i.HAL_TIM_Encoder_Init)
    HAL_TIM_Encoder_MspInit                  0x0800589d   Thumb Code   258  tim.o(i.HAL_TIM_Encoder_MspInit)
    HAL_TIM_Encoder_Start                    0x080059c1   Thumb Code    50  stm32h7xx_hal_tim.o(i.HAL_TIM_Encoder_Start)
    HAL_TIM_IC_CaptureCallback               0x080059f3   Thumb Code     2  stm32h7xx_hal_tim.o(i.HAL_TIM_IC_CaptureCallback)
    HAL_TIM_IRQHandler                       0x080059f5   Thumb Code   388  stm32h7xx_hal_tim.o(i.HAL_TIM_IRQHandler)
    HAL_TIM_MspPostInit                      0x08005b79   Thumb Code   228  tim.o(i.HAL_TIM_MspPostInit)
    HAL_TIM_OC_ConfigChannel                 0x08005c81   Thumb Code   114  stm32h7xx_hal_tim.o(i.HAL_TIM_OC_ConfigChannel)
    HAL_TIM_OC_DelayElapsedCallback          0x08005cf3   Thumb Code     2  stm32h7xx_hal_tim.o(i.HAL_TIM_OC_DelayElapsedCallback)
    HAL_TIM_OC_Init                          0x08005cf5   Thumb Code    54  stm32h7xx_hal_tim.o(i.HAL_TIM_OC_Init)
    HAL_TIM_OC_MspInit                       0x08005d2d   Thumb Code    50  tim.o(i.HAL_TIM_OC_MspInit)
    HAL_TIM_OnePulse_Init                    0x08005d69   Thumb Code    74  stm32h7xx_hal_tim.o(i.HAL_TIM_OnePulse_Init)
    HAL_TIM_OnePulse_MspInit                 0x08005db3   Thumb Code     2  stm32h7xx_hal_tim.o(i.HAL_TIM_OnePulse_MspInit)
    HAL_TIM_PWM_ConfigChannel                0x08005db5   Thumb Code   296  stm32h7xx_hal_tim.o(i.HAL_TIM_PWM_ConfigChannel)
    HAL_TIM_PWM_Init                         0x08005edd   Thumb Code    54  stm32h7xx_hal_tim.o(i.HAL_TIM_PWM_Init)
    HAL_TIM_PWM_MspInit                      0x08005f15   Thumb Code    56  tim.o(i.HAL_TIM_PWM_MspInit)
    HAL_TIM_PWM_PulseFinishedCallback        0x08005f59   Thumb Code     2  stm32h7xx_hal_tim.o(i.HAL_TIM_PWM_PulseFinishedCallback)
    HAL_TIM_PWM_Start                        0x08005f5d   Thumb Code    82  stm32h7xx_hal_tim.o(i.HAL_TIM_PWM_Start)
    HAL_TIM_PeriodElapsedCallback            0x08005fc9   Thumb Code   854  main.o(i.HAL_TIM_PeriodElapsedCallback)
    HAL_TIM_TriggerCallback                  0x0800635d   Thumb Code     2  stm32h7xx_hal_tim.o(i.HAL_TIM_TriggerCallback)
    HAL_UARTEx_DisableFifoMode               0x0800635f   Thumb Code    62  stm32h7xx_hal_uart_ex.o(i.HAL_UARTEx_DisableFifoMode)
    HAL_UARTEx_RxFifoFullCallback            0x0800639d   Thumb Code     2  stm32h7xx_hal_uart_ex.o(i.HAL_UARTEx_RxFifoFullCallback)
    HAL_UARTEx_SetRxFifoThreshold            0x0800639f   Thumb Code    76  stm32h7xx_hal_uart_ex.o(i.HAL_UARTEx_SetRxFifoThreshold)
    HAL_UARTEx_SetTxFifoThreshold            0x080063eb   Thumb Code    76  stm32h7xx_hal_uart_ex.o(i.HAL_UARTEx_SetTxFifoThreshold)
    HAL_UARTEx_TxFifoEmptyCallback           0x08006437   Thumb Code     2  stm32h7xx_hal_uart_ex.o(i.HAL_UARTEx_TxFifoEmptyCallback)
    HAL_UARTEx_WakeupCallback                0x08006439   Thumb Code     2  stm32h7xx_hal_uart_ex.o(i.HAL_UARTEx_WakeupCallback)
    HAL_UART_ErrorCallback                   0x0800643b   Thumb Code     2  stm32h7xx_hal_uart.o(i.HAL_UART_ErrorCallback)
    HAL_UART_IRQHandler                      0x0800643d   Thumb Code   404  stm32h7xx_hal_uart.o(i.HAL_UART_IRQHandler)
    HAL_UART_Init                            0x080065d9   Thumb Code   106  stm32h7xx_hal_uart.o(i.HAL_UART_Init)
    HAL_UART_MspInit                         0x08006645   Thumb Code   166  usart.o(i.HAL_UART_MspInit)
    HAL_UART_TxCpltCallback                  0x08006701   Thumb Code     2  stm32h7xx_hal_uart.o(i.HAL_UART_TxCpltCallback)
    HardFault_Handler                        0x08006967   Thumb Code     2  stm32h7xx_it.o(i.HardFault_Handler)
    Init_PCA9539                             0x08006b95   Thumb Code   116  main.o(i.Init_PCA9539)
    Init_Timers                              0x08006c21   Thumb Code   358  main.o(i.Init_Timers)
    Is_BatteryLow_BootCharged                0x08006dd1   Thumb Code   116  main.o(i.Is_BatteryLow_BootCharged)
    Is_Infrared                              0x08006e5d   Thumb Code    62  main.o(i.Is_Infrared)
    MX_ADC1_Init                             0x08006ef9   Thumb Code   158  adc.o(i.MX_ADC1_Init)
    MX_DMA_Init                              0x08006fa9   Thumb Code   168  dma.o(i.MX_DMA_Init)
    MX_GPIO_Init                             0x08007055   Thumb Code   556  gpio.o(i.MX_GPIO_Init)
    MX_HRTIM_Init                            0x080072a1   Thumb Code   444  hrtim.o(i.MX_HRTIM_Init)
    MX_I2C2_Init                             0x08007465   Thumb Code    76  i2c.o(i.MX_I2C2_Init)
    MX_I2C3_Init                             0x080074bd   Thumb Code    76  i2c.o(i.MX_I2C3_Init)
    MX_I2C4_Init                             0x08007515   Thumb Code    76  i2c.o(i.MX_I2C4_Init)
    MX_SPI1_Init                             0x0800756d   Thumb Code    82  spi.o(i.MX_SPI1_Init)
    MX_SPI2_Init                             0x080075c9   Thumb Code    82  spi.o(i.MX_SPI2_Init)
    MX_TIM12_Init                            0x08007625   Thumb Code   112  tim.o(i.MX_TIM12_Init)
    MX_TIM14_Init                            0x0800769d   Thumb Code    92  tim.o(i.MX_TIM14_Init)
    MX_TIM15_Init                            0x08007701   Thumb Code   174  tim.o(i.MX_TIM15_Init)
    MX_TIM16_Init                            0x080077b9   Thumb Code   148  tim.o(i.MX_TIM16_Init)
    MX_TIM1_Init                             0x08007855   Thumb Code   104  tim.o(i.MX_TIM1_Init)
    MX_TIM2_Init                             0x080078c5   Thumb Code   102  tim.o(i.MX_TIM2_Init)
    MX_TIM3_Init                             0x08007931   Thumb Code   100  tim.o(i.MX_TIM3_Init)
    MX_TIM4_Init                             0x0800799d   Thumb Code   100  tim.o(i.MX_TIM4_Init)
    MX_TIM5_Init                             0x08007a09   Thumb Code   100  tim.o(i.MX_TIM5_Init)
    MX_USART3_UART_Init                      0x08007a75   Thumb Code    94  usart.o(i.MX_USART3_UART_Init)
    MemManage_Handler                        0x08007add   Thumb Code     2  stm32h7xx_it.o(i.MemManage_Handler)
    NMI_Handler                              0x08007adf   Thumb Code     2  stm32h7xx_it.o(i.NMI_Handler)
    NRF24L01_RX_Init                         0x08007ae1   Thumb Code    56  nrf24l01.o(i.NRF24L01_RX_Init)
    NRF24L01_RX_Read_Buf                     0x08007b21   Thumb Code    58  nrf24l01.o(i.NRF24L01_RX_Read_Buf)
    NRF24L01_RX_Read_Reg                     0x08007b65   Thumb Code    66  nrf24l01.o(i.NRF24L01_RX_Read_Reg)
    NRF24L01_RX_Write_Buf                    0x08007bb1   Thumb Code    70  nrf24l01.o(i.NRF24L01_RX_Write_Buf)
    NRF24L01_RX_Write_Reg                    0x08007c01   Thumb Code    66  nrf24l01.o(i.NRF24L01_RX_Write_Reg)
    NRF24L01_RxPacket                        0x08007c4d   Thumb Code    50  nrf24l01.o(i.NRF24L01_RxPacket)
    NRF24L01_TX_Init                         0x08007c81   Thumb Code    60  nrf24l01.o(i.NRF24L01_TX_Init)
    NRF24L01_TX_Write_Buf                    0x08007cc5   Thumb Code    70  nrf24l01.o(i.NRF24L01_TX_Write_Buf)
    NRF24L01_TX_Write_Reg                    0x08007d15   Thumb Code    66  nrf24l01.o(i.NRF24L01_TX_Write_Reg)
    NRF24L01_TxPacket                        0x08007d61   Thumb Code    44  nrf24l01.o(i.NRF24L01_TxPacket)
    PendSV_Handler                           0x08007d91   Thumb Code     2  stm32h7xx_it.o(i.PendSV_Handler)
    RX_Mode                                  0x08007fbd   Thumb Code    98  nrf24l01.o(i.RX_Mode)
    SPI1_IRQHandler                          0x08008031   Thumb Code     6  stm32h7xx_it.o(i.SPI1_IRQHandler)
    SPI2_IRQHandler                          0x0800803d   Thumb Code     6  stm32h7xx_it.o(i.SPI2_IRQHandler)
    SVC_Handler                              0x08008161   Thumb Code     2  stm32h7xx_it.o(i.SVC_Handler)
    Shoot_Chip                               0x08008165   Thumb Code   150  main.o(i.Shoot_Chip)
    SysTick_Handler                          0x08008209   Thumb Code     4  stm32h7xx_it.o(i.SysTick_Handler)
    SystemClock_Config                       0x0800820d   Thumb Code   228  main.o(i.SystemClock_Config)
    SystemInit                               0x08008301   Thumb Code   126  system_stm32h7xx.o(i.SystemInit)
    TIM5_IRQHandler                          0x08008391   Thumb Code     6  stm32h7xx_it.o(i.TIM5_IRQHandler)
    TIM_Base_SetConfig                       0x0800839d   Thumb Code   160  stm32h7xx_hal_tim.o(i.TIM_Base_SetConfig)
    TIM_CCxChannelCmd                        0x0800845d   Thumb Code    26  stm32h7xx_hal_tim.o(i.TIM_CCxChannelCmd)
    TIM_OC2_SetConfig                        0x08008515   Thumb Code   120  stm32h7xx_hal_tim.o(i.TIM_OC2_SetConfig)
    TX_Mode                                  0x08008771   Thumb Code   122  nrf24l01.o(i.TX_Mode)
    UART_AdvFeatureConfig                    0x08008861   Thumb Code   200  stm32h7xx_hal_uart.o(i.UART_AdvFeatureConfig)
    UART_CheckIdleState                      0x08008929   Thumb Code    94  stm32h7xx_hal_uart.o(i.UART_CheckIdleState)
    UART_SetConfig                           0x080089c1   Thumb Code  2626  stm32h7xx_hal_uart.o(i.UART_SetConfig)
    UART_WaitOnFlagUntilTimeout              0x0800940d   Thumb Code    98  stm32h7xx_hal_uart.o(i.UART_WaitOnFlagUntilTimeout)
    USART3_IRQHandler                        0x08009471   Thumb Code     6  stm32h7xx_it.o(i.USART3_IRQHandler)
    UsageFault_Handler                       0x0800947d   Thumb Code     2  stm32h7xx_it.o(i.UsageFault_Handler)
    __hardfp_sqrt                            0x0800949f   Thumb Code   102  sqrt.o(i.__hardfp_sqrt)
    dribber                                  0x08009505   Thumb Code    28  main.o(i.dribber)
    main                                     0x08009525   Thumb Code   204  main.o(i.main)
    motion_planner                           0x08009605   Thumb Code   428  main.o(i.motion_planner)
    pack                                     0x080097bd   Thumb Code    32  main.o(i.pack)
    unpack                                   0x080097e1   Thumb Code   452  main.o(i.unpack)
    _fp_init                                 0x080099a9   Thumb Code    10  fpinit.o(x$fpl$fpinit)
    __fplib_config_fpu_vfp                   0x080099b1   Thumb Code     0  fpinit.o(x$fpl$fpinit)
    __fplib_config_pureend_doubles           0x080099b1   Thumb Code     0  fpinit.o(x$fpl$fpinit)
    TX_ADDRESS                               0x080099b2   Data           5  nrf24l01.o(.constdata)
    __I$use$fp                               0x080099b2   Number         0  usenofp.o(x$fpl$usenofp)
    RX_ADDRESS                               0x080099b7   Data           5  nrf24l01.o(.constdata)
    D1CorePrescTable                         0x080099c4   Data          16  system_stm32h7xx.o(.constdata)
    Region$$Table$$Base                      0x080099d4   Number         0  anon$$obj.o(Region$$Table)
    Region$$Table$$Limit                     0x080099f4   Number         0  anon$$obj.o(Region$$Table)
    bandwidth                                0x24000000   Data           1  nrf24l01.o(.data)
    robot_set                                0x24000008   Data           1  main.o(.data)
    Robot_Boot_Power                         0x24000009   Data           1  main.o(.data)
    Comm_Down_Flag                           0x2400000a   Data           1  main.o(.data)
    Robot_Status                             0x2400000b   Data           1  main.o(.data)
    Last_Robot_Status                        0x2400000c   Data           1  main.o(.data)
    Left_Report_Package                      0x2400000d   Data           1  main.o(.data)
    AD_Battery_i                             0x2400000e   Data           1  main.o(.data)
    acc_set                                  0x2400000f   Data           1  main.o(.data)
    received_packet_flag                     0x24000010   Data           1  main.o(.data)
    tx_freq                                  0x24000011   Data           1  main.o(.data)
    tx_mode                                  0x24000012   Data           1  main.o(.data)
    rx_freq                                  0x24000013   Data           1  main.o(.data)
    robot_num                                0x24000014   Data           1  main.o(.data)
    Robot_Is_Infrared                        0x24000015   Data           1  main.o(.data)
    Robot_Is_Boot_charged                    0x24000016   Data           1  main.o(.data)
    Robot_drib                               0x24000017   Data           1  main.o(.data)
    Robot_Chip_Or_Shoot                      0x24000018   Data           1  main.o(.data)
    Robot_Is_Shoot                           0x24000019   Data           1  main.o(.data)
    Robot_Is_Chip                            0x2400001a   Data           1  main.o(.data)
    Vx_package                               0x2400001c   Data           2  main.o(.data)
    Vy_package                               0x2400001e   Data           2  main.o(.data)
    Vr_package                               0x24000020   Data           2  main.o(.data)
    Vx_package_last                          0x24000022   Data           2  main.o(.data)
    Vy_package_last                          0x24000024   Data           2  main.o(.data)
    Vr_package_last                          0x24000026   Data           2  main.o(.data)
    acc_r_set                                0x24000028   Data           2  main.o(.data)
    Received_packet                          0x2400002a   Data           2  main.o(.data)
    transmitted_packet                       0x2400002c   Data           2  main.o(.data)
    heart_toggle_flag                        0x2400002e   Data           2  main.o(.data)
    chipshoot_timerdelay_flag                0x24000030   Data           2  main.o(.data)
    drib_power                               0x24000032   Data           2  main.o(.data)
    AD_Battery                               0x24000034   Data           4  main.o(.data)
    AD_Battery_Last                          0x24000038   Data           4  main.o(.data)
    AD_Boot_Cap                              0x2400003c   Data           4  main.o(.data)
    Total_Missed_Package_Num                 0x24000040   Data           4  main.o(.data)
    Period_2ms_Since_Last_Zero_Motion_Planner 0x24000044   Data           4  main.o(.data)
    Encoder_count_Motor1                     0x24000048   Data           4  main.o(.data)
    Encoder_count_Motor2                     0x2400004c   Data           4  main.o(.data)
    Encoder_count_Motor3                     0x24000050   Data           4  main.o(.data)
    Encoder_count_Motor4                     0x24000054   Data           4  main.o(.data)
    Vel_Motor1                               0x24000058   Data           4  main.o(.data)
    Vel_Now_Motor1                           0x2400005c   Data           4  main.o(.data)
    Vel_Motor2                               0x24000060   Data           4  main.o(.data)
    Vel_Now_Motor2                           0x24000064   Data           4  main.o(.data)
    Vel_Motor3                               0x24000068   Data           4  main.o(.data)
    Vel_Now_Motor3                           0x2400006c   Data           4  main.o(.data)
    Vel_Motor4                               0x24000070   Data           4  main.o(.data)
    Vel_Now_Motor4                           0x24000074   Data           4  main.o(.data)
    PID_I_Limit                              0x24000078   Data           4  main.o(.data)
    Motor_EK_Motor1                          0x2400007c   Data           4  main.o(.data)
    Motor_EK_Motor2                          0x24000080   Data           4  main.o(.data)
    Motor_EK_Motor3                          0x24000084   Data           4  main.o(.data)
    Motor_EK_Motor4                          0x24000088   Data           4  main.o(.data)
    Motor_KS_Motor1                          0x2400008c   Data           4  main.o(.data)
    Motor_KS_Motor2                          0x24000090   Data           4  main.o(.data)
    Motor_KS_Motor3                          0x24000094   Data           4  main.o(.data)
    Motor_KS_Motor4                          0x24000098   Data           4  main.o(.data)
    AD_Boot_Cap_Last                         0x2400009c   Data           4  main.o(.data)
    PWM_Pulse_Motor1_value                   0x240000a0   Data           4  main.o(.data)
    PWM_Pulse_Motor2_value                   0x240000a4   Data           4  main.o(.data)
    PWM_Pulse_Motor3_value                   0x240000a8   Data           4  main.o(.data)
    PWM_Pulse_Motor4_value                   0x240000ac   Data           4  main.o(.data)
    drib_power_set                           0x240000b0   Data           8  main.o(.data)
    Vel_k2                                   0x240000b8   Data           8  main.o(.data)
    TX_Packet                                0x240000c0   Data          25  main.o(.data)
    sin_angle                                0x240000e0   Data          32  main.o(.data)
    cos_angle                                0x24000100   Data          32  main.o(.data)
    SystemCoreClock                          0x2400012c   Data           4  system_stm32h7xx.o(.data)
    SystemD2Clock                            0x24000130   Data           4  system_stm32h7xx.o(.data)
    ADC_value                                0x24000134   Data          64  main.o(.bss)
    RX_Packet                                0x24000174   Data          25  main.o(.bss)
    hadc1                                    0x24000190   Data         100  adc.o(.bss)
    hdma_adc1                                0x240001f4   Data         120  adc.o(.bss)
    hhrtim                                   0x2400026c   Data         220  hrtim.o(.bss)
    hi2c2                                    0x24000348   Data          76  i2c.o(.bss)
    hi2c3                                    0x24000394   Data          76  i2c.o(.bss)
    hi2c4                                    0x240003e0   Data          76  i2c.o(.bss)
    hdma_i2c3_tx                             0x2400042c   Data         120  i2c.o(.bss)
    hdma_i2c3_rx                             0x240004a4   Data         120  i2c.o(.bss)
    hspi1                                    0x2400051c   Data         136  spi.o(.bss)
    hspi2                                    0x240005a4   Data         136  spi.o(.bss)
    hdma_spi1_rx                             0x2400062c   Data         120  spi.o(.bss)
    hdma_spi1_tx                             0x240006a4   Data         120  spi.o(.bss)
    hdma_spi2_rx                             0x2400071c   Data         120  spi.o(.bss)
    hdma_spi2_tx                             0x24000794   Data         120  spi.o(.bss)
    htim1                                    0x2400080c   Data          64  tim.o(.bss)
    htim2                                    0x2400084c   Data          64  tim.o(.bss)
    htim3                                    0x2400088c   Data          64  tim.o(.bss)
    htim4                                    0x240008cc   Data          64  tim.o(.bss)
    htim5                                    0x2400090c   Data          64  tim.o(.bss)
    htim12                                   0x2400094c   Data          64  tim.o(.bss)
    htim14                                   0x2400098c   Data          64  tim.o(.bss)
    htim15                                   0x240009cc   Data          64  tim.o(.bss)
    htim16                                   0x24000a0c   Data          64  tim.o(.bss)
    huart3                                   0x24000a4c   Data         140  usart.o(.bss)
    hdma_usart3_tx                           0x24000ad8   Data         120  usart.o(.bss)
    __libspace_start                         0x24000b50   Data          96  libspace.o(.bss)
    __temporary_stack_top$libspace           0x24000bb0   Data           0  libspace.o(.bss)



==============================================================================

Memory Map of the image

  Image Entry point : 0x08000299

  Load Region LR_IROM1 (Base: 0x08000000, Size: 0x00009b28, Max: 0x00200000, ABSOLUTE, COMPRESSED[0x00009a48])

    Execution Region ER_IROM1 (Exec base: 0x08000000, Load base: 0x08000000, Size: 0x000099f4, Max: 0x00200000, ABSOLUTE)

    Exec Addr    Load Addr    Size         Type   Attr      Idx    E Section Name        Object

    0x08000000   0x08000000   0x00000298   Data   RO            3    RESET               startup_stm32h743xx.o
    0x08000298   0x08000298   0x00000008   Code   RO         6508  * !!!main             c_w.l(__main.o)
    0x080002a0   0x080002a0   0x00000034   Code   RO         6697    !!!scatter          c_w.l(__scatter.o)
    0x080002d4   0x080002d4   0x0000005a   Code   RO         6695    !!dczerorl2         c_w.l(__dczerorl2.o)
    0x0800032e   0x0800032e   0x00000002   PAD
    0x08000330   0x08000330   0x0000001c   Code   RO         6699    !!handler_zi        c_w.l(__scatter_zi.o)
    0x0800034c   0x0800034c   0x00000002   Code   RO         6568    .ARM.Collect$$libinit$$00000000  c_w.l(libinit.o)
    0x0800034e   0x0800034e   0x00000004   Code   RO         6577    .ARM.Collect$$libinit$$00000001  c_w.l(libinit2.o)
    0x08000352   0x08000352   0x00000000   Code   RO         6580    .ARM.Collect$$libinit$$00000004  c_w.l(libinit2.o)
    0x08000352   0x08000352   0x00000000   Code   RO         6583    .ARM.Collect$$libinit$$0000000A  c_w.l(libinit2.o)
    0x08000352   0x08000352   0x00000000   Code   RO         6585    .ARM.Collect$$libinit$$0000000C  c_w.l(libinit2.o)
    0x08000352   0x08000352   0x00000000   Code   RO         6587    .ARM.Collect$$libinit$$0000000E  c_w.l(libinit2.o)
    0x08000352   0x08000352   0x00000000   Code   RO         6590    .ARM.Collect$$libinit$$00000011  c_w.l(libinit2.o)
    0x08000352   0x08000352   0x00000000   Code   RO         6592    .ARM.Collect$$libinit$$00000013  c_w.l(libinit2.o)
    0x08000352   0x08000352   0x00000000   Code   RO         6594    .ARM.Collect$$libinit$$00000015  c_w.l(libinit2.o)
    0x08000352   0x08000352   0x00000000   Code   RO         6596    .ARM.Collect$$libinit$$00000017  c_w.l(libinit2.o)
    0x08000352   0x08000352   0x00000000   Code   RO         6598    .ARM.Collect$$libinit$$00000019  c_w.l(libinit2.o)
    0x08000352   0x08000352   0x00000000   Code   RO         6600    .ARM.Collect$$libinit$$0000001B  c_w.l(libinit2.o)
    0x08000352   0x08000352   0x00000000   Code   RO         6602    .ARM.Collect$$libinit$$0000001D  c_w.l(libinit2.o)
    0x08000352   0x08000352   0x00000000   Code   RO         6604    .ARM.Collect$$libinit$$0000001F  c_w.l(libinit2.o)
    0x08000352   0x08000352   0x00000000   Code   RO         6606    .ARM.Collect$$libinit$$00000021  c_w.l(libinit2.o)
    0x08000352   0x08000352   0x00000000   Code   RO         6608    .ARM.Collect$$libinit$$00000023  c_w.l(libinit2.o)
    0x08000352   0x08000352   0x00000000   Code   RO         6610    .ARM.Collect$$libinit$$00000025  c_w.l(libinit2.o)
    0x08000352   0x08000352   0x00000000   Code   RO         6614    .ARM.Collect$$libinit$$0000002C  c_w.l(libinit2.o)
    0x08000352   0x08000352   0x00000000   Code   RO         6616    .ARM.Collect$$libinit$$0000002E  c_w.l(libinit2.o)
    0x08000352   0x08000352   0x00000000   Code   RO         6618    .ARM.Collect$$libinit$$00000030  c_w.l(libinit2.o)
    0x08000352   0x08000352   0x00000000   Code   RO         6620    .ARM.Collect$$libinit$$00000032  c_w.l(libinit2.o)
    0x08000352   0x08000352   0x00000002   Code   RO         6621    .ARM.Collect$$libinit$$00000033  c_w.l(libinit2.o)
    0x08000354   0x08000354   0x00000002   Code   RO         6652    .ARM.Collect$$libshutdown$$00000000  c_w.l(libshutdown.o)
    0x08000356   0x08000356   0x00000000   Code   RO         6678    .ARM.Collect$$libshutdown$$00000002  c_w.l(libshutdown2.o)
    0x08000356   0x08000356   0x00000000   Code   RO         6680    .ARM.Collect$$libshutdown$$00000004  c_w.l(libshutdown2.o)
    0x08000356   0x08000356   0x00000000   Code   RO         6683    .ARM.Collect$$libshutdown$$00000007  c_w.l(libshutdown2.o)
    0x08000356   0x08000356   0x00000000   Code   RO         6686    .ARM.Collect$$libshutdown$$0000000A  c_w.l(libshutdown2.o)
    0x08000356   0x08000356   0x00000000   Code   RO         6688    .ARM.Collect$$libshutdown$$0000000C  c_w.l(libshutdown2.o)
    0x08000356   0x08000356   0x00000000   Code   RO         6691    .ARM.Collect$$libshutdown$$0000000F  c_w.l(libshutdown2.o)
    0x08000356   0x08000356   0x00000002   Code   RO         6692    .ARM.Collect$$libshutdown$$00000010  c_w.l(libshutdown2.o)
    0x08000358   0x08000358   0x00000000   Code   RO         6522    .ARM.Collect$$rtentry$$00000000  c_w.l(__rtentry.o)
    0x08000358   0x08000358   0x00000000   Code   RO         6531    .ARM.Collect$$rtentry$$00000002  c_w.l(__rtentry2.o)
    0x08000358   0x08000358   0x00000006   Code   RO         6543    .ARM.Collect$$rtentry$$00000004  c_w.l(__rtentry4.o)
    0x0800035e   0x0800035e   0x00000000   Code   RO         6533    .ARM.Collect$$rtentry$$00000009  c_w.l(__rtentry2.o)
    0x0800035e   0x0800035e   0x00000004   Code   RO         6534    .ARM.Collect$$rtentry$$0000000A  c_w.l(__rtentry2.o)
    0x08000362   0x08000362   0x00000000   Code   RO         6536    .ARM.Collect$$rtentry$$0000000C  c_w.l(__rtentry2.o)
    0x08000362   0x08000362   0x00000008   Code   RO         6537    .ARM.Collect$$rtentry$$0000000D  c_w.l(__rtentry2.o)
    0x0800036a   0x0800036a   0x00000002   Code   RO         6569    .ARM.Collect$$rtexit$$00000000  c_w.l(rtexit.o)
    0x0800036c   0x0800036c   0x00000000   Code   RO         6625    .ARM.Collect$$rtexit$$00000002  c_w.l(rtexit2.o)
    0x0800036c   0x0800036c   0x00000004   Code   RO         6626    .ARM.Collect$$rtexit$$00000003  c_w.l(rtexit2.o)
    0x08000370   0x08000370   0x00000006   Code   RO         6627    .ARM.Collect$$rtexit$$00000004  c_w.l(rtexit2.o)
    0x08000376   0x08000376   0x00000002   PAD
    0x08000378   0x08000378   0x00000040   Code   RO            4    .text               startup_stm32h743xx.o
    0x080003b8   0x080003b8   0x000000ee   Code   RO         6500    .text               c_w.l(lludivv7m.o)
    0x080004a6   0x080004a6   0x00000044   Code   RO         6502    .text               c_w.l(rt_memclr.o)
    0x080004ea   0x080004ea   0x0000004e   Code   RO         6504    .text               c_w.l(rt_memclr_w.o)
    0x08000538   0x08000538   0x00000006   Code   RO         6506    .text               c_w.l(heapauxi.o)
    0x0800053e   0x0800053e   0x00000016   Code   RO         6527    .text               c_w.l(_rserrno.o)
    0x08000554   0x08000554   0x00000008   Code   RO         6550    .text               c_w.l(rt_errno_addr_intlibspace.o)
    0x0800055c   0x0800055c   0x00000008   Code   RO         6552    .text               c_w.l(libspace.o)
    0x08000564   0x08000564   0x0000004a   Code   RO         6555    .text               c_w.l(sys_stackheap_outer.o)
    0x080005ae   0x080005ae   0x00000012   Code   RO         6557    .text               c_w.l(exit.o)
    0x080005c0   0x080005c0   0x0000000c   Code   RO         6622    .text               c_w.l(sys_exit.o)
    0x080005cc   0x080005cc   0x00000002   Code   RO         6641    .text               c_w.l(use_no_semi.o)
    0x080005ce   0x080005ce   0x00000000   Code   RO         6643    .text               c_w.l(indicate_semi.o)
    0x080005ce   0x080005ce   0x00000002   PAD
    0x080005d0   0x080005d0   0x00000110   Code   RO         1231    i.ADC_ConfigureBoostMode  stm32h7xx_hal_adc.o
    0x080006e0   0x080006e0   0x00000068   Code   RO         1233    i.ADC_DMAConvCplt   stm32h7xx_hal_adc.o
    0x08000748   0x08000748   0x0000001a   Code   RO         1234    i.ADC_DMAError      stm32h7xx_hal_adc.o
    0x08000762   0x08000762   0x0000000a   Code   RO         1235    i.ADC_DMAHalfConvCplt  stm32h7xx_hal_adc.o
    0x0800076c   0x0800076c   0x000000a8   Code   RO         1237    i.ADC_Enable        stm32h7xx_hal_adc.o
    0x08000814   0x08000814   0x0000000c   Code   RO         1053    i.ADC_IRQHandler    stm32h7xx_it.o
    0x08000820   0x08000820   0x00000002   Code   RO         1054    i.BusFault_Handler  stm32h7xx_it.o
    0x08000822   0x08000822   0x00000002   PAD
    0x08000824   0x08000824   0x0000000c   Code   RO         1055    i.DMA1_Stream0_IRQHandler  stm32h7xx_it.o
    0x08000830   0x08000830   0x0000000c   Code   RO         1056    i.DMA1_Stream1_IRQHandler  stm32h7xx_it.o
    0x0800083c   0x0800083c   0x0000000c   Code   RO         1057    i.DMA1_Stream2_IRQHandler  stm32h7xx_it.o
    0x08000848   0x08000848   0x0000000c   Code   RO         1058    i.DMA1_Stream3_IRQHandler  stm32h7xx_it.o
    0x08000854   0x08000854   0x0000000c   Code   RO         1059    i.DMA1_Stream4_IRQHandler  stm32h7xx_it.o
    0x08000860   0x08000860   0x0000000c   Code   RO         1060    i.DMA1_Stream5_IRQHandler  stm32h7xx_it.o
    0x0800086c   0x0800086c   0x0000000c   Code   RO         1061    i.DMA2_Stream0_IRQHandler  stm32h7xx_it.o
    0x08000878   0x08000878   0x0000000c   Code   RO         1062    i.DMA2_Stream1_IRQHandler  stm32h7xx_it.o
    0x08000884   0x08000884   0x000000b8   Code   RO         5442    i.DMA_CalcBaseAndBitshift  stm32h7xx_hal_dma.o
    0x0800093c   0x0800093c   0x000000a0   Code   RO         5443    i.DMA_CalcDMAMUXChannelBaseAndMask  stm32h7xx_hal_dma.o
    0x080009dc   0x080009dc   0x0000007c   Code   RO         5444    i.DMA_CalcDMAMUXRequestGenBaseAndMask  stm32h7xx_hal_dma.o
    0x08000a58   0x08000a58   0x00000054   Code   RO         5445    i.DMA_CheckFifoParam  stm32h7xx_hal_dma.o
    0x08000aac   0x08000aac   0x00000124   Code   RO         5446    i.DMA_SetConfig     stm32h7xx_hal_dma.o
    0x08000bd0   0x08000bd0   0x00000002   Code   RO         1063    i.DebugMon_Handler  stm32h7xx_it.o
    0x08000bd2   0x08000bd2   0x00000002   Code   RO          312    i.Error_Handler     main.o
    0x08000bd4   0x08000bd4   0x00000002   Code   RO         1462    i.HAL_ADCEx_EndOfSamplingCallback  stm32h7xx_hal_adc_ex.o
    0x08000bd6   0x08000bd6   0x00000002   Code   RO         1465    i.HAL_ADCEx_InjectedConvCpltCallback  stm32h7xx_hal_adc_ex.o
    0x08000bd8   0x08000bd8   0x00000002   Code   RO         1468    i.HAL_ADCEx_InjectedQueueOverflowCallback  stm32h7xx_hal_adc_ex.o
    0x08000bda   0x08000bda   0x00000002   Code   RO         1473    i.HAL_ADCEx_LevelOutOfWindow2Callback  stm32h7xx_hal_adc_ex.o
    0x08000bdc   0x08000bdc   0x00000002   Code   RO         1474    i.HAL_ADCEx_LevelOutOfWindow3Callback  stm32h7xx_hal_adc_ex.o
    0x08000bde   0x08000bde   0x00000002   PAD
    0x08000be0   0x08000be0   0x00000118   Code   RO         1477    i.HAL_ADCEx_MultiModeConfigChannel  stm32h7xx_hal_adc_ex.o
    0x08000cf8   0x08000cf8   0x000003b8   Code   RO         1239    i.HAL_ADC_ConfigChannel  stm32h7xx_hal_adc.o
    0x080010b0   0x080010b0   0x00000002   Code   RO         1240    i.HAL_ADC_ConvCpltCallback  stm32h7xx_hal_adc.o
    0x080010b2   0x080010b2   0x00000002   Code   RO         1241    i.HAL_ADC_ConvHalfCpltCallback  stm32h7xx_hal_adc.o
    0x080010b4   0x080010b4   0x00000002   Code   RO         1243    i.HAL_ADC_ErrorCallback  stm32h7xx_hal_adc.o
    0x080010b6   0x080010b6   0x00000002   PAD
    0x080010b8   0x080010b8   0x00000290   Code   RO         1247    i.HAL_ADC_IRQHandler  stm32h7xx_hal_adc.o
    0x08001348   0x08001348   0x0000021c   Code   RO         1248    i.HAL_ADC_Init      stm32h7xx_hal_adc.o
    0x08001564   0x08001564   0x00000002   Code   RO         1249    i.HAL_ADC_LevelOutOfWindowCallback  stm32h7xx_hal_adc.o
    0x08001566   0x08001566   0x00000002   PAD
    0x08001568   0x08001568   0x000000d0   Code   RO          661    i.HAL_ADC_MspInit   adc.o
    0x08001638   0x08001638   0x000000f8   Code   RO         1255    i.HAL_ADC_Start_DMA  stm32h7xx_hal_adc.o
    0x08001730   0x08001730   0x000000dc   Code   RO         5561    i.HAL_DMAEx_ConfigMuxSync  stm32h7xx_hal_dma_ex.o
    0x0800180c   0x0800180c   0x000001c4   Code   RO         5448    i.HAL_DMA_Abort_IT  stm32h7xx_hal_dma.o
    0x080019d0   0x080019d0   0x000006fc   Code   RO         5452    i.HAL_DMA_IRQHandler  stm32h7xx_hal_dma.o
    0x080020cc   0x080020cc   0x000002c0   Code   RO         5453    i.HAL_DMA_Init      stm32h7xx_hal_dma.o
    0x0800238c   0x0800238c   0x00000214   Code   RO         5457    i.HAL_DMA_Start_IT  stm32h7xx_hal_dma.o
    0x080025a0   0x080025a0   0x00000024   Code   RO         6156    i.HAL_Delay         stm32h7xx_hal.o
    0x080025c4   0x080025c4   0x000001e8   Code   RO         5295    i.HAL_GPIO_Init     stm32h7xx_hal_gpio.o
    0x080027ac   0x080027ac   0x0000000a   Code   RO         5297    i.HAL_GPIO_ReadPin  stm32h7xx_hal_gpio.o
    0x080027b6   0x080027b6   0x0000000e   Code   RO         5298    i.HAL_GPIO_TogglePin  stm32h7xx_hal_gpio.o
    0x080027c4   0x080027c4   0x0000000a   Code   RO         5299    i.HAL_GPIO_WritePin  stm32h7xx_hal_gpio.o
    0x080027ce   0x080027ce   0x00000002   PAD
    0x080027d0   0x080027d0   0x0000000c   Code   RO         6171    i.HAL_GetREVID      stm32h7xx_hal.o
    0x080027dc   0x080027dc   0x0000000c   Code   RO         6172    i.HAL_GetTick       stm32h7xx_hal.o
    0x080027e8   0x080027e8   0x000000bc   Code   RO         1860    i.HAL_HRTIM_Init    stm32h7xx_hal_hrtim.o
    0x080028a4   0x080028a4   0x00000028   Code   RO          730    i.HAL_HRTIM_MspInit  hrtim.o
    0x080028cc   0x080028cc   0x0000007c   Code   RO          731    i.HAL_HRTIM_MspPostInit  hrtim.o
    0x08002948   0x08002948   0x0000007a   Code   RO         1906    i.HAL_HRTIM_TimeBaseConfig  stm32h7xx_hal_hrtim.o
    0x080029c2   0x080029c2   0x00000124   Code   RO         1911    i.HAL_HRTIM_WaveformCompareConfig  stm32h7xx_hal_hrtim.o
    0x08002ae6   0x08002ae6   0x0000002e   Code   RO         1912    i.HAL_HRTIM_WaveformCountStart  stm32h7xx_hal_hrtim.o
    0x08002b14   0x08002b14   0x00000036   Code   RO         1920    i.HAL_HRTIM_WaveformOutputConfig  stm32h7xx_hal_hrtim.o
    0x08002b4a   0x08002b4a   0x00000032   Code   RO         1921    i.HAL_HRTIM_WaveformOutputStart  stm32h7xx_hal_hrtim.o
    0x08002b7c   0x08002b7c   0x000000ba   Code   RO         1924    i.HAL_HRTIM_WaveformTimerConfig  stm32h7xx_hal_hrtim.o
    0x08002c36   0x08002c36   0x00000056   Code   RO         2996    i.HAL_I2CEx_ConfigAnalogFilter  stm32h7xx_hal_i2c_ex.o
    0x08002c8c   0x08002c8c   0x00000052   Code   RO         2997    i.HAL_I2CEx_ConfigDigitalFilter  stm32h7xx_hal_i2c_ex.o
    0x08002cde   0x08002cde   0x00000002   PAD
    0x08002ce0   0x08002ce0   0x000000b8   Code   RO         2550    i.HAL_I2C_Init      stm32h7xx_hal_i2c.o
    0x08002d98   0x08002d98   0x00000164   Code   RO         2568    i.HAL_I2C_Mem_Read  stm32h7xx_hal_i2c.o
    0x08002efc   0x08002efc   0x000001a4   Code   RO          778    i.HAL_I2C_MspInit   i2c.o
    0x080030a0   0x080030a0   0x00000010   Code   RO         6175    i.HAL_IncTick       stm32h7xx_hal.o
    0x080030b0   0x080030b0   0x00000058   Code   RO         6176    i.HAL_Init          stm32h7xx_hal.o
    0x08003108   0x08003108   0x00000040   Code   RO         6177    i.HAL_InitTick      stm32h7xx_hal.o
    0x08003148   0x08003148   0x0000001c   Code   RO         1207    i.HAL_MspInit       stm32h7xx_hal_msp.o
    0x08003164   0x08003164   0x0000001a   Code   RO         1687    i.HAL_NVIC_EnableIRQ  stm32h7xx_hal_cortex.o
    0x0800317e   0x0800317e   0x00000002   PAD
    0x08003180   0x08003180   0x00000040   Code   RO         1693    i.HAL_NVIC_SetPriority  stm32h7xx_hal_cortex.o
    0x080031c0   0x080031c0   0x00000024   Code   RO         1694    i.HAL_NVIC_SetPriorityGrouping  stm32h7xx_hal_cortex.o
    0x080031e4   0x080031e4   0x00000050   Code   RO         5896    i.HAL_PWREx_ConfigSupply  stm32h7xx_hal_pwr_ex.o
    0x08003234   0x08003234   0x0000002c   Code   RO         4932    i.HAL_RCCEx_GetD1SysClockFreq  stm32h7xx_hal_rcc_ex.o
    0x08003260   0x08003260   0x00000024   Code   RO         4933    i.HAL_RCCEx_GetD3PCLK1Freq  stm32h7xx_hal_rcc_ex.o
    0x08003284   0x08003284   0x0000013c   Code   RO         4934    i.HAL_RCCEx_GetPLL1ClockFreq  stm32h7xx_hal_rcc_ex.o
    0x080033c0   0x080033c0   0x0000013c   Code   RO         4935    i.HAL_RCCEx_GetPLL2ClockFreq  stm32h7xx_hal_rcc_ex.o
    0x080034fc   0x080034fc   0x0000013c   Code   RO         4936    i.HAL_RCCEx_GetPLL3ClockFreq  stm32h7xx_hal_rcc_ex.o
    0x08003638   0x08003638   0x00000178   Code   RO         4938    i.HAL_RCCEx_GetPeriphCLKFreq  stm32h7xx_hal_rcc_ex.o
    0x080037b0   0x080037b0   0x000008bc   Code   RO         4940    i.HAL_RCCEx_PeriphCLKConfig  stm32h7xx_hal_rcc_ex.o
    0x0800406c   0x0800406c   0x00000250   Code   RO         4819    i.HAL_RCC_ClockConfig  stm32h7xx_hal_rcc.o
    0x080042bc   0x080042bc   0x0000002c   Code   RO         4824    i.HAL_RCC_GetHCLKFreq  stm32h7xx_hal_rcc.o
    0x080042e8   0x080042e8   0x00000024   Code   RO         4826    i.HAL_RCC_GetPCLK1Freq  stm32h7xx_hal_rcc.o
    0x0800430c   0x0800430c   0x00000024   Code   RO         4827    i.HAL_RCC_GetPCLK2Freq  stm32h7xx_hal_rcc.o
    0x08004330   0x08004330   0x00000130   Code   RO         4828    i.HAL_RCC_GetSysClockFreq  stm32h7xx_hal_rcc.o
    0x08004460   0x08004460   0x00000498   Code   RO         4831    i.HAL_RCC_OscConfig  stm32h7xx_hal_rcc.o
    0x080048f8   0x080048f8   0x00000002   Code   RO         3057    i.HAL_SPI_ErrorCallback  stm32h7xx_hal_spi.o
    0x080048fa   0x080048fa   0x00000002   PAD
    0x080048fc   0x080048fc   0x00000238   Code   RO         3060    i.HAL_SPI_IRQHandler  stm32h7xx_hal_spi.o
    0x08004b34   0x08004b34   0x00000138   Code   RO         3061    i.HAL_SPI_Init      stm32h7xx_hal_spi.o
    0x08004c6c   0x08004c6c   0x00000274   Code   RO          832    i.HAL_SPI_MspInit   spi.o
    0x08004ee0   0x08004ee0   0x00000226   Code   RO         3064    i.HAL_SPI_Receive   stm32h7xx_hal_spi.o
    0x08005106   0x08005106   0x00000002   Code   RO         3067    i.HAL_SPI_RxCpltCallback  stm32h7xx_hal_spi.o
    0x08005108   0x08005108   0x0000022a   Code   RO         3069    i.HAL_SPI_Transmit  stm32h7xx_hal_spi.o
    0x08005332   0x08005332   0x00000308   Code   RO         3070    i.HAL_SPI_TransmitReceive  stm32h7xx_hal_spi.o
    0x0800563a   0x0800563a   0x00000002   Code   RO         3075    i.HAL_SPI_TxCpltCallback  stm32h7xx_hal_spi.o
    0x0800563c   0x0800563c   0x00000002   Code   RO         3077    i.HAL_SPI_TxRxCpltCallback  stm32h7xx_hal_spi.o
    0x0800563e   0x0800563e   0x00000028   Code   RO         1698    i.HAL_SYSTICK_Config  stm32h7xx_hal_cortex.o
    0x08005666   0x08005666   0x00000002   Code   RO         4072    i.HAL_TIMEx_Break2Callback  stm32h7xx_hal_tim_ex.o
    0x08005668   0x08005668   0x00000002   Code   RO         4073    i.HAL_TIMEx_BreakCallback  stm32h7xx_hal_tim_ex.o
    0x0800566a   0x0800566a   0x00000002   Code   RO         4074    i.HAL_TIMEx_CommutCallback  stm32h7xx_hal_tim_ex.o
    0x0800566c   0x0800566c   0x0000008c   Code   RO         4076    i.HAL_TIMEx_ConfigBreakDeadTime  stm32h7xx_hal_tim_ex.o
    0x080056f8   0x080056f8   0x00000060   Code   RO         4093    i.HAL_TIMEx_MasterConfigSynchronization  stm32h7xx_hal_tim_ex.o
    0x08005758   0x08005758   0x00000036   Code   RO         3375    i.HAL_TIM_Base_Init  stm32h7xx_hal_tim.o
    0x0800578e   0x0800578e   0x00000002   PAD
    0x08005790   0x08005790   0x00000044   Code   RO          880    i.HAL_TIM_Base_MspInit  tim.o
    0x080057d4   0x080057d4   0x0000002c   Code   RO         3380    i.HAL_TIM_Base_Start_IT  stm32h7xx_hal_tim.o
    0x08005800   0x08005800   0x0000009c   Code   RO         3395    i.HAL_TIM_Encoder_Init  stm32h7xx_hal_tim.o
    0x0800589c   0x0800589c   0x00000124   Code   RO          882    i.HAL_TIM_Encoder_MspInit  tim.o
    0x080059c0   0x080059c0   0x00000032   Code   RO         3398    i.HAL_TIM_Encoder_Start  stm32h7xx_hal_tim.o
    0x080059f2   0x080059f2   0x00000002   Code   RO         3406    i.HAL_TIM_IC_CaptureCallback  stm32h7xx_hal_tim.o
    0x080059f4   0x080059f4   0x00000184   Code   RO         3420    i.HAL_TIM_IRQHandler  stm32h7xx_hal_tim.o
    0x08005b78   0x08005b78   0x00000108   Code   RO          883    i.HAL_TIM_MspPostInit  tim.o
    0x08005c80   0x08005c80   0x00000072   Code   RO         3421    i.HAL_TIM_OC_ConfigChannel  stm32h7xx_hal_tim.o
    0x08005cf2   0x08005cf2   0x00000002   Code   RO         3423    i.HAL_TIM_OC_DelayElapsedCallback  stm32h7xx_hal_tim.o
    0x08005cf4   0x08005cf4   0x00000036   Code   RO         3425    i.HAL_TIM_OC_Init   stm32h7xx_hal_tim.o
    0x08005d2a   0x08005d2a   0x00000002   PAD
    0x08005d2c   0x08005d2c   0x0000003c   Code   RO          885    i.HAL_TIM_OC_MspInit  tim.o
    0x08005d68   0x08005d68   0x0000004a   Code   RO         3437    i.HAL_TIM_OnePulse_Init  stm32h7xx_hal_tim.o
    0x08005db2   0x08005db2   0x00000002   Code   RO         3439    i.HAL_TIM_OnePulse_MspInit  stm32h7xx_hal_tim.o
    0x08005db4   0x08005db4   0x00000128   Code   RO         3444    i.HAL_TIM_PWM_ConfigChannel  stm32h7xx_hal_tim.o
    0x08005edc   0x08005edc   0x00000036   Code   RO         3447    i.HAL_TIM_PWM_Init  stm32h7xx_hal_tim.o
    0x08005f12   0x08005f12   0x00000002   PAD
    0x08005f14   0x08005f14   0x00000044   Code   RO          887    i.HAL_TIM_PWM_MspInit  tim.o
    0x08005f58   0x08005f58   0x00000002   Code   RO         3450    i.HAL_TIM_PWM_PulseFinishedCallback  stm32h7xx_hal_tim.o
    0x08005f5a   0x08005f5a   0x00000002   PAD
    0x08005f5c   0x08005f5c   0x0000006c   Code   RO         3452    i.HAL_TIM_PWM_Start  stm32h7xx_hal_tim.o
    0x08005fc8   0x08005fc8   0x00000394   Code   RO          313    i.HAL_TIM_PeriodElapsedCallback  main.o
    0x0800635c   0x0800635c   0x00000002   Code   RO         3463    i.HAL_TIM_TriggerCallback  stm32h7xx_hal_tim.o
    0x0800635e   0x0800635e   0x0000003e   Code   RO         4725    i.HAL_UARTEx_DisableFifoMode  stm32h7xx_hal_uart_ex.o
    0x0800639c   0x0800639c   0x00000002   Code   RO         4729    i.HAL_UARTEx_RxFifoFullCallback  stm32h7xx_hal_uart_ex.o
    0x0800639e   0x0800639e   0x0000004c   Code   RO         4730    i.HAL_UARTEx_SetRxFifoThreshold  stm32h7xx_hal_uart_ex.o
    0x080063ea   0x080063ea   0x0000004c   Code   RO         4731    i.HAL_UARTEx_SetTxFifoThreshold  stm32h7xx_hal_uart_ex.o
    0x08006436   0x08006436   0x00000002   Code   RO         4733    i.HAL_UARTEx_TxFifoEmptyCallback  stm32h7xx_hal_uart_ex.o
    0x08006438   0x08006438   0x00000002   Code   RO         4734    i.HAL_UARTEx_WakeupCallback  stm32h7xx_hal_uart_ex.o
    0x0800643a   0x0800643a   0x00000002   Code   RO         4369    i.HAL_UART_ErrorCallback  stm32h7xx_hal_uart.o
    0x0800643c   0x0800643c   0x0000019c   Code   RO         4372    i.HAL_UART_IRQHandler  stm32h7xx_hal_uart.o
    0x080065d8   0x080065d8   0x0000006a   Code   RO         4373    i.HAL_UART_Init     stm32h7xx_hal_uart.o
    0x08006642   0x08006642   0x00000002   PAD
    0x08006644   0x08006644   0x000000bc   Code   RO         1012    i.HAL_UART_MspInit  usart.o
    0x08006700   0x08006700   0x00000002   Code   RO         4384    i.HAL_UART_TxCpltCallback  stm32h7xx_hal_uart.o
    0x08006702   0x08006702   0x0000005a   Code   RO         1931    i.HRTIM_ForceRegistersUpdate  stm32h7xx_hal_hrtim.o
    0x0800675c   0x0800675c   0x000000c8   Code   RO         1937    i.HRTIM_OutputConfig  stm32h7xx_hal_hrtim.o
    0x08006824   0x08006824   0x00000142   Code   RO         1940    i.HRTIM_TimingUnitWaveform_Config  stm32h7xx_hal_hrtim.o
    0x08006966   0x08006966   0x00000002   Code   RO         1064    i.HardFault_Handler  stm32h7xx_it.o
    0x08006968   0x08006968   0x00000022   Code   RO         2597    i.I2C_Flush_TXDR    stm32h7xx_hal_i2c.o
    0x0800698a   0x0800698a   0x00000002   PAD
    0x0800698c   0x0800698c   0x0000007c   Code   RO         2605    i.I2C_IsAcknowledgeFailed  stm32h7xx_hal_i2c.o
    0x08006a08   0x08006a08   0x00000064   Code   RO         2608    i.I2C_RequestMemoryRead  stm32h7xx_hal_i2c.o
    0x08006a6c   0x08006a6c   0x0000002c   Code   RO         2612    i.I2C_TransferConfig  stm32h7xx_hal_i2c.o
    0x08006a98   0x08006a98   0x0000005a   Code   RO         2613    i.I2C_WaitOnFlagUntilTimeout  stm32h7xx_hal_i2c.o
    0x08006af2   0x08006af2   0x0000004e   Code   RO         2615    i.I2C_WaitOnSTOPFlagUntilTimeout  stm32h7xx_hal_i2c.o
    0x08006b40   0x08006b40   0x00000052   Code   RO         2616    i.I2C_WaitOnTXISFlagUntilTimeout  stm32h7xx_hal_i2c.o
    0x08006b92   0x08006b92   0x00000002   PAD
    0x08006b94   0x08006b94   0x0000008c   Code   RO          314    i.Init_PCA9539      main.o
    0x08006c20   0x08006c20   0x000001b0   Code   RO          315    i.Init_Timers       main.o
    0x08006dd0   0x08006dd0   0x0000008c   Code   RO          316    i.Is_BatteryLow_BootCharged  main.o
    0x08006e5c   0x08006e5c   0x0000004c   Code   RO          317    i.Is_Infrared       main.o
    0x08006ea8   0x08006ea8   0x00000008   Code   RO         1260    i.LL_ADC_INJ_IsConversionOngoing  stm32h7xx_hal_adc.o
    0x08006eb0   0x08006eb0   0x00000008   Code   RO         1261    i.LL_ADC_IsEnabled  stm32h7xx_hal_adc.o
    0x08006eb8   0x08006eb8   0x00000008   Code   RO         1262    i.LL_ADC_REG_IsConversionOngoing  stm32h7xx_hal_adc.o
    0x08006ec0   0x08006ec0   0x00000008   Code   RO         1488    i.LL_ADC_REG_IsConversionOngoing  stm32h7xx_hal_adc_ex.o
    0x08006ec8   0x08006ec8   0x00000010   Code   RO         1263    i.LL_ADC_REG_IsTriggerSourceSWStart  stm32h7xx_hal_adc.o
    0x08006ed8   0x08006ed8   0x0000001e   Code   RO         1265    i.LL_ADC_SetChannelSamplingTime  stm32h7xx_hal_adc.o
    0x08006ef6   0x08006ef6   0x00000002   PAD
    0x08006ef8   0x08006ef8   0x000000b0   Code   RO          662    i.MX_ADC1_Init      adc.o
    0x08006fa8   0x08006fa8   0x000000ac   Code   RO          702    i.MX_DMA_Init       dma.o
    0x08007054   0x08007054   0x0000024c   Code   RO          636    i.MX_GPIO_Init      gpio.o
    0x080072a0   0x080072a0   0x000001c4   Code   RO          732    i.MX_HRTIM_Init     hrtim.o
    0x08007464   0x08007464   0x00000058   Code   RO          779    i.MX_I2C2_Init      i2c.o
    0x080074bc   0x080074bc   0x00000058   Code   RO          780    i.MX_I2C3_Init      i2c.o
    0x08007514   0x08007514   0x00000058   Code   RO          781    i.MX_I2C4_Init      i2c.o
    0x0800756c   0x0800756c   0x0000005c   Code   RO          833    i.MX_SPI1_Init      spi.o
    0x080075c8   0x080075c8   0x0000005c   Code   RO          834    i.MX_SPI2_Init      spi.o
    0x08007624   0x08007624   0x00000078   Code   RO          888    i.MX_TIM12_Init     tim.o
    0x0800769c   0x0800769c   0x00000064   Code   RO          889    i.MX_TIM14_Init     tim.o
    0x08007700   0x08007700   0x000000b8   Code   RO          890    i.MX_TIM15_Init     tim.o
    0x080077b8   0x080077b8   0x0000009c   Code   RO          891    i.MX_TIM16_Init     tim.o
    0x08007854   0x08007854   0x00000070   Code   RO          892    i.MX_TIM1_Init      tim.o
    0x080078c4   0x080078c4   0x0000006c   Code   RO          893    i.MX_TIM2_Init      tim.o
    0x08007930   0x08007930   0x0000006c   Code   RO          894    i.MX_TIM3_Init      tim.o
    0x0800799c   0x0800799c   0x0000006c   Code   RO          895    i.MX_TIM4_Init      tim.o
    0x08007a08   0x08007a08   0x0000006c   Code   RO          896    i.MX_TIM5_Init      tim.o
    0x08007a74   0x08007a74   0x00000068   Code   RO         1013    i.MX_USART3_UART_Init  usart.o
    0x08007adc   0x08007adc   0x00000002   Code   RO         1065    i.MemManage_Handler  stm32h7xx_it.o
    0x08007ade   0x08007ade   0x00000002   Code   RO         1066    i.NMI_Handler       stm32h7xx_it.o
    0x08007ae0   0x08007ae0   0x00000040   Code   RO           14    i.NRF24L01_RX_Init  nrf24l01.o
    0x08007b20   0x08007b20   0x00000044   Code   RO           15    i.NRF24L01_RX_Read_Buf  nrf24l01.o
    0x08007b64   0x08007b64   0x0000004c   Code   RO           16    i.NRF24L01_RX_Read_Reg  nrf24l01.o
    0x08007bb0   0x08007bb0   0x00000050   Code   RO           17    i.NRF24L01_RX_Write_Buf  nrf24l01.o
    0x08007c00   0x08007c00   0x0000004c   Code   RO           18    i.NRF24L01_RX_Write_Reg  nrf24l01.o
    0x08007c4c   0x08007c4c   0x00000032   Code   RO           19    i.NRF24L01_RxPacket  nrf24l01.o
    0x08007c7e   0x08007c7e   0x00000002   PAD
    0x08007c80   0x08007c80   0x00000044   Code   RO           21    i.NRF24L01_TX_Init  nrf24l01.o
    0x08007cc4   0x08007cc4   0x00000050   Code   RO           24    i.NRF24L01_TX_Write_Buf  nrf24l01.o
    0x08007d14   0x08007d14   0x0000004c   Code   RO           25    i.NRF24L01_TX_Write_Reg  nrf24l01.o
    0x08007d60   0x08007d60   0x00000030   Code   RO           26    i.NRF24L01_TxPacket  nrf24l01.o
    0x08007d90   0x08007d90   0x00000002   Code   RO         1067    i.PendSV_Handler    stm32h7xx_it.o
    0x08007d92   0x08007d92   0x00000002   PAD
    0x08007d94   0x08007d94   0x00000114   Code   RO         4943    i.RCCEx_PLL2_Config  stm32h7xx_hal_rcc_ex.o
    0x08007ea8   0x08007ea8   0x00000114   Code   RO         4944    i.RCCEx_PLL3_Config  stm32h7xx_hal_rcc_ex.o
    0x08007fbc   0x08007fbc   0x00000074   Code   RO           27    i.RX_Mode           nrf24l01.o
    0x08008030   0x08008030   0x0000000c   Code   RO         1068    i.SPI1_IRQHandler   stm32h7xx_it.o
    0x0800803c   0x0800803c   0x0000000c   Code   RO         1069    i.SPI2_IRQHandler   stm32h7xx_it.o
    0x08008048   0x08008048   0x000000bc   Code   RO         3080    i.SPI_CloseTransfer  stm32h7xx_hal_spi.o
    0x08008104   0x08008104   0x0000001a   Code   RO         3081    i.SPI_DMAAbortOnError  stm32h7xx_hal_spi.o
    0x0800811e   0x0800811e   0x00000042   Code   RO         3097    i.SPI_WaitOnFlagUntilTimeout  stm32h7xx_hal_spi.o
    0x08008160   0x08008160   0x00000002   Code   RO         1070    i.SVC_Handler       stm32h7xx_it.o
    0x08008162   0x08008162   0x00000002   PAD
    0x08008164   0x08008164   0x000000a4   Code   RO          318    i.Shoot_Chip        main.o
    0x08008208   0x08008208   0x00000004   Code   RO         1071    i.SysTick_Handler   stm32h7xx_it.o
    0x0800820c   0x0800820c   0x000000f4   Code   RO          319    i.SystemClock_Config  main.o
    0x08008300   0x08008300   0x00000090   Code   RO         6464    i.SystemInit        system_stm32h7xx.o
    0x08008390   0x08008390   0x0000000c   Code   RO         1072    i.TIM5_IRQHandler   stm32h7xx_it.o
    0x0800839c   0x0800839c   0x000000c0   Code   RO         3465    i.TIM_Base_SetConfig  stm32h7xx_hal_tim.o
    0x0800845c   0x0800845c   0x0000001a   Code   RO         3466    i.TIM_CCxChannelCmd  stm32h7xx_hal_tim.o
    0x08008476   0x08008476   0x00000002   PAD
    0x08008478   0x08008478   0x0000009c   Code   RO         3478    i.TIM_OC1_SetConfig  stm32h7xx_hal_tim.o
    0x08008514   0x08008514   0x00000090   Code   RO         3479    i.TIM_OC2_SetConfig  stm32h7xx_hal_tim.o
    0x080085a4   0x080085a4   0x00000088   Code   RO         3480    i.TIM_OC3_SetConfig  stm32h7xx_hal_tim.o
    0x0800862c   0x0800862c   0x0000006c   Code   RO         3481    i.TIM_OC4_SetConfig  stm32h7xx_hal_tim.o
    0x08008698   0x08008698   0x0000006c   Code   RO         3482    i.TIM_OC5_SetConfig  stm32h7xx_hal_tim.o
    0x08008704   0x08008704   0x0000006c   Code   RO         3483    i.TIM_OC6_SetConfig  stm32h7xx_hal_tim.o
    0x08008770   0x08008770   0x0000008c   Code   RO           28    i.TX_Mode           nrf24l01.o
    0x080087fc   0x080087fc   0x00000064   Code   RO         4735    i.UARTEx_SetNbDataToProcess  stm32h7xx_hal_uart_ex.o
    0x08008860   0x08008860   0x000000c8   Code   RO         4386    i.UART_AdvFeatureConfig  stm32h7xx_hal_uart.o
    0x08008928   0x08008928   0x0000005e   Code   RO         4387    i.UART_CheckIdleState  stm32h7xx_hal_uart.o
    0x08008986   0x08008986   0x00000014   Code   RO         4388    i.UART_DMAAbortOnError  stm32h7xx_hal_uart.o
    0x0800899a   0x0800899a   0x00000002   PAD
    0x0800899c   0x0800899c   0x00000024   Code   RO         4398    i.UART_EndRxTransfer  stm32h7xx_hal_uart.o
    0x080089c0   0x080089c0   0x00000a4c   Code   RO         4404    i.UART_SetConfig    stm32h7xx_hal_uart.o
    0x0800940c   0x0800940c   0x00000062   Code   RO         4409    i.UART_WaitOnFlagUntilTimeout  stm32h7xx_hal_uart.o
    0x0800946e   0x0800946e   0x00000002   PAD
    0x08009470   0x08009470   0x0000000c   Code   RO         1073    i.USART3_IRQHandler  stm32h7xx_it.o
    0x0800947c   0x0800947c   0x00000002   Code   RO         1074    i.UsageFault_Handler  stm32h7xx_it.o
    0x0800947e   0x0800947e   0x00000020   Code   RO         1700    i.__NVIC_SetPriority  stm32h7xx_hal_cortex.o
    0x0800949e   0x0800949e   0x00000066   Code   RO         6510    i.__hardfp_sqrt     m_wv.l(sqrt.o)
    0x08009504   0x08009504   0x00000020   Code   RO          320    i.dribber           main.o
    0x08009524   0x08009524   0x000000e0   Code   RO          321    i.main              main.o
    0x08009604   0x08009604   0x000001b8   Code   RO          322    i.motion_planner    main.o
    0x080097bc   0x080097bc   0x00000024   Code   RO          323    i.pack              main.o
    0x080097e0   0x080097e0   0x000001c8   Code   RO          324    i.unpack            main.o
    0x080099a8   0x080099a8   0x0000000a   Code   RO         6637    x$fpl$fpinit        fz_wv.l(fpinit.o)
    0x080099b2   0x080099b2   0x00000000   Code   RO         6529    x$fpl$usenofp       fz_wv.l(usenofp.o)
    0x080099b2   0x080099b2   0x0000000a   Data   RO           29    .constdata          nrf24l01.o
    0x080099bc   0x080099bc   0x00000008   Data   RO         5459    .constdata          stm32h7xx_hal_dma.o
    0x080099c4   0x080099c4   0x00000010   Data   RO         6465    .constdata          system_stm32h7xx.o
    0x080099d4   0x080099d4   0x00000020   Data   RO         6693    Region$$Table       anon$$obj.o


    Execution Region RW_IRAM2 (Exec base: 0x24000000, Load base: 0x080099f4, Size: 0x000011b0, Max: 0x00080000, ABSOLUTE, COMPRESSED[0x00000054])

    Exec Addr    Load Addr    Size         Type   Attr      Idx    E Section Name        Object

    0x24000000   COMPRESSED   0x00000001   Data   RW           33    .data               nrf24l01.o
    0x24000001   COMPRESSED   0x00000007   PAD
    0x24000008   COMPRESSED   0x00000118   Data   RW          333    .data               main.o
    0x24000120   COMPRESSED   0x0000000c   Data   RW         6198    .data               stm32h7xx_hal.o
    0x2400012c   COMPRESSED   0x00000004   Data   RW         6466    .data               system_stm32h7xx.o
    0x24000130   COMPRESSED   0x00000004   Data   RW         6467    .data               system_stm32h7xx.o
    0x24000134        -       0x00000059   Zero   RW          325    .bss                main.o
    0x2400018d   COMPRESSED   0x00000003   PAD
    0x24000190        -       0x000000dc   Zero   RW          663    .bss                adc.o
    0x2400026c        -       0x000000dc   Zero   RW          733    .bss                hrtim.o
    0x24000348        -       0x000001d4   Zero   RW          782    .bss                i2c.o
    0x2400051c        -       0x000002f0   Zero   RW          835    .bss                spi.o
    0x2400080c        -       0x00000240   Zero   RW          897    .bss                tim.o
    0x24000a4c        -       0x00000104   Zero   RW         1014    .bss                usart.o
    0x24000b50        -       0x00000060   Zero   RW         6553    .bss                c_w.l(libspace.o)
    0x24000bb0        -       0x00000200   Zero   RW            2    HEAP                startup_stm32h743xx.o
    0x24000db0        -       0x00000400   Zero   RW            1    STACK               startup_stm32h743xx.o


==============================================================================

Image component sizes


      Code (inc. data)   RO Data    RW Data    ZI Data      Debug   Object Name

       384         44          0          0        220       2071   adc.o
       172          4          0          0          0        938   dma.o
       588         32          0          0          0       1351   gpio.o
       616         34          0          0        220       2885   hrtim.o
       684         72          0          0        468       3605   i2c.o
      3302        272          0        280         89    1262431   main.o
       942        116         10          1          0    1440406   nrf24l01.o
       812         66          0          0        752       3214   spi.o
        64         26        664          0       1536        892   startup_stm32h743xx.o
       228         42          0         12          0       4941   stm32h7xx_hal.o
      3054        218          0          0          0      76914   stm32h7xx_hal_adc.o
       298         22          0          0          0      64652   stm32h7xx_hal_adc_ex.o
       198         14          0          0          0      38619   stm32h7xx_hal_cortex.o
      4320        124          8          0          0      10458   stm32h7xx_hal_dma.o
       220         12          0          0          0       1446   stm32h7xx_hal_dma_ex.o
       522         48          0          0          0       4124   stm32h7xx_hal_gpio.o
      1550         22          0          0          0      11578   stm32h7xx_hal_hrtim.o
      1092         32          0          0          0      10046   stm32h7xx_hal_i2c.o
       168          0          0          0          0       2055   stm32h7xx_hal_i2c_ex.o
        28          6          0          0          0        882   stm32h7xx_hal_msp.o
        80          6          0          0          0        853   stm32h7xx_hal_pwr_ex.o
      2188        114          0          0          0       7208   stm32h7xx_hal_rcc.o
      4192        192          0          0          0      11041   stm32h7xx_hal_rcc_ex.o
      3048         18          0          0          0      13288   stm32h7xx_hal_spi.o
      2380        200          0          0          0      20603   stm32h7xx_hal_tim.o
       242         16          0          0          0       4348   stm32h7xx_hal_tim_ex.o
      3606        132          0          0          0      11386   stm32h7xx_hal_uart.o
       320         18          0          0          0       5798   stm32h7xx_hal_uart_ex.o
       176         78          0          0          0      11169   stm32h7xx_it.o
       144         18         16          8          0       1378   system_stm32h7xx.o
      1856        176          0          0        576      10845   tim.o
       292         32          0          0        260       2005   usart.o

    ----------------------------------------------------------------------
     37810       2206        730        308       4124    3043430   Object Totals
         0          0         32          0          0          0   (incl. Generated)
        44          0          0          7          3          0   (incl. Padding)

    ----------------------------------------------------------------------

      Code (inc. data)   RO Data    RW Data    ZI Data      Debug   Library Member Name

        90          0          0          0          0          0   __dczerorl2.o
         8          0          0          0          0         68   __main.o
         0          0          0          0          0          0   __rtentry.o
        12          0          0          0          0          0   __rtentry2.o
         6          0          0          0          0          0   __rtentry4.o
        52          8          0          0          0          0   __scatter.o
        28          0          0          0          0          0   __scatter_zi.o
        22          0          0          0          0        100   _rserrno.o
        18          0          0          0          0         80   exit.o
         6          0          0          0          0        152   heapauxi.o
         0          0          0          0          0          0   indicate_semi.o
         2          0          0          0          0          0   libinit.o
         6          0          0          0          0          0   libinit2.o
         2          0          0          0          0          0   libshutdown.o
         2          0          0          0          0          0   libshutdown2.o
         8          4          0          0         96         68   libspace.o
       238          0          0          0          0        100   lludivv7m.o
         8          4          0          0          0         68   rt_errno_addr_intlibspace.o
        68          0          0          0          0         68   rt_memclr.o
        78          0          0          0          0         80   rt_memclr_w.o
         2          0          0          0          0          0   rtexit.o
        10          0          0          0          0          0   rtexit2.o
        12          4          0          0          0         68   sys_exit.o
        74          0          0          0          0         80   sys_stackheap_outer.o
         2          0          0          0          0         68   use_no_semi.o
        10          0          0          0          0        116   fpinit.o
         0          0          0          0          0          0   usenofp.o
       102          0          0          0          0        140   sqrt.o

    ----------------------------------------------------------------------
       872         20          0          0         96       1256   Library Totals
         6          0          0          0          0          0   (incl. Padding)

    ----------------------------------------------------------------------

      Code (inc. data)   RO Data    RW Data    ZI Data      Debug   Library Name

       754         20          0          0         96       1000   c_w.l
        10          0          0          0          0        116   fz_wv.l
       102          0          0          0          0        140   m_wv.l

    ----------------------------------------------------------------------
       872         20          0          0         96       1256   Library Totals

    ----------------------------------------------------------------------

==============================================================================


      Code (inc. data)   RO Data    RW Data    ZI Data      Debug   

     38682       2226        730        308       4220    3022770   Grand Totals
     38682       2226        730         84       4220    3022770   ELF Image Totals (compressed)
     38682       2226        730         84          0          0   ROM Totals

==============================================================================

    Total RO  Size (Code + RO Data)                39412 (  38.49kB)
    Total RW  Size (RW Data + ZI Data)              4528 (   4.42kB)
    Total ROM Size (Code + RO Data + RW Data)      39496 (  38.57kB)

==============================================================================

