Component: ARM Compiler 5.06 update 6 (build 750) Tool: armlink [4d35ed]

==============================================================================

Section Cross References

    startup_stm32h743xx.o(STACK) refers (Special) to heapauxi.o(.text) for __use_two_region_memory
    startup_stm32h743xx.o(HEAP) refers (Special) to heapauxi.o(.text) for __use_two_region_memory
    startup_stm32h743xx.o(RESET) refers (Special) to heapauxi.o(.text) for __use_two_region_memory
    startup_stm32h743xx.o(RESET) refers to startup_stm32h743xx.o(STACK) for __initial_sp
    startup_stm32h743xx.o(RESET) refers to startup_stm32h743xx.o(.text) for Reset_Handler
    startup_stm32h743xx.o(RESET) refers to stm32h7xx_it.o(i.NMI_Handler) for NMI_Handler
    startup_stm32h743xx.o(RESET) refers to stm32h7xx_it.o(i.HardFault_Handler) for HardFault_Handler
    startup_stm32h743xx.o(RESET) refers to stm32h7xx_it.o(i.MemManage_Handler) for MemManage_Handler
    startup_stm32h743xx.o(RESET) refers to stm32h7xx_it.o(i.BusFault_Handler) for BusFault_Handler
    startup_stm32h743xx.o(RESET) refers to stm32h7xx_it.o(i.UsageFault_Handler) for UsageFault_Handler
    startup_stm32h743xx.o(RESET) refers to stm32h7xx_it.o(i.SVC_Handler) for SVC_Handler
    startup_stm32h743xx.o(RESET) refers to stm32h7xx_it.o(i.DebugMon_Handler) for DebugMon_Handler
    startup_stm32h743xx.o(RESET) refers to stm32h7xx_it.o(i.PendSV_Handler) for PendSV_Handler
    startup_stm32h743xx.o(RESET) refers to stm32h7xx_it.o(i.SysTick_Handler) for SysTick_Handler
    startup_stm32h743xx.o(RESET) refers to stm32h7xx_it.o(i.DMA1_Stream0_IRQHandler) for DMA1_Stream0_IRQHandler
    startup_stm32h743xx.o(RESET) refers to stm32h7xx_it.o(i.DMA1_Stream1_IRQHandler) for DMA1_Stream1_IRQHandler
    startup_stm32h743xx.o(RESET) refers to stm32h7xx_it.o(i.DMA1_Stream2_IRQHandler) for DMA1_Stream2_IRQHandler
    startup_stm32h743xx.o(RESET) refers to stm32h7xx_it.o(i.DMA1_Stream3_IRQHandler) for DMA1_Stream3_IRQHandler
    startup_stm32h743xx.o(RESET) refers to stm32h7xx_it.o(i.DMA1_Stream4_IRQHandler) for DMA1_Stream4_IRQHandler
    startup_stm32h743xx.o(RESET) refers to stm32h7xx_it.o(i.DMA1_Stream5_IRQHandler) for DMA1_Stream5_IRQHandler
    startup_stm32h743xx.o(RESET) refers to stm32h7xx_it.o(i.ADC_IRQHandler) for ADC_IRQHandler
    startup_stm32h743xx.o(RESET) refers to stm32h7xx_it.o(i.SPI1_IRQHandler) for SPI1_IRQHandler
    startup_stm32h743xx.o(RESET) refers to stm32h7xx_it.o(i.SPI2_IRQHandler) for SPI2_IRQHandler
    startup_stm32h743xx.o(RESET) refers to stm32h7xx_it.o(i.USART3_IRQHandler) for USART3_IRQHandler
    startup_stm32h743xx.o(RESET) refers to stm32h7xx_it.o(i.TIM5_IRQHandler) for TIM5_IRQHandler
    startup_stm32h743xx.o(RESET) refers to stm32h7xx_it.o(i.DMA2_Stream0_IRQHandler) for DMA2_Stream0_IRQHandler
    startup_stm32h743xx.o(RESET) refers to stm32h7xx_it.o(i.DMA2_Stream1_IRQHandler) for DMA2_Stream1_IRQHandler
    startup_stm32h743xx.o(.text) refers (Special) to heapauxi.o(.text) for __use_two_region_memory
    startup_stm32h743xx.o(.text) refers to system_stm32h7xx.o(i.SystemInit) for SystemInit
    startup_stm32h743xx.o(.text) refers to __main.o(!!!main) for __main
    startup_stm32h743xx.o(.text) refers to startup_stm32h743xx.o(HEAP) for Heap_Mem
    startup_stm32h743xx.o(.text) refers to startup_stm32h743xx.o(STACK) for Stack_Mem
    nrf24l01.o(i.NRF24L01_RX_Check) refers to nrf24l01.o(i.NRF24L01_RX_Write_Buf) for NRF24L01_RX_Write_Buf
    nrf24l01.o(i.NRF24L01_RX_Check) refers to nrf24l01.o(i.NRF24L01_RX_Read_Buf) for NRF24L01_RX_Read_Buf
    nrf24l01.o(i.NRF24L01_RX_Init) refers to stm32h7xx_hal_gpio.o(i.HAL_GPIO_WritePin) for HAL_GPIO_WritePin
    nrf24l01.o(i.NRF24L01_RX_Init) refers to spi.o(i.MX_SPI1_Init) for MX_SPI1_Init
    nrf24l01.o(i.NRF24L01_RX_Read_Buf) refers to stm32h7xx_hal_gpio.o(i.HAL_GPIO_WritePin) for HAL_GPIO_WritePin
    nrf24l01.o(i.NRF24L01_RX_Read_Buf) refers to stm32h7xx_hal_spi.o(i.HAL_SPI_Transmit) for HAL_SPI_Transmit
    nrf24l01.o(i.NRF24L01_RX_Read_Buf) refers to stm32h7xx_hal_spi.o(i.HAL_SPI_Receive) for HAL_SPI_Receive
    nrf24l01.o(i.NRF24L01_RX_Read_Buf) refers to spi.o(.bss) for hspi1
    nrf24l01.o(i.NRF24L01_RX_Read_Reg) refers to stm32h7xx_hal_gpio.o(i.HAL_GPIO_WritePin) for HAL_GPIO_WritePin
    nrf24l01.o(i.NRF24L01_RX_Read_Reg) refers to stm32h7xx_hal_spi.o(i.HAL_SPI_TransmitReceive) for HAL_SPI_TransmitReceive
    nrf24l01.o(i.NRF24L01_RX_Read_Reg) refers to stm32h7xx_hal_spi.o(i.HAL_SPI_Receive) for HAL_SPI_Receive
    nrf24l01.o(i.NRF24L01_RX_Read_Reg) refers to spi.o(.bss) for hspi1
    nrf24l01.o(i.NRF24L01_RX_Write_Buf) refers to stm32h7xx_hal_gpio.o(i.HAL_GPIO_WritePin) for HAL_GPIO_WritePin
    nrf24l01.o(i.NRF24L01_RX_Write_Buf) refers to stm32h7xx_hal_spi.o(i.HAL_SPI_TransmitReceive) for HAL_SPI_TransmitReceive
    nrf24l01.o(i.NRF24L01_RX_Write_Buf) refers to stm32h7xx_hal_spi.o(i.HAL_SPI_Transmit) for HAL_SPI_Transmit
    nrf24l01.o(i.NRF24L01_RX_Write_Buf) refers to spi.o(.bss) for hspi1
[...]
    _signal_finish                            - Undefined Weak Reference
    _signal_init                              - Undefined Weak Reference
    _terminate_alloc                          - Undefined Weak Reference
    _terminate_user_alloc                     - Undefined Weak Reference
    _terminateio                              - Undefined Weak Reference
    __Vectors_Size                           0x00000298   Number         0  startup_stm32h743xx.o ABSOLUTE
    __Vectors                                0x08000000   Data           4  startup_stm32h743xx.o(RESET)
    __Vectors_End                            0x08000298   Data           0  startup_stm32h743xx.o(RESET)
    __main                                   0x08000299   Thumb Code     8  __main.o(!!!main)
    __scatterload                            0x080002a1   Thumb Code     0  __scatter.o(!!!scatter)
    __scatterload_rt2                        0x080002a1   Thumb Code    44  __scatter.o(!!!scatter)
    __scatterload_rt2_thumb_only             0x080002a1   Thumb Code     0  __scatter.o(!!!scatter)
    __scatterload_null                       0x080002af   Thumb Code     0  __scatter.o(!!!scatter)
    __decompress                             0x080002d5   Thumb Code    90  __dczerorl2.o(!!dczerorl2)
    __decompress1                            0x080002d5   Thumb Code     0  __dczerorl2.o(!!dczerorl2)
    __scatterload_zeroinit                   0x08000331   Thumb Code    28  __scatter_zi.o(!!handler_zi)
    __rt_lib_init                            0x0800034d   Thumb Code     0  libinit.o(.ARM.Collect$$libinit$$00000000)
    __rt_lib_init_fp_1                       0x0800034f   Thumb Code     0  libinit2.o(.ARM.Collect$$libinit$$00000001)
    __rt_lib_init_alloca_1                   0x08000353   Thumb Code     0  libinit2.o(.ARM.Collect$$libinit$$0000002E)
    __rt_lib_init_argv_1                     0x08000353   Thumb Code     0  libinit2.o(.ARM.Collect$$libinit$$0000002C)
    __rt_lib_init_atexit_1                   0x08000353   Thumb Code     0  libinit2.o(.ARM.Collect$$libinit$$0000001B)
    __rt_lib_init_clock_1                    0x08000353   Thumb Code     0  libinit2.o(.ARM.Collect$$libinit$$00000021)
    __rt_lib_init_cpp_1                      0x08000353   Thumb Code     0  libinit2.o(.ARM.Collect$$libinit$$00000032)
    __rt_lib_init_exceptions_1               0x08000353   Thumb Code     0  libinit2.o(.ARM.Collect$$libinit$$00000030)
    __rt_lib_init_fp_trap_1                  0x08000353   Thumb Code     0  libinit2.o(.ARM.Collect$$libinit$$0000001F)
    __rt_lib_init_getenv_1                   0x08000353   Thumb Code     0  libinit2.o(.ARM.Collect$$libinit$$00000023)
    __rt_lib_init_heap_1                     0x08000353   Thumb Code     0  libinit2.o(.ARM.Collect$$libinit$$0000000A)
    __rt_lib_init_lc_collate_1               0x08000353   Thumb Code     0  libinit2.o(.ARM.Collect$$libinit$$00000011)
    __rt_lib_init_lc_ctype_1                 0x08000353   Thumb Code     0  libinit2.o(.ARM.Collect$$libinit$$00000013)
    __rt_lib_init_lc_monetary_1              0x08000353   Thumb Code     0  libinit2.o(.ARM.Collect$$libinit$$00000015)
    __rt_lib_init_lc_numeric_1               0x08000353   Thumb Code     0  libinit2.o(.ARM.Collect$$libinit$$00000017)
    __rt_lib_init_lc_time_1                  0x08000353   Thumb Code     0  libinit2.o(.ARM.Collect$$libinit$$00000019)
    __rt_lib_init_preinit_1                  0x08000353   Thumb Code     0  libinit2.o(.ARM.Collect$$libinit$$00000004)
    __rt_lib_init_rand_1                     0x08000353   Thumb Code     0  libinit2.o(.ARM.Collect$$libinit$$0000000E)
    __rt_lib_init_return                     0x08000353   Thumb Code     0  libinit2.o(.ARM.Collect$$libinit$$00000033)
    __rt_lib_init_signal_1                   0x08000353   Thumb Code     0  libinit2.o(.ARM.Collect$$libinit$$0000001D)
    __rt_lib_init_stdio_1                    0x08000353   Thumb Code     0  libinit2.o(.ARM.Collect$$libinit$$00000025)
    __rt_lib_init_user_alloc_1               0x08000353   Thumb Code     0  libinit2.o(.ARM.Collect$$libinit$$0000000C)
    __rt_lib_shutdown                        0x08000355   Thumb Code     0  libshutdown.o(.ARM.Collect$$libshutdown$$00000000)
    __rt_lib_shutdown_cpp_1                  0x08000357   Thumb Code     0  libshutdown2.o(.ARM.Collect$$libshutdown$$00000002)
    __rt_lib_shutdown_fp_trap_1              0x08000357   Thumb Code     0  libshutdown2.o(.ARM.Collect$$libshutdown$$00000007)
    __rt_lib_shutdown_heap_1                 0x08000357   Thumb Code     0  libshutdown2.o(.ARM.Collect$$libshutdown$$0000000F)
    __rt_lib_shutdown_return                 0x08000357   Thumb Code     0  libshutdown2.o(.ARM.Collect$$libshutdown$$00000010)
    __rt_lib_shutdown_signal_1               0x08000357   Thumb Code     0  libshutdown2.o(.ARM.Collect$$libshutdown$$0000000A)
    __rt_lib_shutdown_stdio_1                0x08000357   Thumb Code     0  libshutdown2.o(.ARM.Collect$$libshutdown$$00000004)
    __rt_lib_shutdown_user_alloc_1           0x08000357   Thumb Code     0  libshutdown2.o(.ARM.Collect$$libshutdown$$0000000C)
    __rt_entry                               0x08000359   Thumb Code     0  __rtentry.o(.ARM.Collect$$rtentry$$00000000)
    __rt_entry_presh_1                       0x08000359   Thumb Code     0  __rtentry2.o(.ARM.Collect$$rtentry$$00000002)
    __rt_entry_sh                            0x08000359   Thumb Code     0  __rtentry4.o(.ARM.Collect$$rtentry$$00000004)
    __rt_entry_li                            0x0800035f   Thumb Code     0  __rtentry2.o(.ARM.Collect$$rtentry$$0000000A)
    __rt_entry_postsh_1                      0x0800035f   Thumb Code     0  __rtentry2.o(.ARM.Collect$$rtentry$$00000009)
    __rt_entry_main                          0x08000363   Thumb Code     0  __rtentry2.o(.ARM.Collect$$rtentry$$0000000D)
    __rt_entry_postli_1                      0x08000363   Thumb Code     0  __rtentry2.o(.ARM.Collect$$rtentry$$0000000C)
    __rt_exit                                0x0800036b   Thumb Code     0  rtexit.o(.ARM.Collect$$rtexit$$00000000)
    __rt_exit_ls                             0x0800036d   Thumb Code     0  rtexit2.o(.ARM.Collect$$rtexit$$00000003)
    __rt_exit_prels_1                        0x0800036d   Thumb Code     0  rtexit2.o(.ARM.Collect$$rtexit$$00000002)
    __rt_exit_exit                           0x08000371   Thumb Code     0  rtexit2.o(.ARM.Collect$$rtexit$$00000004)
    Reset_Handler                            0x08000379   Thumb Code     8  startup_stm32h743xx.o(.text)
    ADC3_IRQHandler                          0x08000393   Thumb Code     0  startup_stm32h743xx.o(.text)
    BDMA_Channel0_IRQHandler                 0x08000393   Thumb Code     0  startup_stm32h743xx.o(.text)
    BDMA_Channel1_IRQHandler                 0x08000393   Thumb Code     0  startup_stm32h743xx.o(.text)
    BDMA_Channel2_IRQHandler                 0x08000393   Thumb Code     0  startup_stm32h743xx.o(.text)
    BDMA_Channel3_IRQHandler                 0x08000393   Thumb Code     0  startup_stm32h743xx.o(.text)
    BDMA_Channel4_IRQHandler                 0x08000393   Thumb Code     0  startup_stm32h743xx.o(.text)
    BDMA_Channel5_IRQHandler                 0x08000393   Thumb Code     0  startup_stm32h743xx.o(.text)
    BDMA_Channel6_IRQHandler                 0x08000393   Thumb Code     0  startup_stm32h743xx.o(.text)
    BDMA_Channel7_IRQHandler                 0x08000393   Thumb Code     0  startup_stm32h743xx.o(.text)
    CEC_IRQHandler                           0x08000393   Thumb Code     0  startup_stm32h743xx.o(.text)
    COMP1_IRQHandler                         0x08000393   Thumb Code     0  startup_stm32h743xx.o(.text)
    CRS_IRQHandler                           0x08000393   Thumb Code     0  startup_stm32h743xx.o(.text)
    DCMI_IRQHandler                          0x08000393   Thumb Code     0  startup_stm32h743xx.o(.text)
    DFSDM1_FLT0_IRQHandler                   0x08000393   Thumb Code     0  startup_stm32h743xx.o(.text)
    DFSDM1_FLT1_IRQHandler                   0x08000393   Thumb Code     0  startup_stm32h743xx.o(.text)
    DFSDM1_FLT2_IRQHandler                   0x08000393   Thumb Code     0  startup_stm32h743xx.o(.text)
    DFSDM1_FLT3_IRQHandler                   0x08000393   Thumb Code     0  startup_stm32h743xx.o(.text)
    DMA1_Stream6_IRQHandler                  0x08000393   Thumb Code     0  startup_stm32h743xx.o(.text)
    DMA1_Stream7_IRQHandler                  0x08000393   Thumb Code     0  startup_stm32h743xx.o(.text)
    DMA2D_IRQHandler                         0x08000393   Thumb Code     0  startup_stm32h743xx.o(.text)
    DMA2_Stream2_IRQHandler                  0x08000393   Thumb Code     0  startup_stm32h743xx.o(.text)
    DMA2_Stream3_IRQHandler                  0x08000393   Thumb Code     0  startup_stm32h743xx.o(.text)
    DMA2_Stream4_IRQHandler                  0x08000393   Thumb Code     0  startup_stm32h743xx.o(.text)
    DMA2_Stream5_IRQHandler                  0x08000393   Thumb Code     0  startup_stm32h743xx.o(.text)
    DMA2_Stream6_IRQHandler                  0x08000393   Thumb Code     0  startup_stm32h743xx.o(.text)
    DMA2_Stream7_IRQHandler                  0x08000393   Thumb Code     0  startup_stm32h743xx.o(.text)
    DMAMUX1_OVR_IRQHandler                   0x08000393   Thumb Code     0  startup_stm32h743xx.o(.text)
    DMAMUX2_OVR_IRQHandler                   0x08000393   Thumb Code     0  startup_stm32h743xx.o(.text)
    ETH_IRQHandler                           0x08000393   Thumb Code     0  startup_stm32h743xx.o(.text)
    ETH_WKUP_IRQHandler                      0x08000393   Thumb Code     0  startup_stm32h743xx.o(.text)
    EXTI0_IRQHandler                         0x08000393   Thumb Code     0  startup_stm32h743xx.o(.text)
    EXTI15_10_IRQHandler                     0x08000393   Thumb Code     0  startup_stm32h743xx.o(.text)
    EXTI1_IRQHandler                         0x08000393   Thumb Code     0  startup_stm32h743xx.o(.text)
    EXTI2_IRQHandler                         0x08000393   Thumb Code     0  startup_stm32h743xx.o(.text)
    EXTI3_IRQHandler                         0x08000393   Thumb Code     0  startup_stm32h743xx.o(.text)
    EXTI4_IRQHandler                         0x08000393   Thumb Code     0  startup_stm32h743xx.o(.text)
    EXTI9_5_IRQHandler                       0x08000393   Thumb Code     0  startup_stm32h743xx.o(.text)
    FDCAN1_IT0_IRQHandler                    0x08000393   Thumb Code     0  startup_stm32h743xx.o(.text)
    FDCAN1_IT1_IRQHandler                    0x08000393   Thumb Code     0  startup_stm32h743xx.o(.text)
    FDCAN2_IT0_IRQHandler                    0x08000393   Thumb Code     0  startup_stm32h743xx.o(.text)
    FDCAN2_IT1_IRQHandler                    0x08000393   Thumb Code     0  startup_stm32h743xx.o(.text)
    FDCAN_CAL_IRQHandler                     0x08000393   Thumb Code     0  startup_stm32h743xx.o(.text)
    FLASH_IRQHandler                         0x08000393   Thumb Code     0  startup_stm32h743xx.o(.text)
    FMC_IRQHandler                           0x08000393   Thumb Code     0  startup_stm32h743xx.o(.text)
    FPU_IRQHandler                           0x08000393   Thumb Code     0  startup_stm32h743xx.o(.text)
    HRTIM1_FLT_IRQHandler                    0x08000393   Thumb Code     0  startup_stm32h743xx.o(.text)
    HRTIM1_Master_IRQHandler                 0x08000393   Thumb Code     0  startup_stm32h743xx.o(.text)
    HRTIM1_TIMA_IRQHandler                   0x08000393   Thumb Code     0  startup_stm32h743xx.o(.text)
    HRTIM1_TIMB_IRQHandler                   0x08000393   Thumb Code     0  startup_stm32h743xx.o(.text)
    HRTIM1_TIMC_IRQHandler                   0x08000393   Thumb Code     0  startup_stm32h743xx.o(.text)
    HRTIM1_TIMD_IRQHandler                   0x08000393   Thumb Code     0  startup_stm32h743xx.o(.text)
    HRTIM1_TIME_IRQHandler                   0x08000393   Thumb Code     0  startup_stm32h743xx.o(.text)
    HSEM1_IRQHandler                         0x08000393   Thumb Code     0  startup_stm32h743xx.o(.text)
    I2C1_ER_IRQHandler                       0x08000393   Thumb Code     0  startup_stm32h743xx.o(.text)
    I2C1_EV_IRQHandler                       0x08000393   Thumb Code     0  startup_stm32h743xx.o(.text)
    I2C2_ER_IRQHandler                       0x08000393   Thumb Code     0  startup_stm32h743xx.o(.text)
    I2C2_EV_IRQHandler                       0x08000393   Thumb Code     0  startup_stm32h743xx.o(.text)
    I2C3_ER_IRQHandler                       0x08000393   Thumb Code     0  startup_stm32h743xx.o(.text)
    I2C3_EV_IRQHandler                       0x08000393   Thumb Code     0  startup_stm32h743xx.o(.text)
    I2C4_ER_IRQHandler                       0x08000393   Thumb Code     0  startup_stm32h743xx.o(.text)
    I2C4_EV_IRQHandler                       0x08000393   Thumb Code     0  startup_stm32h743xx.o(.text)
    JPEG_IRQHandler                          0x08000393   Thumb Code     0  startup_stm32h743xx.o(.text)
    LPTIM1_IRQHandler                        0x08000393   Thumb Code     0  startup_stm32h743xx.o(.text)
    LPTIM2_IRQHandler                        0x08000393   Thumb Code     0  startup_stm32h743xx.o(.text)
    LPTIM3_IRQHandler                        0x08000393   Thumb Code     0  startup_stm32h743xx.o(.text)
    LPTIM4_IRQHandler                        0x08000393   Thumb Code     0  startup_stm32h743xx.o(.text)
    LPTIM5_IRQHandler                        0x08000393   Thumb Code     0  startup_stm32h743xx.o(.text)
    LPUART1_IRQHandler                       0x08000393   Thumb Code     0  startup_stm32h743xx.o(.text)
    LTDC_ER_IRQHandler                       0x08000393   Thumb Code     0  startup_stm32h743xx.o(.text)
    LTDC_IRQHandler                          0x08000393   Thumb Code     0  startup_stm32h743xx.o(.text)
    MDIOS_IRQHandler                         0x08000393   Thumb Code     0  startup_stm32h743xx.o(.text)
    MDIOS_WKUP_IRQHandler                    0x08000393   Thumb Code     0  startup_stm32h743xx.o(.text)
    MDMA_IRQHandler                          0x08000393   Thumb Code     0  startup_stm32h743xx.o(.text)
    OTG_FS_EP1_IN_IRQHandler                 0x08000393   Thumb Code     0  startup_stm32h743xx.o(.text)
    OTG_FS_EP1_OUT_IRQHandler                0x08000393   Thumb Code     0  startup_stm32h743xx.o(.text)
    OTG_FS_IRQHandler                        0x08000393   Thumb Code     0  startup_stm32h743xx.o(.text)
    OTG_FS_WKUP_IRQHandler                   0x08000393   Thumb Code     0  startup_stm32h743xx.o(.text)
    OTG_HS_EP1_IN_IRQHandler                 0x08000393   Thumb Code     0  startup_stm32h743xx.o(.text)
    OTG_HS_EP1_OUT_IRQHandler                0x08000393   Thumb Code     0  startup_stm32h743xx.o(.text)
    OTG_HS_IRQHandler                        0x08000393   Thumb Code     0  startup_stm32h743xx.o(.text)
    OTG_HS_WKUP_IRQHandler                   0x08000393   Thumb Code     0  startup_stm32h743xx.o(.text)
    PVD_AVD_IRQHandler                       0x08000393   Thumb Code     0  startup_stm32h743xx.o(.text)
    QUADSPI_IRQHandler                       0x08000393   Thumb Code     0  startup_stm32h743xx.o(.text)
    RCC_IRQHandler                           0x08000393   Thumb Code     0  startup_stm32h743xx.o(.text)
    RNG_IRQHandler                           0x08000393   Thumb Code     0  startup_stm32h743xx.o(.text)
    RTC_Alarm_IRQHandler                     0x08000393   Thumb Code     0  startup_stm32h743xx.o(.text)
    RTC_WKUP_IRQHandler                      0x08000393   Thumb Code     0  startup_stm32h743xx.o(.text)
    SAI1_IRQHandler                          0x08000393   Thumb Code     0  startup_stm32h743xx.o(.text)
    SAI2_IRQHandler                          0x08000393   Thumb Code     0  startup_stm32h743xx.o(.text)
    SAI3_IRQHandler                          0x08000393   Thumb Code     0  startup_stm32h743xx.o(.text)
    SAI4_IRQHandler                          0x08000393   Thumb Code     0  startup_stm32h743xx.o(.text)
    SDMMC1_IRQHandler                        0x08000393   Thumb Code     0  startup_stm32h743xx.o(.text)
    SDMMC2_IRQHandler                        0x08000393   Thumb Code     0  startup_stm32h743xx.o(.text)
    SPDIF_RX_IRQHandler                      0x08000393   Thumb Code     0  startup_stm32h743xx.o(.text)
    SPI3_IRQHandler                          0x08000393   Thumb Code     0  startup_stm32h743xx.o(.text)
    SPI4_IRQHandler                          0x08000393   Thumb Code     0  startup_stm32h743xx.o(.text)
    SPI5_IRQHandler                          0x08000393   Thumb Code     0  startup_stm32h743xx.o(.text)
    SPI6_IRQHandler                          0x08000393   Thumb Code     0  startup_stm32h743xx.o(.text)
    SWPMI1_IRQHandler                        0x08000393   Thumb Code     0  startup_stm32h743xx.o(.text)
    TAMP_STAMP_IRQHandler                    0x08000393   Thumb Code     0  startup_stm32h743xx.o(.text)
    TIM15_IRQHandler                         0x08000393   Thumb Code     0  startup_stm32h743xx.o(.text)
    TIM16_IRQHandler                         0x08000393   Thumb Code     0  startup_stm32h743xx.o(.text)
    TIM17_IRQHandler                         0x08000393   Thumb Code     0  startup_stm32h743xx.o(.text)
    TIM1_BRK_IRQHandler                      0x08000393   Thumb Code     0  startup_stm32h743xx.o(.text)
    TIM1_CC_IRQHandler                       0x08000393   Thumb Code     0  startup_stm32h743xx.o(.text)
    TIM1_TRG_COM_IRQHandler                  0x08000393   Thumb Code     0  startup_stm32h743xx.o(.text)
    TIM1_UP_IRQHandler                       0x08000393   Thumb Code     0  startup_stm32h743xx.o(.text)
    TIM2_IRQHandler                          0x08000393   Thumb Code     0  startup_stm32h743xx.o(.text)
    TIM3_IRQHandler                          0x08000393   Thumb Code     0  startup_stm32h743xx.o(.text)
    TIM4_IRQHandler                          0x08000393   Thumb Code     0  startup_stm32h743xx.o(.text)
    TIM6_DAC_IRQHandler                      0x08000393   Thumb Code     0  startup_stm32h743xx.o(.text)
    TIM7_IRQHandler                          0x08000393   Thumb Code     0  startup_stm32h743xx.o(.text)
    TIM8_BRK_TIM12_IRQHandler                0x08000393   Thumb Code     0  startup_stm32h743xx.o(.text)
    TIM8_CC_IRQHandler                       0x08000393   Thumb Code     0  startup_stm32h743xx.o(.text)
    TIM8_TRG_COM_TIM14_IRQHandler            0x08000393   Thumb Code     0  startup_stm32h743xx.o(.text)
    TIM8_UP_TIM13_IRQHandler                 0x08000393   Thumb Code     0  startup_stm32h743xx.o(.text)
    UART4_IRQHandler                         0x08000393   Thumb Code     0  startup_stm32h743xx.o(.text)
    UART5_IRQHandler                         0x08000393   Thumb Code     0  startup_stm32h743xx.o(.text)
    UART7_IRQHandler                         0x08000393   Thumb Code     0  startup_stm32h743xx.o(.text)
    UART8_IRQHandler                         0x08000393   Thumb Code     0  startup_stm32h743xx.o(.text)
    USART1_IRQHandler                        0x08000393   Thumb Code     0  startup_stm32h743xx.o(.text)
    USART2_IRQHandler                        0x08000393   Thumb Code     0  startup_stm32h743xx.o(.text)
    USART6_IRQHandler                        0x08000393   Thumb Code     0  startup_stm32h743xx.o(.text)
    WAKEUP_PIN_IRQHandler                    0x08000393   Thumb Code     0  startup_stm32h743xx.o(.text)
    WWDG_IRQHandler                          0x08000393   Thumb Code     0  startup_stm32h743xx.o(.text)
    __user_initial_stackheap                 0x08000395   Thumb Code     0  startup_stm32h743xx.o(.text)
    __aeabi_uldivmod                         0x080003b9   Thumb Code     0  lludivv7m.o(.text)
    _ll_udiv                                 0x080003b9   Thumb Code   238  lludivv7m.o(.text)
    __aeabi_memclr                           0x080004a7   Thumb Code     0  rt_memclr.o(.text)
    __rt_memclr                              0x080004a7   Thumb Code    68  rt_memclr.o(.text)
    _memset                                  0x080004ab   Thumb Code     0  rt_memclr.o(.text)
    __aeabi_memclr4                          0x080004eb   Thumb Code     0  rt_memclr_w.o(.text)
    __aeabi_memclr8                          0x080004eb   Thumb Code     0  rt_memclr_w.o(.text)
    __rt_memclr_w                            0x080004eb   Thumb Code    78  rt_memclr_w.o(.text)
    _memset_w                                0x080004ef   Thumb Code     0  rt_memclr_w.o(.text)
    __use_two_region_memory                  0x08000539   Thumb Code     2  heapauxi.o(.text)
    __rt_heap_escrow$2region                 0x0800053b   Thumb Code     2  heapauxi.o(.text)
    __rt_heap_expand$2region                 0x0800053d   Thumb Code     2  heapauxi.o(.text)
    __read_errno                             0x0800053f   Thumb Code    10  _rserrno.o(.text)
    __set_errno                              0x08000549   Thumb Code    12  _rserrno.o(.text)
    __aeabi_errno_addr                       0x08000555   Thumb Code     8  rt_errno_addr_intlibspace.o(.text)
    __errno$intlibspace                      0x08000555   Thumb Code     0  rt_errno_addr_intlibspace.o(.text)
    __rt_errno_addr$intlibspace              0x08000555   Thumb Code     0  rt_errno_addr_intlibspace.o(.text)
    __user_libspace                          0x0800055d   Thumb Code     8  libspace.o(.text)
    __user_perproc_libspace                  0x0800055d   Thumb Code     0  libspace.o(.text)
    __user_perthread_libspace                0x0800055d   Thumb Code     0  libspace.o(.text)
    __user_setup_stackheap                   0x08000565   Thumb Code    74  sys_stackheap_outer.o(.text)
    exit                                     0x080005af   Thumb Code    18  exit.o(.text)
    _sys_exit                                0x080005c1   Thumb Code     8  sys_exit.o(.text)
    __I$use$semihosting                      0x080005cd   Thumb Code     0  use_no_semi.o(.text)
    __use_no_semihosting_swi                 0x080005cd   Thumb Code     2  use_no_semi.o(.text)
    ADC_DMAConvCplt                          0x080005cf   Thumb Code    88  stm32h7xx_hal_adc.o(i.ADC_DMAConvCplt)
    __semihosting_library_function           0x080005cf   Thumb Code     0  indicate_semi.o(.text)
    ADC_DMAError                             0x08000627   Thumb Code    26  stm32h7xx_hal_adc.o(i.ADC_DMAError)
    ADC_DMAHalfConvCplt                      0x08000641   Thumb Code    10  stm32h7xx_hal_adc.o(i.ADC_DMAHalfConvCplt)
    ADC_Enable                               0x0800064d   Thumb Code    98  stm32h7xx_hal_adc.o(i.ADC_Enable)
    ADC_IRQHandler                           0x080006b5   Thumb Code     6  stm32h7xx_it.o(i.ADC_IRQHandler)
    BusFault_Handler                         0x080006c1   Thumb Code     2  stm32h7xx_it.o(i.BusFault_Handler)
    Buzzer_Off                               0x080006c5   Thumb Code    10  main.o(i.Buzzer_Off)
    Buzzer_Ring                              0x080006d5   Thumb Code    12  main.o(i.Buzzer_Ring)
    DMA1_Stream0_IRQHandler                  0x080006e5   Thumb Code     6  stm32h7xx_it.o(i.DMA1_Stream0_IRQHandler)
    DMA1_Stream1_IRQHandler                  0x080006f1   Thumb Code     6  stm32h7xx_it.o(i.DMA1_Stream1_IRQHandler)
    DMA1_Stream2_IRQHandler                  0x080006fd   Thumb Code     6  stm32h7xx_it.o(i.DMA1_Stream2_IRQHandler)
    DMA1_Stream3_IRQHandler                  0x08000709   Thumb Code     6  stm32h7xx_it.o(i.DMA1_Stream3_IRQHandler)
    DMA1_Stream4_IRQHandler                  0x08000715   Thumb Code     6  stm32h7xx_it.o(i.DMA1_Stream4_IRQHandler)
    DMA1_Stream5_IRQHandler                  0x08000721   Thumb Code     6  stm32h7xx_it.o(i.DMA1_Stream5_IRQHandler)
    DMA2_Stream0_IRQHandler                  0x0800072d   Thumb Code     6  stm32h7xx_it.o(i.DMA2_Stream0_IRQHandler)
    DMA2_Stream1_IRQHandler                  0x08000739   Thumb Code     6  stm32h7xx_it.o(i.DMA2_Stream1_IRQHandler)
    DebugMon_Handler                         0x080008d9   Thumb Code     2  stm32h7xx_it.o(i.DebugMon_Handler)
    Error_Handler                            0x080008db   Thumb Code     2  main.o(i.Error_Handler)
    HAL_ADCEx_EndOfSamplingCallback          0x080008dd   Thumb Code     2  stm32h7xx_hal_adc_ex.o(i.HAL_ADCEx_EndOfSamplingCallback)
    HAL_ADCEx_InjectedConvCpltCallback       0x080008df   Thumb Code     2  stm32h7xx_hal_adc_ex.o(i.HAL_ADCEx_InjectedConvCpltCallback)
    HAL_ADCEx_InjectedQueueOverflowCallback  0x080008e1   Thumb Code     2  stm32h7xx_hal_adc_ex.o(i.HAL_ADCEx_InjectedQueueOverflowCallback)
    HAL_ADCEx_LevelOutOfWindow2Callback      0x080008e3   Thumb Code     2  stm32h7xx_hal_adc_ex.o(i.HAL_ADCEx_LevelOutOfWindow2Callback)
    HAL_ADCEx_LevelOutOfWindow3Callback      0x080008e5   Thumb Code     2  stm32h7xx_hal_adc_ex.o(i.HAL_ADCEx_LevelOutOfWindow3Callback)
    HAL_ADCEx_MultiModeConfigChannel         0x080008e9   Thumb Code   218  stm32h7xx_hal_adc_ex.o(i.HAL_ADCEx_MultiModeConfigChannel)
    HAL_ADC_ConfigChannel                    0x080009d1   Thumb Code  1306  stm32h7xx_hal_adc.o(i.HAL_ADC_ConfigChannel)
    HAL_ADC_ConvCpltCallback                 0x08000ef9   Thumb Code     2  stm32h7xx_hal_adc.o(i.HAL_ADC_ConvCpltCallback)
    HAL_ADC_ConvHalfCpltCallback             0x08000efb   Thumb Code     2  stm32h7xx_hal_adc.o(i.HAL_ADC_ConvHalfCpltCallback)
    HAL_ADC_ErrorCallback                    0x08000efd   Thumb Code     2  stm32h7xx_hal_adc.o(i.HAL_ADC_ErrorCallback)
    HAL_ADC_IRQHandler                       0x08000f01   Thumb Code   656  stm32h7xx_hal_adc.o(i.HAL_ADC_IRQHandler)
    HAL_ADC_Init                             0x080011a9   Thumb Code   570  stm32h7xx_hal_adc.o(i.HAL_ADC_Init)
    HAL_ADC_LevelOutOfWindowCallback         0x08001409   Thumb Code     2  stm32h7xx_hal_adc.o(i.HAL_ADC_LevelOutOfWindowCallback)
    HAL_ADC_MspInit                          0x0800140d   Thumb Code   182  adc.o(i.HAL_ADC_MspInit)
    HAL_ADC_Start_DMA                        0x080014dd   Thumb Code   234  stm32h7xx_hal_adc.o(i.HAL_ADC_Start_DMA)
    HAL_DMAEx_ConfigMuxSync                  0x080015dd   Thumb Code   156  stm32h7xx_hal_dma_ex.o(i.HAL_DMAEx_ConfigMuxSync)
    HAL_DMA_Abort_IT                         0x08001679   Thumb Code   138  stm32h7xx_hal_dma.o(i.HAL_DMA_Abort_IT)
    HAL_DMA_IRQHandler                       0x0800170d   Thumb Code   684  stm32h7xx_hal_dma.o(i.HAL_DMA_IRQHandler)
    HAL_DMA_Init                             0x080019cd   Thumb Code   390  stm32h7xx_hal_dma.o(i.HAL_DMA_Init)
    HAL_DMA_Start_IT                         0x08001b61   Thumb Code   204  stm32h7xx_hal_dma.o(i.HAL_DMA_Start_IT)
    HAL_Delay                                0x08001c31   Thumb Code    32  stm32h7xx_hal.o(i.HAL_Delay)
    HAL_GPIO_Init                            0x08001c55   Thumb Code   438  stm32h7xx_hal_gpio.o(i.HAL_GPIO_Init)
    HAL_GPIO_ReadPin                         0x08001e3d   Thumb Code    10  stm32h7xx_hal_gpio.o(i.HAL_GPIO_ReadPin)
    HAL_GPIO_TogglePin                       0x08001e47   Thumb Code     8  stm32h7xx_hal_gpio.o(i.HAL_GPIO_TogglePin)
    HAL_GPIO_WritePin                        0x08001e4f   Thumb Code    10  stm32h7xx_hal_gpio.o(i.HAL_GPIO_WritePin)
    HAL_GetTick                              0x08001e59   Thumb Code     6  stm32h7xx_hal.o(i.HAL_GetTick)
    HAL_HRTIM_Init                           0x08001e65   Thumb Code   178  stm32h7xx_hal_hrtim.o(i.HAL_HRTIM_Init)
    HAL_HRTIM_MspInit                        0x08001f21   Thumb Code    30  hrtim.o(i.HAL_HRTIM_MspInit)
    HAL_HRTIM_MspPostInit                    0x08001f49   Thumb Code   108  hrtim.o(i.HAL_HRTIM_MspPostInit)
    HAL_HRTIM_TimeBaseConfig                 0x08001fc5   Thumb Code   122  stm32h7xx_hal_hrtim.o(i.HAL_HRTIM_TimeBaseConfig)
    HAL_HRTIM_WaveformCompareConfig          0x0800203f   Thumb Code   280  stm32h7xx_hal_hrtim.o(i.HAL_HRTIM_WaveformCompareConfig)
    HAL_HRTIM_WaveformCounterStart           0x08002157   Thumb Code    46  stm32h7xx_hal_hrtim.o(i.HAL_HRTIM_WaveformCounterStart)
    HAL_HRTIM_WaveformOutputConfig           0x08002185   Thumb Code    54  stm32h7xx_hal_hrtim.o(i.HAL_HRTIM_WaveformOutputConfig)
    HAL_HRTIM_WaveformOutputStart            0x080021bb   Thumb Code    50  stm32h7xx_hal_hrtim.o(i.HAL_HRTIM_WaveformOutputStart)
    HAL_HRTIM_WaveformTimerConfig            0x080021ed   Thumb Code   186  stm32h7xx_hal_hrtim.o(i.HAL_HRTIM_WaveformTimerConfig)
    HAL_I2CEx_ConfigAnalogFilter             0x080022a7   Thumb Code    86  stm32h7xx_hal_i2c_ex.o(i.HAL_I2CEx_ConfigAnalogFilter)
    HAL_I2CEx_ConfigDigitalFilter            0x080022fd   Thumb Code    82  stm32h7xx_hal_i2c_ex.o(i.HAL_I2CEx_ConfigDigitalFilter)
    HAL_I2C_Init                             0x08002351   Thumb Code   178  stm32h7xx_hal_i2c.o(i.HAL_I2C_Init)
    HAL_I2C_Mem_Read                         0x08002409   Thumb Code   358  stm32h7xx_hal_i2c.o(i.HAL_I2C_Mem_Read)
    HAL_I2C_MspInit                          0x08002579   Thumb Code   384  i2c.o(i.HAL_I2C_MspInit)
    HAL_IncTick                              0x0800271d   Thumb Code    12  stm32h7xx_hal.o(i.HAL_IncTick)
    HAL_Init                                 0x0800272d   Thumb Code    28  stm32h7xx_hal.o(i.HAL_Init)
    HAL_InitTick                             0x08002749   Thumb Code    54  stm32h7xx_hal.o(i.HAL_InitTick)
    HAL_MspInit                              0x08002789   Thumb Code    22  stm32h7xx_hal_msp.o(i.HAL_MspInit)
    HAL_NVIC_EnableIRQ                       0x080027a5   Thumb Code    26  stm32h7xx_hal_cortex.o(i.HAL_NVIC_EnableIRQ)
    HAL_NVIC_SetPriority                     0x080027c1   Thumb Code    60  stm32h7xx_hal_cortex.o(i.HAL_NVIC_SetPriority)
    HAL_NVIC_SetPriorityGrouping             0x08002801   Thumb Code    26  stm32h7xx_hal_cortex.o(i.HAL_NVIC_SetPriorityGrouping)
    HAL_RCCEx_GetD1SysClockFreq              0x08002825   Thumb Code    40  stm32h7xx_hal_rcc_ex.o(i.HAL_RCCEx_GetD1SysClockFreq)
    HAL_RCCEx_GetD3PCLK1Freq                 0x08002859   Thumb Code    34  stm32h7xx_hal_rcc_ex.o(i.HAL_RCCEx_GetD3PCLK1Freq)
    HAL_RCCEx_GetPLL2ClockFreq               0x08002885   Thumb Code   220  stm32h7xx_hal_rcc_ex.o(i.HAL_RCCEx_GetPLL2ClockFreq)
    HAL_RCCEx_GetPLL3ClockFreq               0x08002981   Thumb Code   220  stm32h7xx_hal_rcc_ex.o(i.HAL_RCCEx_GetPLL3ClockFreq)
    HAL_RCCEx_PeriphCLKConfig                0x08002a7d   Thumb Code  2220  stm32h7xx_hal_rcc_ex.o(i.HAL_RCCEx_PeriphCLKConfig)
    HAL_RCC_ClockConfig                      0x0800332d   Thumb Code   450  stm32h7xx_hal_rcc.o(i.HAL_RCC_ClockConfig)
    HAL_RCC_GetHCLKFreq                      0x08003505   Thumb Code    38  stm32h7xx_hal_rcc.o(i.HAL_RCC_GetHCLKFreq)
    HAL_RCC_GetPCLK1Freq                     0x08003539   Thumb Code    34  stm32h7xx_hal_rcc.o(i.HAL_RCC_GetPCLK1Freq)
    HAL_RCC_GetPCLK2Freq                     0x08003565   Thumb Code    36  stm32h7xx_hal_rcc.o(i.HAL_RCC_GetPCLK2Freq)
    HAL_RCC_GetSysClockFreq                  0x08003591   Thumb Code   214  stm32h7xx_hal_rcc.o(i.HAL_RCC_GetSysClockFreq)
    HAL_RCC_OscConfig                        0x08003685   Thumb Code  1176  stm32h7xx_hal_rcc.o(i.HAL_RCC_OscConfig)
    HAL_SPI_ErrorCallback                    0x08003b1d   Thumb Code     2  stm32h7xx_hal_spi.o(i.HAL_SPI_ErrorCallback)
    HAL_SPI_IRQHandler                       0x08003b21   Thumb Code   502  stm32h7xx_hal_spi.o(i.HAL_SPI_IRQHandler)
    HAL_SPI_Init                             0x08003d1d   Thumb Code   298  stm32h7xx_hal_spi.o(i.HAL_SPI_Init)
    HAL_SPI_MspInit                          0x08003e55   Thumb Code   582  spi.o(i.HAL_SPI_MspInit)
    HAL_SPI_Receive                          0x080040c9   Thumb Code   538  stm32h7xx_hal_spi.o(i.HAL_SPI_Receive)
    HAL_SPI_RxCpltCallback                   0x080042e3   Thumb Code     2  stm32h7xx_hal_spi.o(i.HAL_SPI_RxCpltCallback)
    HAL_SPI_Transmit                         0x080042e5   Thumb Code   544  stm32h7xx_hal_spi.o(i.HAL_SPI_Transmit)
    HAL_SPI_TransmitReceive                  0x08004505   Thumb Code   792  stm32h7xx_hal_spi.o(i.HAL_SPI_TransmitReceive)
    HAL_SPI_TxCpltCallback                   0x0800481d   Thumb Code     2  stm32h7xx_hal_spi.o(i.HAL_SPI_TxCpltCallback)
    HAL_SPI_TxRxCpltCallback                 0x0800481f   Thumb Code     2  stm32h7xx_hal_spi.o(i.HAL_SPI_TxRxCpltCallback)
    HAL_SYSTICK_Config                       0x08004821   Thumb Code    40  stm32h7xx_hal_cortex.o(i.HAL_SYSTICK_Config)
    HAL_TIMEx_BreakCallback                  0x08004849   Thumb Code     2  stm32h7xx_hal_tim_ex.o(i.HAL_TIMEx_BreakCallback)
    HAL_TIMEx_CommutationCallback            0x0800484b   Thumb Code     2  stm32h7xx_hal_tim_ex.o(i.HAL_TIMEx_CommutationCallback)
    HAL_TIMEx_ConfigBreakDeadTime            0x0800484d   Thumb Code   132  stm32h7xx_hal_tim_ex.o(i.HAL_TIMEx_ConfigBreakDeadTime)
    HAL_TIMEx_MasterConfigSynchronization    0x080048d9   Thumb Code    78  stm32h7xx_hal_tim_ex.o(i.HAL_TIMEx_MasterConfigSynchronization)
    HAL_TIM_Base_Init                        0x08004931   Thumb Code    54  stm32h7xx_hal_tim.o(i.HAL_TIM_Base_Init)
    HAL_TIM_Base_MspInit                     0x08004969   Thumb Code    56  tim.o(i.HAL_TIM_Base_MspInit)
    HAL_TIM_Base_Start_IT                    0x080049ad   Thumb Code    24  stm32h7xx_hal_tim.o(i.HAL_TIM_Base_Start_IT)
    HAL_TIM_Encoder_Init                     0x080049c5   Thumb Code   150  stm32h7xx_hal_tim.o(i.HAL_TIM_Encoder_Init)
    HAL_TIM_Encoder_MspInit                  0x08004a61   Thumb Code   258  tim.o(i.HAL_TIM_Encoder_MspInit)
    HAL_TIM_Encoder_Start                    0x08004b85   Thumb Code    50  stm32h7xx_hal_tim.o(i.HAL_TIM_Encoder_Start)
    HAL_TIM_IC_CaptureCallback               0x08004bb7   Thumb Code     2  stm32h7xx_hal_tim.o(i.HAL_TIM_IC_CaptureCallback)
    HAL_TIM_IRQHandler                       0x08004bb9   Thumb Code   384  stm32h7xx_hal_tim.o(i.HAL_TIM_IRQHandler)
    HAL_TIM_MspPostInit                      0x08004d39   Thumb Code   228  tim.o(i.HAL_TIM_MspPostInit)
    HAL_TIM_OC_ConfigChannel                 0x08004e41   Thumb Code   114  stm32h7xx_hal_tim.o(i.HAL_TIM_OC_ConfigChannel)
    HAL_TIM_OC_DelayElapsedCallback          0x08004eb3   Thumb Code     2  stm32h7xx_hal_tim.o(i.HAL_TIM_OC_DelayElapsedCallback)
    HAL_TIM_OC_Init                          0x08004eb5   Thumb Code    54  stm32h7xx_hal_tim.o(i.HAL_TIM_OC_Init)
    HAL_TIM_OC_MspInit                       0x08004eed   Thumb Code    50  tim.o(i.HAL_TIM_OC_MspInit)
    HAL_TIM_OnePulse_Init                    0x08004f29   Thumb Code    74  stm32h7xx_hal_tim.o(i.HAL_TIM_OnePulse_Init)
    HAL_TIM_OnePulse_MspInit                 0x08004f73   Thumb Code     2  stm32h7xx_hal_tim.o(i.HAL_TIM_OnePulse_MspInit)
    HAL_TIM_PWM_ConfigChannel                0x08004f75   Thumb Code   296  stm32h7xx_hal_tim.o(i.HAL_TIM_PWM_ConfigChannel)
    HAL_TIM_PWM_Init                         0x0800509d   Thumb Code    54  stm32h7xx_hal_tim.o(i.HAL_TIM_PWM_Init)
    HAL_TIM_PWM_MspInit                      0x080050d5   Thumb Code    56  tim.o(i.HAL_TIM_PWM_MspInit)
    HAL_TIM_PWM_PulseFinishedCallback        0x08005119   Thumb Code     2  stm32h7xx_hal_tim.o(i.HAL_TIM_PWM_PulseFinishedCallback)
    HAL_TIM_PWM_Start                        0x0800511d   Thumb Code    66  stm32h7xx_hal_tim.o(i.HAL_TIM_PWM_Start)
    HAL_TIM_PeriodElapsedCallback            0x08005175   Thumb Code   834  main.o(i.HAL_TIM_PeriodElapsedCallback)
    HAL_TIM_TriggerCallback                  0x080054f5   Thumb Code     2  stm32h7xx_hal_tim.o(i.HAL_TIM_TriggerCallback)
    HAL_UARTEx_WakeupCallback                0x080054f7   Thumb Code     2  stm32h7xx_hal_uart_ex.o(i.HAL_UARTEx_WakeupCallback)
    HAL_UART_ErrorCallback                   0x080054f9   Thumb Code     2  stm32h7xx_hal_uart.o(i.HAL_UART_ErrorCallback)
    HAL_UART_IRQHandler                      0x080054fd   Thumb Code   374  stm32h7xx_hal_uart.o(i.HAL_UART_IRQHandler)
    HAL_UART_Init                            0x0800567d   Thumb Code   106  stm32h7xx_hal_uart.o(i.HAL_UART_Init)
    HAL_UART_MspInit                         0x080056e9   Thumb Code   166  usart.o(i.HAL_UART_MspInit)
    HAL_UART_RxCpltCallback                  0x080057a5   Thumb Code     2  stm32h7xx_hal_uart.o(i.HAL_UART_RxCpltCallback)
    HAL_UART_TxCpltCallback                  0x080057a7   Thumb Code     2  stm32h7xx_hal_uart.o(i.HAL_UART_TxCpltCallback)
    HardFault_Handler                        0x08005a27   Thumb Code     2  stm32h7xx_it.o(i.HardFault_Handler)
    Init_PCA9539                             0x08005c5d   Thumb Code   116  main.o(i.Init_PCA9539)
    Init_Timers                              0x08005ce9   Thumb Code   358  main.o(i.Init_Timers)
    Is_BatteryLow_BootCharged                0x08005e99   Thumb Code   114  main.o(i.Is_BatteryLow_BootCharged)
    Is_Infrared                              0x08005f25   Thumb Code    62  main.o(i.Is_Infrared)
    MX_ADC1_Init                             0x08005f71   Thumb Code   150  adc.o(i.MX_ADC1_Init)
    MX_DMA_Init                              0x08006011   Thumb Code   168  dma.o(i.MX_DMA_Init)
    MX_GPIO_Init                             0x080060bd   Thumb Code   556  gpio.o(i.MX_GPIO_Init)
    MX_HRTIM_Init                            0x08006309   Thumb Code   444  hrtim.o(i.MX_HRTIM_Init)
    MX_I2C2_Init                             0x080064cd   Thumb Code    76  i2c.o(i.MX_I2C2_Init)
    MX_I2C3_Init                             0x08006525   Thumb Code    76  i2c.o(i.MX_I2C3_Init)
    MX_I2C4_Init                             0x0800657d   Thumb Code    76  i2c.o(i.MX_I2C4_Init)
    MX_SPI1_Init                             0x080065d5   Thumb Code    82  spi.o(i.MX_SPI1_Init)
    MX_SPI2_Init                             0x08006631   Thumb Code    82  spi.o(i.MX_SPI2_Init)
    MX_TIM12_Init                            0x0800668d   Thumb Code   116  tim.o(i.MX_TIM12_Init)
    MX_TIM14_Init                            0x08006709   Thumb Code    92  tim.o(i.MX_TIM14_Init)
    MX_TIM15_Init                            0x0800676d   Thumb Code   174  tim.o(i.MX_TIM15_Init)
    MX_TIM16_Init                            0x08006825   Thumb Code   148  tim.o(i.MX_TIM16_Init)
    MX_TIM1_Init                             0x080068c1   Thumb Code   104  tim.o(i.MX_TIM1_Init)
    MX_TIM2_Init                             0x08006931   Thumb Code   102  tim.o(i.MX_TIM2_Init)
    MX_TIM3_Init                             0x0800699d   Thumb Code   100  tim.o(i.MX_TIM3_Init)
    MX_TIM4_Init                             0x08006a09   Thumb Code   100  tim.o(i.MX_TIM4_Init)
    MX_TIM5_Init                             0x08006a75   Thumb Code   100  tim.o(i.MX_TIM5_Init)
    MX_USART3_UART_Init                      0x08006ae1   Thumb Code    60  usart.o(i.MX_USART3_UART_Init)
    MemManage_Handler                        0x08006b25   Thumb Code     2  stm32h7xx_it.o(i.MemManage_Handler)
    NMI_Handler                              0x08006b27   Thumb Code     2  stm32h7xx_it.o(i.NMI_Handler)
    NRF24L01_RX_Init                         0x08006b29   Thumb Code    56  nrf24l01.o(i.NRF24L01_RX_Init)
    NRF24L01_RX_Read_Buf                     0x08006b69   Thumb Code    58  nrf24l01.o(i.NRF24L01_RX_Read_Buf)
    NRF24L01_RX_Read_Reg                     0x08006bad   Thumb Code    66  nrf24l01.o(i.NRF24L01_RX_Read_Reg)
    NRF24L01_RX_Write_Buf                    0x08006bf9   Thumb Code    70  nrf24l01.o(i.NRF24L01_RX_Write_Buf)
    NRF24L01_RX_Write_Reg                    0x08006c49   Thumb Code    66  nrf24l01.o(i.NRF24L01_RX_Write_Reg)
    NRF24L01_RxPacket                        0x08006c95   Thumb Code    50  nrf24l01.o(i.NRF24L01_RxPacket)
    NRF24L01_TX_Init                         0x08006cc9   Thumb Code    60  nrf24l01.o(i.NRF24L01_TX_Init)
    NRF24L01_TX_Write_Buf                    0x08006d0d   Thumb Code    70  nrf24l01.o(i.NRF24L01_TX_Write_Buf)
    NRF24L01_TX_Write_Reg                    0x08006d5d   Thumb Code    66  nrf24l01.o(i.NRF24L01_TX_Write_Reg)
    NRF24L01_TxPacket                        0x08006da9   Thumb Code    44  nrf24l01.o(i.NRF24L01_TxPacket)
    PendSV_Handler                           0x08006dd9   Thumb Code     2  stm32h7xx_it.o(i.PendSV_Handler)
    RX_Mode                                  0x08006fbd   Thumb Code    98  nrf24l01.o(i.RX_Mode)
    SPI1_IRQHandler                          0x08007031   Thumb Code     6  stm32h7xx_it.o(i.SPI1_IRQHandler)
    SPI2_IRQHandler                          0x0800703d   Thumb Code     6  stm32h7xx_it.o(i.SPI2_IRQHandler)
    SVC_Handler                              0x0800715f   Thumb Code     2  stm32h7xx_it.o(i.SVC_Handler)
    Shoot_Chip                               0x08007161   Thumb Code   144  main.o(i.Shoot_Chip)
    SysTick_Handler                          0x080071f9   Thumb Code     4  stm32h7xx_it.o(i.SysTick_Handler)
    SystemClock_Config                       0x080071fd   Thumb Code   222  main.o(i.SystemClock_Config)
    SystemInit                               0x080072e9   Thumb Code   126  system_stm32h7xx.o(i.SystemInit)
    TIM5_IRQHandler                          0x08007379   Thumb Code     6  stm32h7xx_it.o(i.TIM5_IRQHandler)
    TIM_Base_SetConfig                       0x08007385   Thumb Code   160  stm32h7xx_hal_tim.o(i.TIM_Base_SetConfig)
    TIM_CCxChannelCmd                        0x08007445   Thumb Code    22  stm32h7xx_hal_tim.o(i.TIM_CCxChannelCmd)
    TIM_OC1_SetConfig                        0x0800745d   Thumb Code   132  stm32h7xx_hal_tim.o(i.TIM_OC1_SetConfig)
    TIM_OC2_SetConfig                        0x080074f9   Thumb Code   120  stm32h7xx_hal_tim.o(i.TIM_OC2_SetConfig)
    TIM_OC3_SetConfig                        0x08007589   Thumb Code   114  stm32h7xx_hal_tim.o(i.TIM_OC3_SetConfig)
    TIM_OC4_SetConfig                        0x08007611   Thumb Code    88  stm32h7xx_hal_tim.o(i.TIM_OC4_SetConfig)
    TX_Mode                                  0x08007755   Thumb Code   122  nrf24l01.o(i.TX_Mode)
    UART_AdvFeatureConfig                    0x080077e1   Thumb Code   200  stm32h7xx_hal_uart.o(i.UART_AdvFeatureConfig)
    UART_CheckIdleState                      0x080078a9   Thumb Code    92  stm32h7xx_hal_uart.o(i.UART_CheckIdleState)
    UART_SetConfig                           0x080079ad   Thumb Code  1186  stm32h7xx_hal_uart.o(i.UART_SetConfig)
    UART_WaitOnFlagUntilTimeout              0x08007ec9   Thumb Code    98  stm32h7xx_hal_uart.o(i.UART_WaitOnFlagUntilTimeout)
    USART3_IRQHandler                        0x08007f2d   Thumb Code     6  stm32h7xx_it.o(i.USART3_IRQHandler)
    UsageFault_Handler                       0x08007f39   Thumb Code     2  stm32h7xx_it.o(i.UsageFault_Handler)
    __hardfp_sqrt                            0x08007f5b   Thumb Code   102  sqrt.o(i.__hardfp_sqrt)
    dribber                                  0x08007fc1   Thumb Code    28  main.o(i.dribber)
    main                                     0x08007fe1   Thumb Code   208  main.o(i.main)
    motion_planner                           0x080080c5   Thumb Code   428  main.o(i.motion_planner)
    pack                                     0x0800827d   Thumb Code    32  main.o(i.pack)
    unpack                                   0x080082a1   Thumb Code   452  main.o(i.unpack)
    _fp_init                                 0x08008469   Thumb Code    10  fpinit.o(x$fpl$fpinit)
    __fplib_config_fpu_vfp                   0x08008471   Thumb Code     0  fpinit.o(x$fpl$fpinit)
    __fplib_config_pureend_doubles           0x08008471   Thumb Code     0  fpinit.o(x$fpl$fpinit)
    TX_ADDRESS                               0x08008472   Data           5  nrf24l01.o(.constdata)
    __I$use$fp                               0x08008472   Number         0  usenofp.o(x$fpl$usenofp)
    RX_ADDRESS                               0x08008477   Data           5  nrf24l01.o(.constdata)
    D1CorePrescTable                         0x0800849c   Data          16  system_stm32h7xx.o(.constdata)
    Region$$Table$$Base                      0x080084ac   Number         0  anon$$obj.o(Region$$Table)
    Region$$Table$$Limit                     0x080084cc   Number         0  anon$$obj.o(Region$$Table)
    bandwidth                                0x24000000   Data           1  nrf24l01.o(.data)
    robot_set                                0x24000008   Data           1  main.o(.data)
    Comm_Down_Flag                           0x24000009   Data           1  main.o(.data)
    Robot_Status                             0x2400000a   Data           1  main.o(.data)
    Last_Robot_Status                        0x2400000b   Data           1  main.o(.data)
    Left_Report_Package                      0x2400000c   Data           1  main.o(.data)
    AD_Battery_i                             0x2400000d   Data           1  main.o(.data)
    acc_set                                  0x2400000e   Data           1  main.o(.data)
    received_packet_flag                     0x2400000f   Data           1  main.o(.data)
    tx_freq                                  0x24000010   Data           1  main.o(.data)
    tx_mode                                  0x24000011   Data           1  main.o(.data)
    rx_freq                                  0x24000012   Data           1  main.o(.data)
    robot_num                                0x24000013   Data           1  main.o(.data)
    Robot_Is_Infrared                        0x24000014   Data           1  main.o(.data)
    Robot_Is_Boot_charged                    0x24000015   Data           1  main.o(.data)
    Robot_drib                               0x24000016   Data           1  main.o(.data)
    Robot_Chip_Or_Shoot                      0x24000017   Data           1  main.o(.data)
    Robot_Is_Shoot                           0x24000018   Data           1  main.o(.data)
    Robot_Is_Chip                            0x24000019   Data           1  main.o(.data)
    Robot_Boot_Power                         0x2400001a   Data           1  main.o(.data)
    Vx_package                               0x2400001c   Data           2  main.o(.data)
    Vy_package                               0x2400001e   Data           2  main.o(.data)
    Vr_package                               0x24000020   Data           2  main.o(.data)
    Vx_package_last                          0x24000022   Data           2  main.o(.data)
    Vy_package_last                          0x24000024   Data           2  main.o(.data)
    Vr_package_last                          0x24000026   Data           2  main.o(.data)
    acc_r_set                                0x24000028   Data           2  main.o(.data)
    Received_packet                          0x2400002a   Data           2  main.o(.data)
    transmitted_packet                       0x2400002c   Data           2  main.o(.data)
    heart_toggle_flag                        0x2400002e   Data           2  main.o(.data)
    chipshoot_timerdelay_flag                0x24000030   Data           2  main.o(.data)
    drib_power                               0x24000032   Data           2  main.o(.data)
    AD_Battery                               0x24000034   Data           4  main.o(.data)
    AD_Battery_Last                          0x24000038   Data           4  main.o(.data)
    AD_Boot_Cap                              0x2400003c   Data           4  main.o(.data)
    Total_Missed_Package_Num                 0x24000040   Data           4  main.o(.data)
    Period_2ms_Since_Last_Zero_Motion_Planner 0x24000044   Data           4  main.o(.data)
    Encoder_count_Motor1                     0x24000048   Data           4  main.o(.data)
    Encoder_count_Motor2                     0x2400004c   Data           4  main.o(.data)
    Encoder_count_Motor3                     0x24000050   Data           4  main.o(.data)
    Encoder_count_Motor4                     0x24000054   Data           4  main.o(.data)
    Vel_Motor1                               0x24000058   Data           4  main.o(.data)
    Vel_Now_Motor1                           0x2400005c   Data           4  main.o(.data)
    Vel_Motor2                               0x24000060   Data           4  main.o(.data)
    Vel_Now_Motor2                           0x24000064   Data           4  main.o(.data)
    Vel_Motor3                               0x24000068   Data           4  main.o(.data)
    Vel_Now_Motor3                           0x2400006c   Data           4  main.o(.data)
    Vel_Motor4                               0x24000070   Data           4  main.o(.data)
    Vel_Now_Motor4                           0x24000074   Data           4  main.o(.data)
    PID_I_Limit                              0x24000078   Data           4  main.o(.data)
    Motor_EK_Motor1                          0x2400007c   Data           4  main.o(.data)
    Motor_EK_Motor2                          0x24000080   Data           4  main.o(.data)
    Motor_EK_Motor3                          0x24000084   Data           4  main.o(.data)
    Motor_EK_Motor4                          0x24000088   Data           4  main.o(.data)
    Motor_KS_Motor1                          0x2400008c   Data           4  main.o(.data)
    Motor_KS_Motor2                          0x24000090   Data           4  main.o(.data)
    Motor_KS_Motor3                          0x24000094   Data           4  main.o(.data)
    Motor_KS_Motor4                          0x24000098   Data           4  main.o(.data)
    AD_Boot_Cap_Last                         0x2400009c   Data           4  main.o(.data)
    PWM_Pulse_Motor1_value                   0x240000a0   Data           4  main.o(.data)
    PWM_Pulse_Motor2_value                   0x240000a4   Data           4  main.o(.data)
    PWM_Pulse_Motor3_value                   0x240000a8   Data           4  main.o(.data)
    PWM_Pulse_Motor4_value                   0x240000ac   Data           4  main.o(.data)
    drib_power_set                           0x240000b0   Data           8  main.o(.data)
    Vel_k2                                   0x240000b8   Data           8  main.o(.data)
    TX_Packet                                0x240000c0   Data          25  main.o(.data)
    sin_angle                                0x240000e0   Data          32  main.o(.data)
    cos_angle                                0x24000100   Data          32  main.o(.data)
    SystemCoreClock                          0x2400012c   Data           4  system_stm32h7xx.o(.data)
    SystemD2Clock                            0x24000130   Data           4  system_stm32h7xx.o(.data)
    ADC_value                                0x24000134   Data          64  main.o(.bss)
    RX_Packet                                0x24000174   Data          25  main.o(.bss)
    hadc1                                    0x24000190   Data         100  adc.o(.bss)
    hdma_adc1                                0x240001f4   Data         120  adc.o(.bss)
    hhrtim                                   0x2400026c   Data         220  hrtim.o(.bss)
    hi2c2                                    0x24000348   Data          76  i2c.o(.bss)
    hi2c3                                    0x24000394   Data          76  i2c.o(.bss)
    hi2c4                                    0x240003e0   Data          76  i2c.o(.bss)
    hdma_i2c3_tx                             0x2400042c   Data         120  i2c.o(.bss)
    hdma_i2c3_rx                             0x240004a4   Data         120  i2c.o(.bss)
    hspi1                                    0x2400051c   Data         136  spi.o(.bss)
    hspi2                                    0x240005a4   Data         136  spi.o(.bss)
    hdma_spi1_rx                             0x2400062c   Data         120  spi.o(.bss)
    hdma_spi1_tx                             0x240006a4   Data         120  spi.o(.bss)
    hdma_spi2_rx                             0x2400071c   Data         120  spi.o(.bss)
    hdma_spi2_tx                             0x24000794   Data         120  spi.o(.bss)
    htim1                                    0x2400080c   Data          64  tim.o(.bss)
    htim2                                    0x2400084c   Data          64  tim.o(.bss)
    htim3                                    0x2400088c   Data          64  tim.o(.bss)
    htim4                                    0x240008cc   Data          64  tim.o(.bss)
    htim5                                    0x2400090c   Data          64  tim.o(.bss)
    htim12                                   0x2400094c   Data          64  tim.o(.bss)
    htim14                                   0x2400098c   Data          64  tim.o(.bss)
    htim15                                   0x240009cc   Data          64  tim.o(.bss)
    htim16                                   0x24000a0c   Data          64  tim.o(.bss)
    huart3                                   0x24000a4c   Data         128  usart.o(.bss)
    hdma_usart3_tx                           0x24000acc   Data         120  usart.o(.bss)
    __libspace_start                         0x24000b44   Data          96  libspace.o(.bss)
    __temporary_stack_top$libspace           0x24000ba4   Data           0  libspace.o(.bss)



==============================================================================

Memory Map of the image

  Image Entry point : 0x08000299

  Load Region LR_IROM1 (Base: 0x08000000, Size: 0x00008600, Max: 0x00200000, ABSOLUTE, COMPRESSED[0x00008520])

    Execution Region ER_IROM1 (Exec base: 0x08000000, Load base: 0x08000000, Size: 0x000084cc, Max: 0x00200000, ABSOLUTE)

    Exec Addr    Load Addr    Size         Type   Attr      Idx    E Section Name        Object

    0x08000000   0x08000000   0x00000298   Data   RO            3    RESET               startup_stm32h743xx.o
    0x08000298   0x08000298   0x00000008   Code   RO         6135  * !!!main             c_w.l(__main.o)
    0x080002a0   0x080002a0   0x00000034   Code   RO         6324    !!!scatter          c_w.l(__scatter.o)
    0x080002d4   0x080002d4   0x0000005a   Code   RO         6322    !!dczerorl2         c_w.l(__dczerorl2.o)
    0x0800032e   0x0800032e   0x00000002   PAD
    0x08000330   0x08000330   0x0000001c   Code   RO         6326    !!handler_zi        c_w.l(__scatter_zi.o)
    0x0800034c   0x0800034c   0x00000002   Code   RO         6195    .ARM.Collect$$libinit$$00000000  c_w.l(libinit.o)
    0x0800034e   0x0800034e   0x00000004   Code   RO         6204    .ARM.Collect$$libinit$$00000001  c_w.l(libinit2.o)
    0x08000352   0x08000352   0x00000000   Code   RO         6207    .ARM.Collect$$libinit$$00000004  c_w.l(libinit2.o)
    0x08000352   0x08000352   0x00000000   Code   RO         6210    .ARM.Collect$$libinit$$0000000A  c_w.l(libinit2.o)
    0x08000352   0x08000352   0x00000000   Code   RO         6212    .ARM.Collect$$libinit$$0000000C  c_w.l(libinit2.o)
    0x08000352   0x08000352   0x00000000   Code   RO         6214    .ARM.Collect$$libinit$$0000000E  c_w.l(libinit2.o)
    0x08000352   0x08000352   0x00000000   Code   RO         6217    .ARM.Collect$$libinit$$00000011  c_w.l(libinit2.o)
    0x08000352   0x08000352   0x00000000   Code   RO         6219    .ARM.Collect$$libinit$$00000013  c_w.l(libinit2.o)
    0x08000352   0x08000352   0x00000000   Code   RO         6221    .ARM.Collect$$libinit$$00000015  c_w.l(libinit2.o)
    0x08000352   0x08000352   0x00000000   Code   RO         6223    .ARM.Collect$$libinit$$00000017  c_w.l(libinit2.o)
    0x08000352   0x08000352   0x00000000   Code   RO         6225    .ARM.Collect$$libinit$$00000019  c_w.l(libinit2.o)
    0x08000352   0x08000352   0x00000000   Code   RO         6227    .ARM.Collect$$libinit$$0000001B  c_w.l(libinit2.o)
    0x08000352   0x08000352   0x00000000   Code   RO         6229    .ARM.Collect$$libinit$$0000001D  c_w.l(libinit2.o)
    0x08000352   0x08000352   0x00000000   Code   RO         6231    .ARM.Collect$$libinit$$0000001F  c_w.l(libinit2.o)
    0x08000352   0x08000352   0x00000000   Code   RO         6233    .ARM.Collect$$libinit$$00000021  c_w.l(libinit2.o)
    0x08000352   0x08000352   0x00000000   Code   RO         6235    .ARM.Collect$$libinit$$00000023  c_w.l(libinit2.o)
    0x08000352   0x08000352   0x00000000   Code   RO         6237    .ARM.Collect$$libinit$$00000025  c_w.l(libinit2.o)
    0x08000352   0x08000352   0x00000000   Code   RO         6241    .ARM.Collect$$libinit$$0000002C  c_w.l(libinit2.o)
    0x08000352   0x08000352   0x00000000   Code   RO         6243    .ARM.Collect$$libinit$$0000002E  c_w.l(libinit2.o)
    0x08000352   0x08000352   0x00000000   Code   RO         6245    .ARM.Collect$$libinit$$00000030  c_w.l(libinit2.o)
    0x08000352   0x08000352   0x00000000   Code   RO         6247    .ARM.Collect$$libinit$$00000032  c_w.l(libinit2.o)
    0x08000352   0x08000352   0x00000002   Code   RO         6248    .ARM.Collect$$libinit$$00000033  c_w.l(libinit2.o)
    0x08000354   0x08000354   0x00000002   Code   RO         6279    .ARM.Collect$$libshutdown$$00000000  c_w.l(libshutdown.o)
    0x08000356   0x08000356   0x00000000   Code   RO         6305    .ARM.Collect$$libshutdown$$00000002  c_w.l(libshutdown2.o)
    0x08000356   0x08000356   0x00000000   Code   RO         6307    .ARM.Collect$$libshutdown$$00000004  c_w.l(libshutdown2.o)
    0x08000356   0x08000356   0x00000000   Code   RO         6310    .ARM.Collect$$libshutdown$$00000007  c_w.l(libshutdown2.o)
    0x08000356   0x08000356   0x00000000   Code   RO         6313    .ARM.Collect$$libshutdown$$0000000A  c_w.l(libshutdown2.o)
    0x08000356   0x08000356   0x00000000   Code   RO         6315    .ARM.Collect$$libshutdown$$0000000C  c_w.l(libshutdown2.o)
    0x08000356   0x08000356   0x00000000   Code   RO         6318    .ARM.Collect$$libshutdown$$0000000F  c_w.l(libshutdown2.o)
    0x08000356   0x08000356   0x00000002   Code   RO         6319    .ARM.Collect$$libshutdown$$00000010  c_w.l(libshutdown2.o)
    0x08000358   0x08000358   0x00000000   Code   RO         6149    .ARM.Collect$$rtentry$$00000000  c_w.l(__rtentry.o)
    0x08000358   0x08000358   0x00000000   Code   RO         6158    .ARM.Collect$$rtentry$$00000002  c_w.l(__rtentry2.o)
    0x08000358   0x08000358   0x00000006   Code   RO         6170    .ARM.Collect$$rtentry$$00000004  c_w.l(__rtentry4.o)
    0x0800035e   0x0800035e   0x00000000   Code   RO         6160    .ARM.Collect$$rtentry$$00000009  c_w.l(__rtentry2.o)
    0x0800035e   0x0800035e   0x00000004   Code   RO         6161    .ARM.Collect$$rtentry$$0000000A  c_w.l(__rtentry2.o)
    0x08000362   0x08000362   0x00000000   Code   RO         6163    .ARM.Collect$$rtentry$$0000000C  c_w.l(__rtentry2.o)
    0x08000362   0x08000362   0x00000008   Code   RO         6164    .ARM.Collect$$rtentry$$0000000D  c_w.l(__rtentry2.o)
    0x0800036a   0x0800036a   0x00000002   Code   RO         6196    .ARM.Collect$$rtexit$$00000000  c_w.l(rtexit.o)
    0x0800036c   0x0800036c   0x00000000   Code   RO         6252    .ARM.Collect$$rtexit$$00000002  c_w.l(rtexit2.o)
    0x0800036c   0x0800036c   0x00000004   Code   RO         6253    .ARM.Collect$$rtexit$$00000003  c_w.l(rtexit2.o)
    0x08000370   0x08000370   0x00000006   Code   RO         6254    .ARM.Collect$$rtexit$$00000004  c_w.l(rtexit2.o)
    0x08000376   0x08000376   0x00000002   PAD
    0x08000378   0x08000378   0x00000040   Code   RO            4    .text               startup_stm32h743xx.o
    0x080003b8   0x080003b8   0x000000ee   Code   RO         6127    .text               c_w.l(lludivv7m.o)
    0x080004a6   0x080004a6   0x00000044   Code   RO         6129    .text               c_w.l(rt_memclr.o)
    0x080004ea   0x080004ea   0x0000004e   Code   RO         6131    .text               c_w.l(rt_memclr_w.o)
    0x08000538   0x08000538   0x00000006   Code   RO         6133    .text               c_w.l(heapauxi.o)
    0x0800053e   0x0800053e   0x00000016   Code   RO         6154    .text               c_w.l(_rserrno.o)
    0x08000554   0x08000554   0x00000008   Code   RO         6177    .text               c_w.l(rt_errno_addr_intlibspace.o)
    0x0800055c   0x0800055c   0x00000008   Code   RO         6179    .text               c_w.l(libspace.o)
    0x08000564   0x08000564   0x0000004a   Code   RO         6182    .text               c_w.l(sys_stackheap_outer.o)
    0x080005ae   0x080005ae   0x00000012   Code   RO         6184    .text               c_w.l(exit.o)
    0x080005c0   0x080005c0   0x0000000c   Code   RO         6249    .text               c_w.l(sys_exit.o)
    0x080005cc   0x080005cc   0x00000002   Code   RO         6268    .text               c_w.l(use_no_semi.o)
    0x080005ce   0x080005ce   0x00000000   Code   RO         6270    .text               c_w.l(indicate_semi.o)
    0x080005ce   0x080005ce   0x00000058   Code   RO         1080    i.ADC_DMAConvCplt   stm32h7xx_hal_adc.o
    0x08000626   0x08000626   0x0000001a   Code   RO         1081    i.ADC_DMAError      stm32h7xx_hal_adc.o
    0x08000640   0x08000640   0x0000000a   Code   RO         1082    i.ADC_DMAHalfConvCplt  stm32h7xx_hal_adc.o
    0x0800064a   0x0800064a   0x00000002   PAD
    0x0800064c   0x0800064c   0x00000068   Code   RO         1084    i.ADC_Enable        stm32h7xx_hal_adc.o
    0x080006b4   0x080006b4   0x0000000c   Code   RO          901    i.ADC_IRQHandler    stm32h7xx_it.o
    0x080006c0   0x080006c0   0x00000002   Code   RO          902    i.BusFault_Handler  stm32h7xx_it.o
    0x080006c2   0x080006c2   0x00000002   PAD
    0x080006c4   0x080006c4   0x00000010   Code   RO          303    i.Buzzer_Off        main.o
    0x080006d4   0x080006d4   0x00000010   Code   RO          304    i.Buzzer_Ring       main.o
    0x080006e4   0x080006e4   0x0000000c   Code   RO          903    i.DMA1_Stream0_IRQHandler  stm32h7xx_it.o
    0x080006f0   0x080006f0   0x0000000c   Code   RO          904    i.DMA1_Stream1_IRQHandler  stm32h7xx_it.o
    0x080006fc   0x080006fc   0x0000000c   Code   RO          905    i.DMA1_Stream2_IRQHandler  stm32h7xx_it.o
    0x08000708   0x08000708   0x0000000c   Code   RO          906    i.DMA1_Stream3_IRQHandler  stm32h7xx_it.o
    0x08000714   0x08000714   0x0000000c   Code   RO          907    i.DMA1_Stream4_IRQHandler  stm32h7xx_it.o
    0x08000720   0x08000720   0x0000000c   Code   RO          908    i.DMA1_Stream5_IRQHandler  stm32h7xx_it.o
    0x0800072c   0x0800072c   0x0000000c   Code   RO          909    i.DMA2_Stream0_IRQHandler  stm32h7xx_it.o
    0x08000738   0x08000738   0x0000000c   Code   RO          910    i.DMA2_Stream1_IRQHandler  stm32h7xx_it.o
    0x08000744   0x08000744   0x00000028   Code   RO         5075    i.DMA_CalcBaseAndBitshift  stm32h7xx_hal_dma.o
    0x0800076c   0x0800076c   0x0000005c   Code   RO         5076    i.DMA_CalcDMAMUXChannelBaseAndMask  stm32h7xx_hal_dma.o
    0x080007c8   0x080007c8   0x00000044   Code   RO         5077    i.DMA_CalcDMAMUXRequestGenBaseAndMask  stm32h7xx_hal_dma.o
    0x0800080c   0x0800080c   0x00000054   Code   RO         5078    i.DMA_CheckFifoParam  stm32h7xx_hal_dma.o
    0x08000860   0x08000860   0x00000078   Code   RO         5079    i.DMA_SetConfig     stm32h7xx_hal_dma.o
    0x080008d8   0x080008d8   0x00000002   Code   RO          911    i.DebugMon_Handler  stm32h7xx_it.o
    0x080008da   0x080008da   0x00000002   Code   RO          305    i.Error_Handler     main.o
    0x080008dc   0x080008dc   0x00000002   Code   RO         1271    i.HAL_ADCEx_EndOfSamplingCallback  stm32h7xx_hal_adc_ex.o
    0x080008de   0x080008de   0x00000002   Code   RO         1274    i.HAL_ADCEx_InjectedConvCpltCallback  stm32h7xx_hal_adc_ex.o
    0x080008e0   0x080008e0   0x00000002   Code   RO         1277    i.HAL_ADCEx_InjectedQueueOverflowCallback  stm32h7xx_hal_adc_ex.o
    0x080008e2   0x080008e2   0x00000002   Code   RO         1282    i.HAL_ADCEx_LevelOutOfWindow2Callback  stm32h7xx_hal_adc_ex.o
    0x080008e4   0x080008e4   0x00000002   Code   RO         1283    i.HAL_ADCEx_LevelOutOfWindow3Callback  stm32h7xx_hal_adc_ex.o
    0x080008e6   0x080008e6   0x00000002   PAD
    0x080008e8   0x080008e8   0x000000e8   Code   RO         1286    i.HAL_ADCEx_MultiModeConfigChannel  stm32h7xx_hal_adc_ex.o
    0x080009d0   0x080009d0   0x00000528   Code   RO         1086    i.HAL_ADC_ConfigChannel  stm32h7xx_hal_adc.o
    0x08000ef8   0x08000ef8   0x00000002   Code   RO         1087    i.HAL_ADC_ConvCpltCallback  stm32h7xx_hal_adc.o
    0x08000efa   0x08000efa   0x00000002   Code   RO         1088    i.HAL_ADC_ConvHalfCpltCallback  stm32h7xx_hal_adc.o
    0x08000efc   0x08000efc   0x00000002   Code   RO         1090    i.HAL_ADC_ErrorCallback  stm32h7xx_hal_adc.o
    0x08000efe   0x08000efe   0x00000002   PAD
    0x08000f00   0x08000f00   0x000002a8   Code   RO         1094    i.HAL_ADC_IRQHandler  stm32h7xx_hal_adc.o
    0x080011a8   0x080011a8   0x00000260   Code   RO         1095    i.HAL_ADC_Init      stm32h7xx_hal_adc.o
    0x08001408   0x08001408   0x00000002   Code   RO         1096    i.HAL_ADC_LevelOutOfWindowCallback  stm32h7xx_hal_adc.o
    0x0800140a   0x0800140a   0x00000002   PAD
    0x0800140c   0x0800140c   0x000000d0   Code   RO          512    i.HAL_ADC_MspInit   adc.o
    0x080014dc   0x080014dc   0x00000100   Code   RO         1102    i.HAL_ADC_Start_DMA  stm32h7xx_hal_adc.o
    0x080015dc   0x080015dc   0x0000009c   Code   RO         5194    i.HAL_DMAEx_ConfigMuxSync  stm32h7xx_hal_dma_ex.o
    0x08001678   0x08001678   0x00000094   Code   RO         5081    i.HAL_DMA_Abort_IT  stm32h7xx_hal_dma.o
    0x0800170c   0x0800170c   0x000002c0   Code   RO         5085    i.HAL_DMA_IRQHandler  stm32h7xx_hal_dma.o
    0x080019cc   0x080019cc   0x00000194   Code   RO         5086    i.HAL_DMA_Init      stm32h7xx_hal_dma.o
    0x08001b60   0x08001b60   0x000000d0   Code   RO         5090    i.HAL_DMA_Start_IT  stm32h7xx_hal_dma.o
    0x08001c30   0x08001c30   0x00000024   Code   RO         5783    i.HAL_Delay         stm32h7xx_hal.o
    0x08001c54   0x08001c54   0x000001e8   Code   RO         4928    i.HAL_GPIO_Init     stm32h7xx_hal_gpio.o
    0x08001e3c   0x08001e3c   0x0000000a   Code   RO         4930    i.HAL_GPIO_ReadPin  stm32h7xx_hal_gpio.o
    0x08001e46   0x08001e46   0x00000008   Code   RO         4931    i.HAL_GPIO_TogglePin  stm32h7xx_hal_gpio.o
    0x08001e4e   0x08001e4e   0x0000000a   Code   RO         4932    i.HAL_GPIO_WritePin  stm32h7xx_hal_gpio.o
    0x08001e58   0x08001e58   0x0000000c   Code   RO         5799    i.HAL_GetTick       stm32h7xx_hal.o
    0x08001e64   0x08001e64   0x000000bc   Code   RO         1636    i.HAL_HRTIM_Init    stm32h7xx_hal_hrtim.o
    0x08001f20   0x08001f20   0x00000028   Code   RO          578    i.HAL_HRTIM_MspInit  hrtim.o
    0x08001f48   0x08001f48   0x0000007c   Code   RO          579    i.HAL_HRTIM_MspPostInit  hrtim.o
    0x08001fc4   0x08001fc4   0x0000007a   Code   RO         1682    i.HAL_HRTIM_TimeBaseConfig  stm32h7xx_hal_hrtim.o
    0x0800203e   0x0800203e   0x00000118   Code   RO         1687    i.HAL_HRTIM_WaveformCompareConfig  stm32h7xx_hal_hrtim.o
    0x08002156   0x08002156   0x0000002e   Code   RO         1688    i.HAL_HRTIM_WaveformCounterStart  stm32h7xx_hal_hrtim.o
    0x08002184   0x08002184   0x00000036   Code   RO         1696    i.HAL_HRTIM_WaveformOutputConfig  stm32h7xx_hal_hrtim.o
    0x080021ba   0x080021ba   0x00000032   Code   RO         1697    i.HAL_HRTIM_WaveformOutputStart  stm32h7xx_hal_hrtim.o
    0x080021ec   0x080021ec   0x000000ba   Code   RO         1700    i.HAL_HRTIM_WaveformTimerConfig  stm32h7xx_hal_hrtim.o
    0x080022a6   0x080022a6   0x00000056   Code   RO         2743    i.HAL_I2CEx_ConfigAnalogFilter  stm32h7xx_hal_i2c_ex.o
    0x080022fc   0x080022fc   0x00000052   Code   RO         2744    i.HAL_I2CEx_ConfigDigitalFilter  stm32h7xx_hal_i2c_ex.o
    0x0800234e   0x0800234e   0x00000002   PAD
    0x08002350   0x08002350   0x000000b8   Code   RO         2326    i.HAL_I2C_Init      stm32h7xx_hal_i2c.o
    0x08002408   0x08002408   0x00000170   Code   RO         2342    i.HAL_I2C_Mem_Read  stm32h7xx_hal_i2c.o
    0x08002578   0x08002578   0x000001a4   Code   RO          626    i.HAL_I2C_MspInit   i2c.o
    0x0800271c   0x0800271c   0x00000010   Code   RO         5802    i.HAL_IncTick       stm32h7xx_hal.o
    0x0800272c   0x0800272c   0x0000001c   Code   RO         5803    i.HAL_Init          stm32h7xx_hal.o
    0x08002748   0x08002748   0x00000040   Code   RO         5804    i.HAL_InitTick      stm32h7xx_hal.o
    0x08002788   0x08002788   0x0000001c   Code   RO         1055    i.HAL_MspInit       stm32h7xx_hal_msp.o
    0x080027a4   0x080027a4   0x0000001a   Code   RO         1463    i.HAL_NVIC_EnableIRQ  stm32h7xx_hal_cortex.o
    0x080027be   0x080027be   0x00000002   PAD
    0x080027c0   0x080027c0   0x00000040   Code   RO         1469    i.HAL_NVIC_SetPriority  stm32h7xx_hal_cortex.o
    0x08002800   0x08002800   0x00000024   Code   RO         1470    i.HAL_NVIC_SetPriorityGrouping  stm32h7xx_hal_cortex.o
    0x08002824   0x08002824   0x00000034   Code   RO         4564    i.HAL_RCCEx_GetD1SysClockFreq  stm32h7xx_hal_rcc_ex.o
    0x08002858   0x08002858   0x0000002c   Code   RO         4565    i.HAL_RCCEx_GetD3PCLK1Freq  stm32h7xx_hal_rcc_ex.o
    0x08002884   0x08002884   0x000000fc   Code   RO         4567    i.HAL_RCCEx_GetPLL2ClockFreq  stm32h7xx_hal_rcc_ex.o
    0x08002980   0x08002980   0x000000fc   Code   RO         4568    i.HAL_RCCEx_GetPLL3ClockFreq  stm32h7xx_hal_rcc_ex.o
    0x08002a7c   0x08002a7c   0x000008b0   Code   RO         4572    i.HAL_RCCEx_PeriphCLKConfig  stm32h7xx_hal_rcc_ex.o
    0x0800332c   0x0800332c   0x000001d8   Code   RO         4457    i.HAL_RCC_ClockConfig  stm32h7xx_hal_rcc.o
    0x08003504   0x08003504   0x00000034   Code   RO         4461    i.HAL_RCC_GetHCLKFreq  stm32h7xx_hal_rcc.o
    0x08003538   0x08003538   0x0000002c   Code   RO         4463    i.HAL_RCC_GetPCLK1Freq  stm32h7xx_hal_rcc.o
    0x08003564   0x08003564   0x0000002c   Code   RO         4464    i.HAL_RCC_GetPCLK2Freq  stm32h7xx_hal_rcc.o
    0x08003590   0x08003590   0x000000f4   Code   RO         4465    i.HAL_RCC_GetSysClockFreq  stm32h7xx_hal_rcc.o
    0x08003684   0x08003684   0x00000498   Code   RO         4468    i.HAL_RCC_OscConfig  stm32h7xx_hal_rcc.o
    0x08003b1c   0x08003b1c   0x00000002   Code   RO         2804    i.HAL_SPI_ErrorCallback  stm32h7xx_hal_spi.o
    0x08003b1e   0x08003b1e   0x00000002   PAD
    0x08003b20   0x08003b20   0x000001fc   Code   RO         2807    i.HAL_SPI_IRQHandler  stm32h7xx_hal_spi.o
    0x08003d1c   0x08003d1c   0x00000138   Code   RO         2808    i.HAL_SPI_Init      stm32h7xx_hal_spi.o
    0x08003e54   0x08003e54   0x00000274   Code   RO          680    i.HAL_SPI_MspInit   spi.o
    0x080040c8   0x080040c8   0x0000021a   Code   RO         2811    i.HAL_SPI_Receive   stm32h7xx_hal_spi.o
    0x080042e2   0x080042e2   0x00000002   Code   RO         2814    i.HAL_SPI_RxCpltCallback  stm32h7xx_hal_spi.o
    0x080042e4   0x080042e4   0x00000220   Code   RO         2816    i.HAL_SPI_Transmit  stm32h7xx_hal_spi.o
    0x08004504   0x08004504   0x00000318   Code   RO         2817    i.HAL_SPI_TransmitReceive  stm32h7xx_hal_spi.o
    0x0800481c   0x0800481c   0x00000002   Code   RO         2822    i.HAL_SPI_TxCpltCallback  stm32h7xx_hal_spi.o
    0x0800481e   0x0800481e   0x00000002   Code   RO         2824    i.HAL_SPI_TxRxCpltCallback  stm32h7xx_hal_spi.o
    0x08004820   0x08004820   0x00000028   Code   RO         1474    i.HAL_SYSTICK_Config  stm32h7xx_hal_cortex.o
    0x08004848   0x08004848   0x00000002   Code   RO         3794    i.HAL_TIMEx_BreakCallback  stm32h7xx_hal_tim_ex.o
    0x0800484a   0x0800484a   0x00000002   Code   RO         3795    i.HAL_TIMEx_CommutationCallback  stm32h7xx_hal_tim_ex.o
    0x0800484c   0x0800484c   0x0000008c   Code   RO         3796    i.HAL_TIMEx_ConfigBreakDeadTime  stm32h7xx_hal_tim_ex.o
    0x080048d8   0x080048d8   0x00000058   Code   RO         3813    i.HAL_TIMEx_MasterConfigSynchronization  stm32h7xx_hal_tim_ex.o
    0x08004930   0x08004930   0x00000036   Code   RO         3152    i.HAL_TIM_Base_Init  stm32h7xx_hal_tim.o
    0x08004966   0x08004966   0x00000002   PAD
    0x08004968   0x08004968   0x00000044   Code   RO          728    i.HAL_TIM_Base_MspInit  tim.o
    0x080049ac   0x080049ac   0x00000018   Code   RO         3157    i.HAL_TIM_Base_Start_IT  stm32h7xx_hal_tim.o
    0x080049c4   0x080049c4   0x0000009c   Code   RO         3170    i.HAL_TIM_Encoder_Init  stm32h7xx_hal_tim.o
    0x08004a60   0x08004a60   0x00000124   Code   RO          730    i.HAL_TIM_Encoder_MspInit  tim.o
    0x08004b84   0x08004b84   0x00000032   Code   RO         3173    i.HAL_TIM_Encoder_Start  stm32h7xx_hal_tim.o
    0x08004bb6   0x08004bb6   0x00000002   Code   RO         3181    i.HAL_TIM_IC_CaptureCallback  stm32h7xx_hal_tim.o
    0x08004bb8   0x08004bb8   0x00000180   Code   RO         3194    i.HAL_TIM_IRQHandler  stm32h7xx_hal_tim.o
    0x08004d38   0x08004d38   0x00000108   Code   RO          731    i.HAL_TIM_MspPostInit  tim.o
    0x08004e40   0x08004e40   0x00000072   Code   RO         3195    i.HAL_TIM_OC_ConfigChannel  stm32h7xx_hal_tim.o
    0x08004eb2   0x08004eb2   0x00000002   Code   RO         3197    i.HAL_TIM_OC_DelayElapsedCallback  stm32h7xx_hal_tim.o
    0x08004eb4   0x08004eb4   0x00000036   Code   RO         3199    i.HAL_TIM_OC_Init   stm32h7xx_hal_tim.o
    0x08004eea   0x08004eea   0x00000002   PAD
    0x08004eec   0x08004eec   0x0000003c   Code   RO          733    i.HAL_TIM_OC_MspInit  tim.o
    0x08004f28   0x08004f28   0x0000004a   Code   RO         3211    i.HAL_TIM_OnePulse_Init  stm32h7xx_hal_tim.o
    0x08004f72   0x08004f72   0x00000002   Code   RO         3213    i.HAL_TIM_OnePulse_MspInit  stm32h7xx_hal_tim.o
    0x08004f74   0x08004f74   0x00000128   Code   RO         3218    i.HAL_TIM_PWM_ConfigChannel  stm32h7xx_hal_tim.o
    0x0800509c   0x0800509c   0x00000036   Code   RO         3221    i.HAL_TIM_PWM_Init  stm32h7xx_hal_tim.o
    0x080050d2   0x080050d2   0x00000002   PAD
    0x080050d4   0x080050d4   0x00000044   Code   RO          735    i.HAL_TIM_PWM_MspInit  tim.o
    0x08005118   0x08005118   0x00000002   Code   RO         3224    i.HAL_TIM_PWM_PulseFinishedCallback  stm32h7xx_hal_tim.o
    0x0800511a   0x0800511a   0x00000002   PAD
    0x0800511c   0x0800511c   0x00000058   Code   RO         3225    i.HAL_TIM_PWM_Start  stm32h7xx_hal_tim.o
    0x08005174   0x08005174   0x00000380   Code   RO          306    i.HAL_TIM_PeriodElapsedCallback  main.o
    0x080054f4   0x080054f4   0x00000002   Code   RO         3235    i.HAL_TIM_TriggerCallback  stm32h7xx_hal_tim.o
    0x080054f6   0x080054f6   0x00000002   Code   RO         4407    i.HAL_UARTEx_WakeupCallback  stm32h7xx_hal_uart_ex.o
    0x080054f8   0x080054f8   0x00000002   Code   RO         4073    i.HAL_UART_ErrorCallback  stm32h7xx_hal_uart.o
    0x080054fa   0x080054fa   0x00000002   PAD
    0x080054fc   0x080054fc   0x00000180   Code   RO         4076    i.HAL_UART_IRQHandler  stm32h7xx_hal_uart.o
    0x0800567c   0x0800567c   0x0000006a   Code   RO         4077    i.HAL_UART_Init     stm32h7xx_hal_uart.o
    0x080056e6   0x080056e6   0x00000002   PAD
    0x080056e8   0x080056e8   0x000000bc   Code   RO          860    i.HAL_UART_MspInit  usart.o
    0x080057a4   0x080057a4   0x00000002   Code   RO         4083    i.HAL_UART_RxCpltCallback  stm32h7xx_hal_uart.o
    0x080057a6   0x080057a6   0x00000002   Code   RO         4088    i.HAL_UART_TxCpltCallback  stm32h7xx_hal_uart.o
    0x080057a8   0x080057a8   0x0000005a   Code   RO         1707    i.HRTIM_ForceRegistersUpdate  stm32h7xx_hal_hrtim.o
    0x08005802   0x08005802   0x000000c6   Code   RO         1713    i.HRTIM_OutputConfig  stm32h7xx_hal_hrtim.o
    0x080058c8   0x080058c8   0x0000015e   Code   RO         1716    i.HRTIM_TimingUnitWaveform_Config  stm32h7xx_hal_hrtim.o
    0x08005a26   0x08005a26   0x00000002   Code   RO          912    i.HardFault_Handler  stm32h7xx_it.o
    0x08005a28   0x08005a28   0x00000022   Code   RO         2368    i.I2C_Flush_TXDR    stm32h7xx_hal_i2c.o
    0x08005a4a   0x08005a4a   0x00000002   PAD
    0x08005a4c   0x08005a4c   0x0000007c   Code   RO         2376    i.I2C_IsAcknowledgeFailed  stm32h7xx_hal_i2c.o
    0x08005ac8   0x08005ac8   0x00000070   Code   RO         2379    i.I2C_RequestMemoryRead  stm32h7xx_hal_i2c.o
    0x08005b38   0x08005b38   0x0000002c   Code   RO         2383    i.I2C_TransferConfig  stm32h7xx_hal_i2c.o
    0x08005b64   0x08005b64   0x00000052   Code   RO         2384    i.I2C_WaitOnFlagUntilTimeout  stm32h7xx_hal_i2c.o
    0x08005bb6   0x08005bb6   0x00000050   Code   RO         2386    i.I2C_WaitOnSTOPFlagUntilTimeout  stm32h7xx_hal_i2c.o
    0x08005c06   0x08005c06   0x00000054   Code   RO         2387    i.I2C_WaitOnTXISFlagUntilTimeout  stm32h7xx_hal_i2c.o
    0x08005c5a   0x08005c5a   0x00000002   PAD
    0x08005c5c   0x08005c5c   0x0000008c   Code   RO          307    i.Init_PCA9539      main.o
    0x08005ce8   0x08005ce8   0x000001b0   Code   RO          308    i.Init_Timers       main.o
    0x08005e98   0x08005e98   0x0000008c   Code   RO          309    i.Is_BatteryLow_BootCharged  main.o
    0x08005f24   0x08005f24   0x0000004c   Code   RO          310    i.Is_Infrared       main.o
    0x08005f70   0x08005f70   0x000000a0   Code   RO          513    i.MX_ADC1_Init      adc.o
    0x08006010   0x08006010   0x000000ac   Code   RO          553    i.MX_DMA_Init       dma.o
    0x080060bc   0x080060bc   0x0000024c   Code   RO          487    i.MX_GPIO_Init      gpio.o
    0x08006308   0x08006308   0x000001c4   Code   RO          580    i.MX_HRTIM_Init     hrtim.o
    0x080064cc   0x080064cc   0x00000058   Code   RO          627    i.MX_I2C2_Init      i2c.o
    0x08006524   0x08006524   0x00000058   Code   RO          628    i.MX_I2C3_Init      i2c.o
    0x0800657c   0x0800657c   0x00000058   Code   RO          629    i.MX_I2C4_Init      i2c.o
    0x080065d4   0x080065d4   0x0000005c   Code   RO          681    i.MX_SPI1_Init      spi.o
    0x08006630   0x08006630   0x0000005c   Code   RO          682    i.MX_SPI2_Init      spi.o
    0x0800668c   0x0800668c   0x0000007c   Code   RO          736    i.MX_TIM12_Init     tim.o
    0x08006708   0x08006708   0x00000064   Code   RO          737    i.MX_TIM14_Init     tim.o
    0x0800676c   0x0800676c   0x000000b8   Code   RO          738    i.MX_TIM15_Init     tim.o
    0x08006824   0x08006824   0x0000009c   Code   RO          739    i.MX_TIM16_Init     tim.o
    0x080068c0   0x080068c0   0x00000070   Code   RO          740    i.MX_TIM1_Init      tim.o
    0x08006930   0x08006930   0x0000006c   Code   RO          741    i.MX_TIM2_Init      tim.o
    0x0800699c   0x0800699c   0x0000006c   Code   RO          742    i.MX_TIM3_Init      tim.o
    0x08006a08   0x08006a08   0x0000006c   Code   RO          743    i.MX_TIM4_Init      tim.o
    0x08006a74   0x08006a74   0x0000006c   Code   RO          744    i.MX_TIM5_Init      tim.o
    0x08006ae0   0x08006ae0   0x00000044   Code   RO          861    i.MX_USART3_UART_Init  usart.o
    0x08006b24   0x08006b24   0x00000002   Code   RO          913    i.MemManage_Handler  stm32h7xx_it.o
    0x08006b26   0x08006b26   0x00000002   Code   RO          914    i.NMI_Handler       stm32h7xx_it.o
    0x08006b28   0x08006b28   0x00000040   Code   RO           14    i.NRF24L01_RX_Init  nrf24l01.o
    0x08006b68   0x08006b68   0x00000044   Code   RO           15    i.NRF24L01_RX_Read_Buf  nrf24l01.o
    0x08006bac   0x08006bac   0x0000004c   Code   RO           16    i.NRF24L01_RX_Read_Reg  nrf24l01.o
    0x08006bf8   0x08006bf8   0x00000050   Code   RO           17    i.NRF24L01_RX_Write_Buf  nrf24l01.o
    0x08006c48   0x08006c48   0x0000004c   Code   RO           18    i.NRF24L01_RX_Write_Reg  nrf24l01.o
    0x08006c94   0x08006c94   0x00000032   Code   RO           19    i.NRF24L01_RxPacket  nrf24l01.o
    0x08006cc6   0x08006cc6   0x00000002   PAD
    0x08006cc8   0x08006cc8   0x00000044   Code   RO           21    i.NRF24L01_TX_Init  nrf24l01.o
    0x08006d0c   0x08006d0c   0x00000050   Code   RO           24    i.NRF24L01_TX_Write_Buf  nrf24l01.o
    0x08006d5c   0x08006d5c   0x0000004c   Code   RO           25    i.NRF24L01_TX_Write_Reg  nrf24l01.o
    0x08006da8   0x08006da8   0x00000030   Code   RO           26    i.NRF24L01_TxPacket  nrf24l01.o
    0x08006dd8   0x08006dd8   0x00000002   Code   RO          915    i.PendSV_Handler    stm32h7xx_it.o
    0x08006dda   0x08006dda   0x00000002   PAD
    0x08006ddc   0x08006ddc   0x000000f0   Code   RO         4575    i.RCCEx_PLL2_Config  stm32h7xx_hal_rcc_ex.o
    0x08006ecc   0x08006ecc   0x000000f0   Code   RO         4576    i.RCCEx_PLL3_Config  stm32h7xx_hal_rcc_ex.o
    0x08006fbc   0x08006fbc   0x00000074   Code   RO           27    i.RX_Mode           nrf24l01.o
    0x08007030   0x08007030   0x0000000c   Code   RO          916    i.SPI1_IRQHandler   stm32h7xx_it.o
    0x0800703c   0x0800703c   0x0000000c   Code   RO          917    i.SPI2_IRQHandler   stm32h7xx_it.o
    0x08007048   0x08007048   0x000000bc   Code   RO         2833    i.SPI_CloseTransfer  stm32h7xx_hal_spi.o
    0x08007104   0x08007104   0x0000001a   Code   RO         2834    i.SPI_DMAAbortOnError  stm32h7xx_hal_spi.o
    0x0800711e   0x0800711e   0x00000040   Code   RO         2850    i.SPI_WaitOnFlagUntilTimeout  stm32h7xx_hal_spi.o
    0x0800715e   0x0800715e   0x00000002   Code   RO          918    i.SVC_Handler       stm32h7xx_it.o
    0x08007160   0x08007160   0x00000098   Code   RO          311    i.Shoot_Chip        main.o
    0x080071f8   0x080071f8   0x00000004   Code   RO          919    i.SysTick_Handler   stm32h7xx_it.o
    0x080071fc   0x080071fc   0x000000ec   Code   RO          312    i.SystemClock_Config  main.o
    0x080072e8   0x080072e8   0x00000090   Code   RO         6091    i.SystemInit        system_stm32h7xx.o
    0x08007378   0x08007378   0x0000000c   Code   RO          920    i.TIM5_IRQHandler   stm32h7xx_it.o
    0x08007384   0x08007384   0x000000c0   Code   RO         3236    i.TIM_Base_SetConfig  stm32h7xx_hal_tim.o
    0x08007444   0x08007444   0x00000016   Code   RO         3237    i.TIM_CCxChannelCmd  stm32h7xx_hal_tim.o
    0x0800745a   0x0800745a   0x00000002   PAD
    0x0800745c   0x0800745c   0x0000009c   Code   RO         3245    i.TIM_OC1_SetConfig  stm32h7xx_hal_tim.o
    0x080074f8   0x080074f8   0x00000090   Code   RO         3246    i.TIM_OC2_SetConfig  stm32h7xx_hal_tim.o
    0x08007588   0x08007588   0x00000088   Code   RO         3247    i.TIM_OC3_SetConfig  stm32h7xx_hal_tim.o
    0x08007610   0x08007610   0x0000006c   Code   RO         3248    i.TIM_OC4_SetConfig  stm32h7xx_hal_tim.o
    0x0800767c   0x0800767c   0x0000006c   Code   RO         3249    i.TIM_OC5_SetConfig  stm32h7xx_hal_tim.o
    0x080076e8   0x080076e8   0x0000006c   Code   RO         3250    i.TIM_OC6_SetConfig  stm32h7xx_hal_tim.o
    0x08007754   0x08007754   0x0000008c   Code   RO           28    i.TX_Mode           nrf24l01.o
    0x080077e0   0x080077e0   0x000000c8   Code   RO         4090    i.UART_AdvFeatureConfig  stm32h7xx_hal_uart.o
    0x080078a8   0x080078a8   0x0000005c   Code   RO         4091    i.UART_CheckIdleState  stm32h7xx_hal_uart.o
    0x08007904   0x08007904   0x00000014   Code   RO         4092    i.UART_DMAAbortOnError  stm32h7xx_hal_uart.o
    0x08007918   0x08007918   0x0000001c   Code   RO         4102    i.UART_EndRxTransfer  stm32h7xx_hal_uart.o
    0x08007934   0x08007934   0x00000076   Code   RO         4104    i.UART_Receive_IT   stm32h7xx_hal_uart.o
    0x080079aa   0x080079aa   0x00000002   PAD
    0x080079ac   0x080079ac   0x000004a8   Code   RO         4105    i.UART_SetConfig    stm32h7xx_hal_uart.o
    0x08007e54   0x08007e54   0x00000074   Code   RO         4106    i.UART_Transmit_IT  stm32h7xx_hal_uart.o
    0x08007ec8   0x08007ec8   0x00000062   Code   RO         4107    i.UART_WaitOnFlagUntilTimeout  stm32h7xx_hal_uart.o
    0x08007f2a   0x08007f2a   0x00000002   PAD
    0x08007f2c   0x08007f2c   0x0000000c   Code   RO          921    i.USART3_IRQHandler  stm32h7xx_it.o
    0x08007f38   0x08007f38   0x00000002   Code   RO          922    i.UsageFault_Handler  stm32h7xx_it.o
    0x08007f3a   0x08007f3a   0x00000020   Code   RO         1476    i.__NVIC_SetPriority  stm32h7xx_hal_cortex.o
    0x08007f5a   0x08007f5a   0x00000066   Code   RO         6137    i.__hardfp_sqrt     m_wv.l(sqrt.o)
    0x08007fc0   0x08007fc0   0x00000020   Code   RO          313    i.dribber           main.o
    0x08007fe0   0x08007fe0   0x000000e4   Code   RO          314    i.main              main.o
    0x080080c4   0x080080c4   0x000001b8   Code   RO          315    i.motion_planner    main.o
    0x0800827c   0x0800827c   0x00000024   Code   RO          316    i.pack              main.o
    0x080082a0   0x080082a0   0x000001c8   Code   RO          317    i.unpack            main.o
    0x08008468   0x08008468   0x0000000a   Code   RO         6264    x$fpl$fpinit        fz_wv.l(fpinit.o)
    0x08008472   0x08008472   0x00000000   Code   RO         6156    x$fpl$usenofp       fz_wv.l(usenofp.o)
    0x08008472   0x08008472   0x0000000a   Data   RO           29    .constdata          nrf24l01.o
    0x0800847c   0x0800847c   0x00000018   Data   RO         4108    .constdata          stm32h7xx_hal_uart.o
    0x08008494   0x08008494   0x00000008   Data   RO         5092    .constdata          stm32h7xx_hal_dma.o
    0x0800849c   0x0800849c   0x00000010   Data   RO         6092    .constdata          system_stm32h7xx.o
    0x080084ac   0x080084ac   0x00000020   Data   RO         6320    Region$$Table       anon$$obj.o


    Execution Region RW_IRAM2 (Exec base: 0x24000000, Load base: 0x080084cc, Size: 0x000011a8, Max: 0x00080000, ABSOLUTE, COMPRESSED[0x00000054])

    Exec Addr    Load Addr    Size         Type   Attr      Idx    E Section Name        Object

    0x24000000   COMPRESSED   0x00000001   Data   RW           33    .data               nrf24l01.o
    0x24000001   COMPRESSED   0x00000007   PAD
    0x24000008   COMPRESSED   0x00000118   Data   RW          326    .data               main.o
    0x24000120   COMPRESSED   0x0000000c   Data   RW         5825    .data               stm32h7xx_hal.o
    0x2400012c   COMPRESSED   0x00000004   Data   RW         6093    .data               system_stm32h7xx.o
    0x24000130   COMPRESSED   0x00000004   Data   RW         6094    .data               system_stm32h7xx.o
    0x24000134        -       0x00000059   Zero   RW          318    .bss                main.o
    0x2400018d   COMPRESSED   0x00000003   PAD
    0x24000190        -       0x000000dc   Zero   RW          514    .bss                adc.o
    0x2400026c        -       0x000000dc   Zero   RW          581    .bss                hrtim.o
    0x24000348        -       0x000001d4   Zero   RW          630    .bss                i2c.o
    0x2400051c        -       0x000002f0   Zero   RW          683    .bss                spi.o
    0x2400080c        -       0x00000240   Zero   RW          745    .bss                tim.o
    0x24000a4c        -       0x000000f8   Zero   RW          862    .bss                usart.o
    0x24000b44        -       0x00000060   Zero   RW         6180    .bss                c_w.l(libspace.o)
    0x24000ba4   COMPRESSED   0x00000004   PAD
    0x24000ba8        -       0x00000200   Zero   RW            2    HEAP                startup_stm32h743xx.o
    0x24000da8        -       0x00000400   Zero   RW            1    STACK               startup_stm32h743xx.o


==============================================================================

Image component sizes


      Code (inc. data)   RO Data    RW Data    ZI Data      Debug   Object Name

       368         36          0          0        220       1979   adc.o
       172          4          0          0          0        890   dma.o
       588         32          0          0          0       1303   gpio.o
       616         34          0          0        220       2765   hrtim.o
       684         72          0          0        468       3441   i2c.o
      3298        276          0        280         89      50686   main.o
       942        116         10          1          0    1364779   nrf24l01.o
       812         66          0          0        752       3094   spi.o
        64         26        664          0       1536        864   startup_stm32h743xx.o
       156         24          0         12          0       4146   stm32h7xx_hal.o
      3100        122          0          0          0      12057   stm32h7xx_hal_adc.o
       242         14          0          0          0       4992   stm32h7xx_hal_adc_ex.o
       198         14          0          0          0      38471   stm32h7xx_hal_cortex.o
      1868         96          8          0          0       9670   stm32h7xx_hal_dma.o
       156          0          0          0          0       1586   stm32h7xx_hal_dma_ex.o
       516         50          0          0          0       4104   stm32h7xx_hal_gpio.o
      1564         22          0          0          0      10992   stm32h7xx_hal_hrtim.o
      1112         28          0          0          0      10386   stm32h7xx_hal_i2c.o
       168          0          0          0          0       1983   stm32h7xx_hal_i2c_ex.o
        28          6          0          0          0        834   stm32h7xx_hal_msp.o
      2032        104          0          0          0       6596   stm32h7xx_hal_rcc.o
      3304        154          0          0          0       8463   stm32h7xx_hal_rcc_ex.o
      2980         20          0          0          0      12452   stm32h7xx_hal_spi.o
      2332        192          0          0          0      19875   stm32h7xx_hal_tim.o
       232         18          0          0          0       3726   stm32h7xx_hal_tim_ex.o
      2360        122         24          0          0      32804   stm32h7xx_hal_uart.o
         2          0          0          0          0       1072   stm32h7xx_hal_uart_ex.o
       176         78          0          0          0      10625   stm32h7xx_it.o
       144         18         16          8          0       1298   system_stm32h7xx.o
      1860        176          0          0        576      10441   tim.o
       256         30          0          0        248       1865   usart.o

    ----------------------------------------------------------------------
     32372       1950        754        308       4112    1638239   Object Totals
         0          0         32          0          0          0   (incl. Generated)
        42          0          0          7          3          0   (incl. Padding)

    ----------------------------------------------------------------------

      Code (inc. data)   RO Data    RW Data    ZI Data      Debug   Library Member Name

        90          0          0          0          0          0   __dczerorl2.o
         8          0          0          0          0         68   __main.o
         0          0          0          0          0          0   __rtentry.o
        12          0          0          0          0          0   __rtentry2.o
         6          0          0          0          0          0   __rtentry4.o
        52          8          0          0          0          0   __scatter.o
        28          0          0          0          0          0   __scatter_zi.o
        22          0          0          0          0        100   _rserrno.o
        18          0          0          0          0         80   exit.o
         6          0          0          0          0        152   heapauxi.o
         0          0          0          0          0          0   indicate_semi.o
         2          0          0          0          0          0   libinit.o
         6          0          0          0          0          0   libinit2.o
         2          0          0          0          0          0   libshutdown.o
         2          0          0          0          0          0   libshutdown2.o
         8          4          0          0         96         68   libspace.o
       238          0          0          0          0        100   lludivv7m.o
         8          4          0          0          0         68   rt_errno_addr_intlibspace.o
        68          0          0          0          0         68   rt_memclr.o
        78          0          0          0          0         80   rt_memclr_w.o
         2          0          0          0          0          0   rtexit.o
        10          0          0          0          0          0   rtexit2.o
        12          4          0          0          0         68   sys_exit.o
        74          0          0          0          0         80   sys_stackheap_outer.o
         2          0          0          0          0         68   use_no_semi.o
        10          0          0          0          0        116   fpinit.o
         0          0          0          0          0          0   usenofp.o
       102          0          0          0          0        140   sqrt.o

    ----------------------------------------------------------------------
       870         20          0          0        100       1256   Library Totals
         4          0          0          0          4          0   (incl. Padding)

    ----------------------------------------------------------------------

      Code (inc. data)   RO Data    RW Data    ZI Data      Debug   Library Name

       754         20          0          0         96       1000   c_w.l
        10          0          0          0          0        116   fz_wv.l
       102          0          0          0          0        140   m_wv.l

    ----------------------------------------------------------------------
       870         20          0          0        100       1256   Library Totals

    ----------------------------------------------------------------------

==============================================================================


      Code (inc. data)   RO Data    RW Data    ZI Data      Debug   

     33242       1970        754        308       4212    1618679   Grand Totals
     33242       1970        754         84       4212    1618679   ELF Image Totals (compressed)
     33242       1970        754         84          0          0   ROM Totals

==============================================================================

    Total RO  Size (Code + RO Data)                33996 (  33.20kB)
    Total RW  Size (RW Data + ZI Data)              4520 (   4.41kB)
    Total ROM Size (Code + RO Data + RW Data)      34080 (  33.28kB)

==============================================================================

